###############################################################################
#
# IAR ELF Linker V9.10.1.308/W64 for ARM                  20/Apr/2021  13:17:16
# Copyright 2007-2021 IAR Systems AB.
#
#    Output file  =
#        C:\Users\sebastian.cioata\Documents\Internship
#        2021\Projects\Project17_CAN_F767ZI\EWARM\Project17_CAN_F767ZI\Exe\Project17_CAN_F767ZI.out
#    Map file     =
#        C:\Users\sebastian.cioata\Documents\Internship
#        2021\Projects\Project17_CAN_F767ZI\EWARM\Project17_CAN_F767ZI\List\Project17_CAN_F767ZI.map
#    Command line =
#        -f "C:\Users\sebastian.cioata\Documents\Internship
#        2021\Projects\Project17_CAN_F767ZI\EWARM\Project17_CAN_F767ZI\Exe\Project17_CAN_F767ZI.out.rsp"
#        ("C:\Users\sebastian.cioata\Documents\Internship
#        2021\Projects\Project17_CAN_F767ZI\EWARM\Project17_CAN_F767ZI\Obj\Application\User\main.o"
#        "C:\Users\sebastian.cioata\Documents\Internship
#        2021\Projects\Project17_CAN_F767ZI\EWARM\Project17_CAN_F767ZI\Obj\Application\EWARM\startup_stm32f767xx.o"
#        "C:\Users\sebastian.cioata\Documents\Internship
#        2021\Projects\Project17_CAN_F767ZI\EWARM\Project17_CAN_F767ZI\Obj\Drivers\STM32F7xx_HAL_Driver\stm32f7xx_hal.o"
#        "C:\Users\sebastian.cioata\Documents\Internship
#        2021\Projects\Project17_CAN_F767ZI\EWARM\Project17_CAN_F767ZI\Obj\Drivers\STM32F7xx_HAL_Driver\stm32f7xx_hal_can.o"
#        "C:\Users\sebastian.cioata\Documents\Internship
#        2021\Projects\Project17_CAN_F767ZI\EWARM\Project17_CAN_F767ZI\Obj\Drivers\STM32F7xx_HAL_Driver\stm32f7xx_hal_cortex.o"
#        "C:\Users\sebastian.cioata\Documents\Internship
#        2021\Projects\Project17_CAN_F767ZI\EWARM\Project17_CAN_F767ZI\Obj\Drivers\STM32F7xx_HAL_Driver\stm32f7xx_hal_dma.o"
#        "C:\Users\sebastian.cioata\Documents\Internship
#        2021\Projects\Project17_CAN_F767ZI\EWARM\Project17_CAN_F767ZI\Obj\Drivers\STM32F7xx_HAL_Driver\stm32f7xx_hal_dma_ex.o"
#        "C:\Users\sebastian.cioata\Documents\Internship
#        2021\Projects\Project17_CAN_F767ZI\EWARM\Project17_CAN_F767ZI\Obj\Drivers\STM32F7xx_HAL_Driver\stm32f7xx_hal_exti.o"
#        "C:\Users\sebastian.cioata\Documents\Internship
#        2021\Projects\Project17_CAN_F767ZI\EWARM\Project17_CAN_F767ZI\Obj\Drivers\STM32F7xx_HAL_Driver\stm32f7xx_hal_flash.o"
#        "C:\Users\sebastian.cioata\Documents\Internship
#        2021\Projects\Project17_CAN_F767ZI\EWARM\Project17_CAN_F767ZI\Obj\Drivers\STM32F7xx_HAL_Driver\stm32f7xx_hal_flash_ex.o"
#        "C:\Users\sebastian.cioata\Documents\Internship
#        2021\Projects\Project17_CAN_F767ZI\EWARM\Project17_CAN_F767ZI\Obj\Drivers\STM32F7xx_HAL_Driver\stm32f7xx_hal_gpio.o"
#        "C:\Users\sebastian.cioata\Documents\Internship
#        2021\Projects\Project17_CAN_F767ZI\EWARM\Project17_CAN_F767ZI\Obj\Drivers\STM32F7xx_HAL_Driver\stm32f7xx_hal_i2c.o"
#        "C:\Users\sebastian.cioata\Documents\Internship
#        2021\Projects\Project17_CAN_F767ZI\EWARM\Project17_CAN_F767ZI\Obj\Drivers\STM32F7xx_HAL_Driver\stm32f7xx_hal_i2c_ex.o"
#        "C:\Users\sebastian.cioata\Documents\Internship
#        2021\Projects\Project17_CAN_F767ZI\EWARM\Project17_CAN_F767ZI\Obj\Application\User\stm32f7xx_hal_msp.o"
#        "C:\Users\sebastian.cioata\Documents\Internship
#        2021\Projects\Project17_CAN_F767ZI\EWARM\Project17_CAN_F767ZI\Obj\Drivers\STM32F7xx_HAL_Driver\stm32f7xx_hal_pwr.o"
#        "C:\Users\sebastian.cioata\Documents\Internship
#        2021\Projects\Project17_CAN_F767ZI\EWARM\Project17_CAN_F767ZI\Obj\Drivers\STM32F7xx_HAL_Driver\stm32f7xx_hal_pwr_ex.o"
#        "C:\Users\sebastian.cioata\Documents\Internship
#        2021\Projects\Project17_CAN_F767ZI\EWARM\Project17_CAN_F767ZI\Obj\Drivers\STM32F7xx_HAL_Driver\stm32f7xx_hal_rcc.o"
#        "C:\Users\sebastian.cioata\Documents\Internship
#        2021\Projects\Project17_CAN_F767ZI\EWARM\Project17_CAN_F767ZI\Obj\Drivers\STM32F7xx_HAL_Driver\stm32f7xx_hal_rcc_ex.o"
#        "C:\Users\sebastian.cioata\Documents\Internship
#        2021\Projects\Project17_CAN_F767ZI\EWARM\Project17_CAN_F767ZI\Obj\Drivers\STM32F7xx_HAL_Driver\stm32f7xx_hal_tim.o"
#        "C:\Users\sebastian.cioata\Documents\Internship
#        2021\Projects\Project17_CAN_F767ZI\EWARM\Project17_CAN_F767ZI\Obj\Drivers\STM32F7xx_HAL_Driver\stm32f7xx_hal_tim_ex.o"
#        "C:\Users\sebastian.cioata\Documents\Internship
#        2021\Projects\Project17_CAN_F767ZI\EWARM\Project17_CAN_F767ZI\Obj\Application\User\stm32f7xx_it.o"
#        "C:\Users\sebastian.cioata\Documents\Internship
#        2021\Projects\Project17_CAN_F767ZI\EWARM\Project17_CAN_F767ZI\Obj\Drivers\CMSIS\system_stm32f7xx.o"
#        --redirect _Printf=_PrintfFull --redirect _Scanf=_ScanfFull
#        --no_out_extension -o "C:\Users\sebastian.cioata\Documents\Internship
#        2021\Projects\Project17_CAN_F767ZI\EWARM\Project17_CAN_F767ZI\Exe\Project17_CAN_F767ZI.out"
#        --map "C:\Users\sebastian.cioata\Documents\Internship
#        2021\Projects\Project17_CAN_F767ZI\EWARM\Project17_CAN_F767ZI\List\Project17_CAN_F767ZI.map"
#        --config "C:\Users\sebastian.cioata\Documents\Internship
#        2021\Projects\Project17_CAN_F767ZI\EWARM/stm32f767xx_flash.icf"
#        --semihosting --entry __iar_program_start --vfe --text_out locale)
#
###############################################################################

*******************************************************************************
*** MESSAGES
***

Error[Li005]: no definition for "HAL_CAN_Start" [referenced from
          C:\Users\sebastian.cioata\Documents\Internship 2021\Projects\Project1
          7_CAN_F767ZI\EWARM\Project17_CAN_F767ZI\Obj\Application\User\main.o]


*******************************************************************************
*** RUNTIME MODEL ATTRIBUTES
***

CppFlavor       = *
__SystemLibrary = DLib
__dlib_version  = 6


*******************************************************************************
*** HEAP SELECTION
***

The basic heap was selected because some modules are built with
size limitations (and not runtime checking), and --advanced_heap
was not specified.


*******************************************************************************
*** PLACEMENT SUMMARY
***

"A0":  place at address 0x800'0000 { ro section .intvec };
"P1":  place in [from 0x800'0000 to 0x81f'ffff] { ro };
define block CSTACK with size = 1K, alignment = 8 { };
define block HEAP with size = 512, alignment = 8 { };
"P2":  place in [from 0x2000'0000 to 0x2007'ffff] {
          rw, block CSTACK, block HEAP };
initialize by copy { rw };

  Section            Kind         Address    Size  Object
  -------            ----         -------    ----  ------
"A0":                                       0x1f8
  .intvec            ro code   0x800'0000   0x1f8  startup_stm32f767xx.o [1]
                             - 0x800'01f8   0x1f8

"P1":                                      0x1288
  .text              ro code   0x800'01f8   0x4c6  stm32f7xx_hal_can.o [4]
  .text              ro code   0x800'06be    0x2a  copy_init3.o [7]
  .text              ro code   0x800'06e8    0xac  stm32f7xx_hal_msp.o [2]
  .text              ro code   0x800'0794     0xc  stm32f7xx_hal.o [4]
  .text              ro code   0x800'07a0     0x2  stm32f7xx_hal_can.o [4]
  .text              ro code   0x800'07a2     0x2  stm32f7xx_hal_can.o [4]
  .text              ro code   0x800'07a4     0x2  stm32f7xx_hal_can.o [4]
  .text              ro code   0x800'07a6    0x14  memset.o [7]
  .text              ro code   0x800'07bc   0x214  stm32f7xx_hal_gpio.o [4]
  .text              ro code   0x800'09d0    0xc4  stm32f7xx_hal_cortex.o [4]
  .text              ro code   0x800'0a94    0x66  ABImemset.o [7]
  .text              ro code   0x800'0afa     0x2  stm32f7xx_hal_gpio.o [4]
  .text              ro code   0x800'0afc   0x440  stm32f7xx_hal_rcc.o [4]
  .text              ro code   0x800'0f3c    0x28  stm32f7xx_hal.o [4]
  .text              ro code   0x800'0f64   0x18c  main.o [2]
  .text              ro code   0x800'10f0    0x16  stm32f7xx_hal.o [4]
  .text              ro code   0x800'1106    0x18  stm32f7xx_hal.o [4]
  .text              ro code   0x800'1120    0x60  system_stm32f7xx.o [3]
  .text              ro code   0x800'1180    0x38  zero_init3.o [7]
  .text              ro code   0x800'11b8    0x28  stm32f7xx_it.o [2]
  .text              ro code   0x800'11e0    0x10  stm32f7xx_hal.o [4]
  .text              ro code   0x800'11f0    0x28  data_init.o [7]
  .text              ro code   0x800'1218    0x22  fpinit_M.o [6]
  .iar.init_table    const     0x800'123c    0x24  - Linker created -
  .text              ro code   0x800'1260    0x1e  cmain.o [7]
  .text              ro code   0x800'127e     0x4  low_level_init.o [5]
  .text              ro code   0x800'1282     0x4  exit.o [5]
  .text              ro code   0x800'1288     0xa  cexit.o [7]
  .text              ro code   0x800'1294    0x14  exit.o [8]
  .text              ro code   0x800'12a8    0x1c  cstartup_M.o [7]
  .text              ro code   0x800'12c4    0x10  startup_stm32f767xx.o [1]
  .text              ro code   0x800'12d4     0x4  startup_stm32f767xx.o [1]
  .text              ro code   0x800'12d8     0x4  startup_stm32f767xx.o [1]
  .text              ro code   0x800'12dc     0x4  startup_stm32f767xx.o [1]
  .text              ro code   0x800'12e0     0x4  startup_stm32f767xx.o [1]
  .text              ro code   0x800'12e4     0x4  startup_stm32f767xx.o [1]
  .text              ro code   0x800'12e8     0x4  startup_stm32f767xx.o [1]
  .text              ro code   0x800'12ec     0x4  startup_stm32f767xx.o [1]
  .text              ro code   0x800'12f0     0x4  startup_stm32f767xx.o [1]
  .text              ro code   0x800'12f4     0x4  startup_stm32f767xx.o [1]
  .text              ro code   0x800'12f8     0x4  startup_stm32f767xx.o [1]
  .text              ro code   0x800'12fc     0x4  startup_stm32f767xx.o [1]
  .text              ro code   0x800'1300     0x4  startup_stm32f767xx.o [1]
  .text              ro code   0x800'1304     0x4  startup_stm32f767xx.o [1]
  .text              ro code   0x800'1308     0x4  startup_stm32f767xx.o [1]
  .text              ro code   0x800'130c     0x4  startup_stm32f767xx.o [1]
  .text              ro code   0x800'1310     0x4  startup_stm32f767xx.o [1]
  .text              ro code   0x800'1314     0x4  startup_stm32f767xx.o [1]
  .text              ro code   0x800'1318     0x4  startup_stm32f767xx.o [1]
  .text              ro code   0x800'131c     0x4  startup_stm32f767xx.o [1]
  .text              ro code   0x800'1320     0x4  startup_stm32f767xx.o [1]
  .text              ro code   0x800'1324     0x4  startup_stm32f767xx.o [1]
  .text              ro code   0x800'1328     0x4  startup_stm32f767xx.o [1]
  .text              ro code   0x800'132c     0x4  startup_stm32f767xx.o [1]
  .text              ro code   0x800'1330     0x4  startup_stm32f767xx.o [1]
  .text              ro code   0x800'1334     0x4  startup_stm32f767xx.o [1]
  .text              ro code   0x800'1338     0x4  startup_stm32f767xx.o [1]
  .text              ro code   0x800'133c     0x4  startup_stm32f767xx.o [1]
  .text              ro code   0x800'1340     0x4  startup_stm32f767xx.o [1]
  .text              ro code   0x800'1344     0x4  startup_stm32f767xx.o [1]
  .text              ro code   0x800'1348     0x4  startup_stm32f767xx.o [1]
  .text              ro code   0x800'134c     0x4  startup_stm32f767xx.o [1]
  .text              ro code   0x800'1350     0x4  startup_stm32f767xx.o [1]
  .text              ro code   0x800'1354     0x4  startup_stm32f767xx.o [1]
  .text              ro code   0x800'1358     0x4  startup_stm32f767xx.o [1]
  .text              ro code   0x800'135c     0x4  startup_stm32f767xx.o [1]
  .text              ro code   0x800'1360     0x4  startup_stm32f767xx.o [1]
  .text              ro code   0x800'1364     0x4  startup_stm32f767xx.o [1]
  .text              ro code   0x800'1368     0x4  startup_stm32f767xx.o [1]
  .text              ro code   0x800'136c     0x4  startup_stm32f767xx.o [1]
  .text              ro code   0x800'1370     0x4  startup_stm32f767xx.o [1]
  .text              ro code   0x800'1374     0x4  startup_stm32f767xx.o [1]
  .text              ro code   0x800'1378     0x4  startup_stm32f767xx.o [1]
  .text              ro code   0x800'137c     0x4  startup_stm32f767xx.o [1]
  .text              ro code   0x800'1380     0x4  startup_stm32f767xx.o [1]
  .text              ro code   0x800'1384     0x4  startup_stm32f767xx.o [1]
  .text              ro code   0x800'1388     0x4  startup_stm32f767xx.o [1]
  .text              ro code   0x800'138c     0x4  startup_stm32f767xx.o [1]
  .text              ro code   0x800'1390     0x4  startup_stm32f767xx.o [1]
  .text              ro code   0x800'1394     0x4  startup_stm32f767xx.o [1]
  .text              ro code   0x800'1398     0x4  startup_stm32f767xx.o [1]
  .text              ro code   0x800'139c     0x4  startup_stm32f767xx.o [1]
  .text              ro code   0x800'13a0     0x4  startup_stm32f767xx.o [1]
  .text              ro code   0x800'13a4     0x4  startup_stm32f767xx.o [1]
  .text              ro code   0x800'13a8     0x4  startup_stm32f767xx.o [1]
  .text              ro code   0x800'13ac     0x4  startup_stm32f767xx.o [1]
  .text              ro code   0x800'13b0     0x4  startup_stm32f767xx.o [1]
  .text              ro code   0x800'13b4     0x4  startup_stm32f767xx.o [1]
  .text              ro code   0x800'13b8     0x4  startup_stm32f767xx.o [1]
  .text              ro code   0x800'13bc     0x4  startup_stm32f767xx.o [1]
  .text              ro code   0x800'13c0     0x4  startup_stm32f767xx.o [1]
  .text              ro code   0x800'13c4     0x4  startup_stm32f767xx.o [1]
  .text              ro code   0x800'13c8     0x4  startup_stm32f767xx.o [1]
  .text              ro code   0x800'13cc     0x4  startup_stm32f767xx.o [1]
  .text              ro code   0x800'13d0     0x4  startup_stm32f767xx.o [1]
  .text              ro code   0x800'13d4     0x4  startup_stm32f767xx.o [1]
  .text              ro code   0x800'13d8     0x4  startup_stm32f767xx.o [1]
  .text              ro code   0x800'13dc     0x4  startup_stm32f767xx.o [1]
  .text              ro code   0x800'13e0     0x4  startup_stm32f767xx.o [1]
  .text              ro code   0x800'13e4     0x4  startup_stm32f767xx.o [1]
  .text              ro code   0x800'13e8     0x4  startup_stm32f767xx.o [1]
  .text              ro code   0x800'13ec     0x4  startup_stm32f767xx.o [1]
  .text              ro code   0x800'13f0     0x4  startup_stm32f767xx.o [1]
  .text              ro code   0x800'13f4     0x4  startup_stm32f767xx.o [1]
  .text              ro code   0x800'13f8     0x4  startup_stm32f767xx.o [1]
  .text              ro code   0x800'13fc     0x4  startup_stm32f767xx.o [1]
  .text              ro code   0x800'1400     0x4  startup_stm32f767xx.o [1]
  .text              ro code   0x800'1404     0x4  startup_stm32f767xx.o [1]
  .text              ro code   0x800'1408     0x4  startup_stm32f767xx.o [1]
  .text              ro code   0x800'140c     0x4  startup_stm32f767xx.o [1]
  .text              ro code   0x800'1410     0x4  startup_stm32f767xx.o [1]
  .text              ro code   0x800'1414     0x4  startup_stm32f767xx.o [1]
  .text              ro code   0x800'1418     0x4  startup_stm32f767xx.o [1]
  .text              ro code   0x800'141c     0x4  startup_stm32f767xx.o [1]
  .text              ro code   0x800'1420     0x4  startup_stm32f767xx.o [1]
  .text              ro code   0x800'1424     0x4  startup_stm32f767xx.o [1]
  .text              ro code   0x800'1428     0x4  startup_stm32f767xx.o [1]
  .text              ro code   0x800'142c     0x4  startup_stm32f767xx.o [1]
  .text              ro code   0x800'1430     0x4  startup_stm32f767xx.o [1]
  .text              ro code   0x800'1434     0x4  startup_stm32f767xx.o [1]
  .text              ro code   0x800'1438     0x4  startup_stm32f767xx.o [1]
  .text              ro code   0x800'143c     0x4  startup_stm32f767xx.o [1]
  .text              ro code   0x800'1440     0x4  startup_stm32f767xx.o [1]
  .text              ro code   0x800'1444     0x4  startup_stm32f767xx.o [1]
  .text              ro code   0x800'1448     0x4  startup_stm32f767xx.o [1]
  .text              ro code   0x800'144c     0x4  startup_stm32f767xx.o [1]
  .text              ro code   0x800'1450     0x4  startup_stm32f767xx.o [1]
  .text              ro code   0x800'1454     0x4  startup_stm32f767xx.o [1]
  .text              ro code   0x800'1458     0x4  startup_stm32f767xx.o [1]
  .text              ro code   0x800'145c     0x4  startup_stm32f767xx.o [1]
  .text              ro code   0x800'1460     0x4  startup_stm32f767xx.o [1]
  .text              ro code   0x800'1464     0x4  startup_stm32f767xx.o [1]
  .text              ro code   0x800'1468     0x4  startup_stm32f767xx.o [1]
  .text              ro code   0x800'146c     0x4  startup_stm32f767xx.o [1]
  .text              ro code   0x800'1470     0x4  startup_stm32f767xx.o [1]
  .text              ro code   0x800'1474     0x4  startup_stm32f767xx.o [1]
  .text              ro code   0x800'1478     0x4  startup_stm32f767xx.o [1]
  Initializer bytes  const     0x800'147c     0x4  <for P2-1> (used: 0x0)
  .rodata            const     0x800'1480     0x0  zero_init3.o [7]
  .rodata            const     0x800'1480     0x0  copy_init3.o [7]
                             - 0x800'1480  0x1288

"P2", part 1 of 3:                            0x4
  P2-1                        0x2000'0000     0x4  <Init block>
    .data            inited   0x2000'0000     0x4  system_stm32f7xx.o [3]
                            - 0x2000'0004     0x4

"P2", part 2 of 3:                           0x4c
  .bss               zero     0x2000'0004    0x45  main.o [2]
  .bss               zero     0x2000'004c     0x4  stm32f7xx_hal.o [4]
                            - 0x2000'0050    0x4c

"P2", part 3 of 3:                          0x400
  CSTACK                      0x2000'0050   0x400  <Block>
    CSTACK           uninit   0x2000'0050   0x400  <Block tail>
                            - 0x2000'0450   0x400

Unused ranges:

         From           To       Size
         ----           --       ----
   0x800'1480   0x81f'ffff  0x1f'eb80
  0x2000'0450  0x2007'ffff   0x7'fbb0


*******************************************************************************
*** INIT TABLE
***

          Address      Size
          -------      ----
Zero (__iar_zero_init3)
    1 destination range, total size 0x4c:
          0x2000'0004  0x4c

Copy (__iar_copy_init3)
    1 source range, total size 0x4:
           0x800'147c   0x4
    1 destination range, total size 0x4:
          0x2000'0000   0x4



*******************************************************************************
*** MODULE SUMMARY
***

    Module                  ro code  ro data  rw data
    ------                  -------  -------  -------
command line/config:
    -------------------------------------------------
    Total:

C:\Users\sebastian.cioata\Documents\Internship 2021\Projects\Project17_CAN_F767ZI\EWARM\Project17_CAN_F767ZI\Obj\Application\EWARM: [1]
    startup_stm32f767xx.o       944
    -------------------------------------------------
    Total:                      944

C:\Users\sebastian.cioata\Documents\Internship 2021\Projects\Project17_CAN_F767ZI\EWARM\Project17_CAN_F767ZI\Obj\Application\User: [2]
    main.o                      396                69
    stm32f7xx_hal_msp.o         172
    stm32f7xx_it.o               40
    -------------------------------------------------
    Total:                      608                69

C:\Users\sebastian.cioata\Documents\Internship 2021\Projects\Project17_CAN_F767ZI\EWARM\Project17_CAN_F767ZI\Obj\Drivers\CMSIS: [3]
    system_stm32f7xx.o           96        4        4
    -------------------------------------------------
    Total:                       96        4        4

C:\Users\sebastian.cioata\Documents\Internship 2021\Projects\Project17_CAN_F767ZI\EWARM\Project17_CAN_F767ZI\Obj\Drivers\STM32F7xx_HAL_Driver: [4]
    stm32f7xx_hal.o             114                 4
    stm32f7xx_hal_can.o       1'228
    stm32f7xx_hal_cortex.o      196
    stm32f7xx_hal_gpio.o        534
    stm32f7xx_hal_rcc.o       1'088
    -------------------------------------------------
    Total:                    3'160                 4

dl7M_tlf.a: [5]
    exit.o                        4
    low_level_init.o              4
    -------------------------------------------------
    Total:                        8

m7M_tlv.a: [6]
    fpinit_M.o                   34
    -------------------------------------------------
    Total:                       34

rt7M_tl.a: [7]
    ABImemset.o                 102
    cexit.o                      10
    cmain.o                      30
    copy_init3.o                 42
    cstartup_M.o                 28
    data_init.o                  40
    memset.o                     20
    zero_init3.o                 56
    -------------------------------------------------
    Total:                      328

shb_l.a: [8]
    exit.o                       20
    -------------------------------------------------
    Total:                       20

    Gaps                          8        2        3
    Linker created                        36    1'024
-----------------------------------------------------
    Grand Total:              5'206       42    1'104


*******************************************************************************
*** ENTRY LIST
***

Entry                       Address   Size  Type      Object
-----                       -------   ----  ----      ------
.iar.init_table$$Base    0x800'123c          --   Gb  - Linker created -
.iar.init_table$$Limit   0x800'1260          --   Gb  - Linker created -
?main                    0x800'1261         Code  Gb  cmain.o [7]
AHBPrescTable            0x800'1170   0x10  Data  Gb  system_stm32f7xx.o [3]
BusFault_Handler         0x800'11bf    0x2  Code  Gb  stm32f7xx_it.o [2]
CAN1_RX0_IRQHandler      0x800'11cd    0x6  Code  Gb  stm32f7xx_it.o [2]
CAN_Receive_IT           0x800'057d  0x142  Code  Lc  stm32f7xx_hal_can.o [4]
CSTACK$$Base            0x2000'0050          --   Gb  - Linker created -
CSTACK$$Limit           0x2000'0450          --   Gb  - Linker created -
DebugMon_Handler         0x800'11c5    0x2  Code  Gb  stm32f7xx_it.o [2]
EXTI15_10_IRQHandler     0x800'11d9    0x8  Code  Gb  stm32f7xx_it.o [2]
HAL_CAN_ErrorCallback    0x800'07a3    0x2  Code  Gb  stm32f7xx_hal_can.o [4]
HAL_CAN_IRQHandler       0x800'035b  0x20a  Code  Gb  stm32f7xx_hal_can.o [4]
HAL_CAN_Init             0x800'01f9  0x152  Code  Gb  stm32f7xx_hal_can.o [4]
HAL_CAN_MspInit          0x800'0715   0x70  Code  Gb  stm32f7xx_hal_msp.o [2]
HAL_CAN_RxCpltCallback   0x800'07a5    0x2  Code  Gb  stm32f7xx_hal_can.o [4]
HAL_CAN_TxCpltCallback   0x800'07a1    0x2  Code  Gb  stm32f7xx_hal_can.o [4]
HAL_Delay                0x800'1107   0x18  Code  Gb  stm32f7xx_hal.o [4]
HAL_GPIO_EXTI_Callback   0x800'0afb    0x2  Code  Gb  stm32f7xx_hal_gpio.o [4]
HAL_GPIO_EXTI_IRQHandler
                         0x800'0989   0x10  Code  Gb  stm32f7xx_hal_gpio.o [4]
HAL_GPIO_Init            0x800'07bd  0x1c4  Code  Gb  stm32f7xx_hal_gpio.o [4]
HAL_GPIO_WritePin        0x800'0981    0x8  Code  Gb  stm32f7xx_hal_gpio.o [4]
HAL_GetTick              0x800'0795    0xc  Code  Gb  stm32f7xx_hal.o [4]
HAL_IncTick              0x800'11e1   0x10  Code  Gb  stm32f7xx_hal.o [4]
HAL_Init                 0x800'10f1   0x16  Code  Gb  stm32f7xx_hal.o [4]
HAL_InitTick             0x800'0f3d   0x28  Code  Gb  stm32f7xx_hal.o [4]
HAL_MspInit              0x800'06e9   0x2c  Code  Gb  stm32f7xx_hal_msp.o [2]
HAL_NVIC_EnableIRQ       0x800'0a3f    0xc  Code  Gb  stm32f7xx_hal_cortex.o [4]
HAL_NVIC_SetPriority     0x800'0a05   0x3a  Code  Gb  stm32f7xx_hal_cortex.o [4]
HAL_NVIC_SetPriorityGrouping
                         0x800'09eb   0x1a  Code  Gb  stm32f7xx_hal_cortex.o [4]
HAL_RCC_ClockConfig      0x800'0ded   0xdc  Code  Gb  stm32f7xx_hal_rcc.o [4]
HAL_RCC_GetSysClockFreq
                         0x800'0ee3   0x40  Code  Gb  stm32f7xx_hal_rcc.o [4]
HAL_RCC_OscConfig        0x800'0afd  0x2f0  Code  Gb  stm32f7xx_hal_rcc.o [4]
HAL_SYSTICK_Config       0x800'0a53   0x28  Code  Gb  stm32f7xx_hal_cortex.o [4]
HardFault_Handler        0x800'11bb    0x2  Code  Gb  stm32f7xx_it.o [2]
MemManage_Handler        0x800'11bd    0x2  Code  Gb  stm32f7xx_it.o [2]
NMI_Handler              0x800'11b9    0x2  Code  Gb  stm32f7xx_it.o [2]
NVIC_SetPriority         0x800'09d1   0x1a  Code  Lc  stm32f7xx_hal_cortex.o [4]
PendSV_Handler           0x800'11c7    0x2  Code  Gb  stm32f7xx_it.o [2]
Region$$Table$$Base      0x800'123c          --   Gb  - Linker created -
Region$$Table$$Limit     0x800'1260          --   Gb  - Linker created -
SVC_Handler              0x800'11c3    0x2  Code  Gb  stm32f7xx_it.o [2]
SysTick_Handler          0x800'11c9    0x4  Code  Gb  stm32f7xx_it.o [2]
SystemClock_Config       0x800'1057   0x78  Code  Gb  main.o [2]
SystemCoreClock         0x2000'0000    0x4  Data  Gb  system_stm32f7xx.o [3]
SystemInit               0x800'1121   0x3e  Code  Gb  system_stm32f7xx.o [3]
UsageFault_Handler       0x800'11c1    0x2  Code  Gb  stm32f7xx_it.o [2]
__aeabi_memset           0x800'0a95         Code  Gb  ABImemset.o [7]
__cmain                  0x800'1261         Code  Gb  cmain.o [7]
__exit                   0x800'1295   0x14  Code  Gb  exit.o [8]
__iar_Memset             0x800'0a95         Code  Gb  ABImemset.o [7]
__iar_Memset_word        0x800'0a9d         Code  Gb  ABImemset.o [7]
__iar_copy_init3         0x800'06bf   0x2a  Code  Gb  copy_init3.o [7]
__iar_data_init3         0x800'11f1   0x28  Code  Gb  data_init.o [7]
__iar_init_vfp           0x800'1219         Code  Gb  fpinit_M.o [6]
__iar_program_start      0x800'12a9         Code  Gb  cstartup_M.o [7]
__iar_zero_init3         0x800'1181   0x38  Code  Gb  zero_init3.o [7]
__low_level_init         0x800'127f    0x4  Code  Gb  low_level_init.o [5]
__vector_table           0x800'0000         Data  Gb  startup_stm32f767xx.o [1]
_call_main               0x800'126d         Code  Gb  cmain.o [7]
_exit                    0x800'1289         Code  Gb  cexit.o [7]
exit                     0x800'1283    0x4  Code  Gb  exit.o [5]
hcan1                   0x2000'0004   0x44  Data  Gb  main.o [2]
main                     0x800'0f65   0xf2  Code  Gb  main.o [2]
memset                   0x800'07a7   0x14  Code  Gb  memset.o [7]
ok                      0x2000'0048    0x1  Data  Gb  main.o [2]
uwTick                  0x2000'004c    0x4  Data  Gb  stm32f7xx_hal.o [4]


[1] = C:\Users\sebastian.cioata\Documents\Internship 2021\Projects\Project17_CAN_F767ZI\EWARM\Project17_CAN_F767ZI\Obj\Application\EWARM
[2] = C:\Users\sebastian.cioata\Documents\Internship 2021\Projects\Project17_CAN_F767ZI\EWARM\Project17_CAN_F767ZI\Obj\Application\User
[3] = C:\Users\sebastian.cioata\Documents\Internship 2021\Projects\Project17_CAN_F767ZI\EWARM\Project17_CAN_F767ZI\Obj\Drivers\CMSIS
[4] = C:\Users\sebastian.cioata\Documents\Internship 2021\Projects\Project17_CAN_F767ZI\EWARM\Project17_CAN_F767ZI\Obj\Drivers\STM32F7xx_HAL_Driver
[5] = dl7M_tlf.a
[6] = m7M_tlv.a
[7] = rt7M_tl.a
[8] = shb_l.a

  5'206 bytes of readonly  code memory
     42 bytes of readonly  data memory
  1'104 bytes of readwrite data memory

Errors: 1
Warnings: none
