###############################################################################
#
# IAR ELF Linker V9.10.1.308/W64 for ARM                  08/Apr/2021  13:54:35
# Copyright 2007-2021 IAR Systems AB.
#
#    Output file  =
#        C:\Users\sebastian.cioata\Documents\Internship
#        2021\Projects\Project3_BInaryCounter_8bits\EWARM\Project3_BInaryCounter_8bits\Exe\Project3_BInaryCounter_8bits.out
#    Map file     =
#        C:\Users\sebastian.cioata\Documents\Internship
#        2021\Projects\Project3_BInaryCounter_8bits\EWARM\Project3_BInaryCounter_8bits\List\Project3_BInaryCounter_8bits.map
#    Command line =
#        -f "C:\Users\sebastian.cioata\Documents\Internship
#        2021\Projects\Project3_BInaryCounter_8bits\EWARM\Project3_BInaryCounter_8bits\Exe\Project3_BInaryCounter_8bits.out.rsp"
#        ("C:\Users\sebastian.cioata\Documents\Internship
#        2021\Projects\Project3_BInaryCounter_8bits\EWARM\Project3_BInaryCounter_8bits\Obj\Application\User\Core\main.o"
#        "C:\Users\sebastian.cioata\Documents\Internship
#        2021\Projects\Project3_BInaryCounter_8bits\EWARM\Project3_BInaryCounter_8bits\Obj\Application\EWARM\startup_stm32l010xb.o"
#        "C:\Users\sebastian.cioata\Documents\Internship
#        2021\Projects\Project3_BInaryCounter_8bits\EWARM\Project3_BInaryCounter_8bits\Obj\Drivers\STM32L0xx_HAL_Driver\stm32l0xx_hal.o"
#        "C:\Users\sebastian.cioata\Documents\Internship
#        2021\Projects\Project3_BInaryCounter_8bits\EWARM\Project3_BInaryCounter_8bits\Obj\Drivers\STM32L0xx_HAL_Driver\stm32l0xx_hal_adc.o"
#        "C:\Users\sebastian.cioata\Documents\Internship
#        2021\Projects\Project3_BInaryCounter_8bits\EWARM\Project3_BInaryCounter_8bits\Obj\Drivers\STM32L0xx_HAL_Driver\stm32l0xx_hal_adc_ex.o"
#        "C:\Users\sebastian.cioata\Documents\Internship
#        2021\Projects\Project3_BInaryCounter_8bits\EWARM\Project3_BInaryCounter_8bits\Obj\Drivers\STM32L0xx_HAL_Driver\stm32l0xx_hal_cortex.o"
#        "C:\Users\sebastian.cioata\Documents\Internship
#        2021\Projects\Project3_BInaryCounter_8bits\EWARM\Project3_BInaryCounter_8bits\Obj\Drivers\STM32L0xx_HAL_Driver\stm32l0xx_hal_dma.o"
#        "C:\Users\sebastian.cioata\Documents\Internship
#        2021\Projects\Project3_BInaryCounter_8bits\EWARM\Project3_BInaryCounter_8bits\Obj\Drivers\STM32L0xx_HAL_Driver\stm32l0xx_hal_exti.o"
#        "C:\Users\sebastian.cioata\Documents\Internship
#        2021\Projects\Project3_BInaryCounter_8bits\EWARM\Project3_BInaryCounter_8bits\Obj\Drivers\STM32L0xx_HAL_Driver\stm32l0xx_hal_flash.o"
#        "C:\Users\sebastian.cioata\Documents\Internship
#        2021\Projects\Project3_BInaryCounter_8bits\EWARM\Project3_BInaryCounter_8bits\Obj\Drivers\STM32L0xx_HAL_Driver\stm32l0xx_hal_flash_ex.o"
#        "C:\Users\sebastian.cioata\Documents\Internship
#        2021\Projects\Project3_BInaryCounter_8bits\EWARM\Project3_BInaryCounter_8bits\Obj\Drivers\STM32L0xx_HAL_Driver\stm32l0xx_hal_flash_ramfunc.o"
#        "C:\Users\sebastian.cioata\Documents\Internship
#        2021\Projects\Project3_BInaryCounter_8bits\EWARM\Project3_BInaryCounter_8bits\Obj\Drivers\STM32L0xx_HAL_Driver\stm32l0xx_hal_gpio.o"
#        "C:\Users\sebastian.cioata\Documents\Internship
#        2021\Projects\Project3_BInaryCounter_8bits\EWARM\Project3_BInaryCounter_8bits\Obj\Drivers\STM32L0xx_HAL_Driver\stm32l0xx_hal_i2c.o"
#        "C:\Users\sebastian.cioata\Documents\Internship
#        2021\Projects\Project3_BInaryCounter_8bits\EWARM\Project3_BInaryCounter_8bits\Obj\Drivers\STM32L0xx_HAL_Driver\stm32l0xx_hal_i2c_ex.o"
#        "C:\Users\sebastian.cioata\Documents\Internship
#        2021\Projects\Project3_BInaryCounter_8bits\EWARM\Project3_BInaryCounter_8bits\Obj\Application\User\Core\stm32l0xx_hal_msp.o"
#        "C:\Users\sebastian.cioata\Documents\Internship
#        2021\Projects\Project3_BInaryCounter_8bits\EWARM\Project3_BInaryCounter_8bits\Obj\Drivers\STM32L0xx_HAL_Driver\stm32l0xx_hal_pwr.o"
#        "C:\Users\sebastian.cioata\Documents\Internship
#        2021\Projects\Project3_BInaryCounter_8bits\EWARM\Project3_BInaryCounter_8bits\Obj\Drivers\STM32L0xx_HAL_Driver\stm32l0xx_hal_pwr_ex.o"
#        "C:\Users\sebastian.cioata\Documents\Internship
#        2021\Projects\Project3_BInaryCounter_8bits\EWARM\Project3_BInaryCounter_8bits\Obj\Drivers\STM32L0xx_HAL_Driver\stm32l0xx_hal_rcc.o"
#        "C:\Users\sebastian.cioata\Documents\Internship
#        2021\Projects\Project3_BInaryCounter_8bits\EWARM\Project3_BInaryCounter_8bits\Obj\Drivers\STM32L0xx_HAL_Driver\stm32l0xx_hal_rcc_ex.o"
#        "C:\Users\sebastian.cioata\Documents\Internship
#        2021\Projects\Project3_BInaryCounter_8bits\EWARM\Project3_BInaryCounter_8bits\Obj\Drivers\STM32L0xx_HAL_Driver\stm32l0xx_hal_tim.o"
#        "C:\Users\sebastian.cioata\Documents\Internship
#        2021\Projects\Project3_BInaryCounter_8bits\EWARM\Project3_BInaryCounter_8bits\Obj\Drivers\STM32L0xx_HAL_Driver\stm32l0xx_hal_tim_ex.o"
#        "C:\Users\sebastian.cioata\Documents\Internship
#        2021\Projects\Project3_BInaryCounter_8bits\EWARM\Project3_BInaryCounter_8bits\Obj\Application\User\Core\stm32l0xx_it.o"
#        "C:\Users\sebastian.cioata\Documents\Internship
#        2021\Projects\Project3_BInaryCounter_8bits\EWARM\Project3_BInaryCounter_8bits\Obj\Drivers\CMSIS\system_stm32l0xx.o"
#        --no_out_extension -o "C:\Users\sebastian.cioata\Documents\Internship
#        2021\Projects\Project3_BInaryCounter_8bits\EWARM\Project3_BInaryCounter_8bits\Exe\Project3_BInaryCounter_8bits.out"
#        --redirect _Printf=_PrintfFullNoMb --redirect _Scanf=_ScanfFullNoMb
#        --map "C:\Users\sebastian.cioata\Documents\Internship
#        2021\Projects\Project3_BInaryCounter_8bits\EWARM\Project3_BInaryCounter_8bits\List\Project3_BInaryCounter_8bits.map"
#        --config "C:\Users\sebastian.cioata\Documents\Internship
#        2021\Projects\Project3_BInaryCounter_8bits\EWARM/stm32l010xb_flash.icf"
#        --semihosting --entry __iar_program_start --vfe --text_out locale)
#
###############################################################################

*******************************************************************************
*** RUNTIME MODEL ATTRIBUTES
***

CppFlavor       = *
__SystemLibrary = DLib
__dlib_version  = 6


*******************************************************************************
*** HEAP SELECTION
***

The basic heap was selected because some modules are built with
size limitations (and not runtime checking), and --advanced_heap
was not specified.


*******************************************************************************
*** PLACEMENT SUMMARY
***

"A0":  place at address 0x800'0000 { ro section .intvec };
"P1":  place in [from 0x800'0000 to 0x801'ffff] { ro };
define block CSTACK with size = 1K, alignment = 8 { };
define block HEAP with size = 512, alignment = 8 { };
"P2":  place in [from 0x2000'0000 to 0x2000'4fff] {
          rw, block CSTACK, block HEAP };
initialize by copy { rw };

  Section            Kind         Address    Size  Object
  -------            ----         -------    ----  ------
"A0":                                        0xc0
  .intvec            ro code   0x800'0000    0xc0  startup_stm32l010xb.o [1]
                             - 0x800'00c0    0xc0

"P1":                                      0x163c
  .text              ro code   0x800'00c0   0x678  stm32l0xx_hal_rcc.o [4]
  .text              ro code   0x800'0738    0x44  stm32l0xx_hal.o [4]
  .text              ro code   0x800'077c     0xc  stm32l0xx_hal.o [4]
  .text              ro code   0x800'0788    0x32  I64Mul.o [6]
  .text              ro code   0x800'07ba    0x6a  I64DivMod.o [6]
  .text              ro code   0x800'0824    0x36  I32DivMod.o [6]
  .text              ro code   0x800'085a     0x2  startup_stm32l010xb.o [1]
  .text              ro code   0x800'085c    0x8c  stm32l0xx_hal_cortex.o [4]
  .text              ro code   0x800'08e8     0x2  I64DivZer.o [6]
  .text              ro code   0x800'08ea     0x2  startup_stm32l010xb.o [1]
  .text              ro code   0x800'08ec     0x2  IntDivZer.o [6]
  .text              ro code   0x800'08ee     0x2  startup_stm32l010xb.o [1]
  .text              ro code   0x800'08f0   0x4e0  stm32l0xx_hal_adc.o [4]
  .text              ro code   0x800'0dd0    0xc8  stm32l0xx_hal_msp.o [2]
  .text              ro code   0x800'0e98   0x212  stm32l0xx_hal_dma.o [4]
  .text              ro code   0x800'10aa     0x2  stm32l0xx_hal_adc.o [4]
  .text              ro code   0x800'10ac     0x2  stm32l0xx_hal_adc.o [4]
  .text              ro code   0x800'10ae     0x2  stm32l0xx_hal_adc.o [4]
  .text              ro code   0x800'10b0     0x2  stm32l0xx_hal_adc.o [4]
  .text              ro code   0x800'10b2    0x14  memset.o [6]
  .text              ro code   0x800'10c6     0x2  startup_stm32l010xb.o [1]
  .text              ro code   0x800'10c8   0x1d0  stm32l0xx_hal_gpio.o [4]
  .text              ro code   0x800'1298   0x1ec  main.o [2]
  .text              ro code   0x800'1484    0x4e  ABImemset.o [6]
  .text              ro code   0x800'14d2     0x2  stm32l0xx_hal_gpio.o [4]
  .text              ro code   0x800'14d4    0x28  stm32l0xx_hal.o [4]
  .text              ro code   0x800'14fc    0x54  stm32l0xx_it.o [2]
  .text              ro code   0x800'1550    0x10  stm32l0xx_hal.o [4]
  .text              ro code   0x800'1560    0x3c  startup_stm32l010xb.o [1]
  .text              ro code   0x800'159c    0x3c  zero_init3.o [6]
  .text              ro code   0x800'15d8    0x30  copy_init3.o [6]
  .text              ro code   0x800'1608    0x28  data_init.o [6]
  .iar.init_table    const     0x800'1630    0x24  - Linker created -
  .text              ro code   0x800'1654    0x20  system_stm32l0xx.o [3]
  .text              ro code   0x800'1674    0x1e  cmain.o [6]
  .text              ro code   0x800'1692     0x4  low_level_init.o [5]
  .text              ro code   0x800'1696     0x8  exit.o [5]
  .text              ro code   0x800'169e     0x2  startup_stm32l010xb.o [1]
  .text              ro code   0x800'16a0     0xa  cexit.o [6]
  .text              ro code   0x800'16aa     0x2  startup_stm32l010xb.o [1]
  .text              ro code   0x800'16ac    0x14  exit.o [7]
  .text              ro code   0x800'16c0    0x1c  cstartup_M.o [6]
  Initializer bytes  const     0x800'16dc    0x10  <for P2-1>
  .text              ro code   0x800'16ec     0x2  startup_stm32l010xb.o [1]
  .text              ro code   0x800'16ee     0x2  startup_stm32l010xb.o [1]
  .text              ro code   0x800'16f0     0x2  startup_stm32l010xb.o [1]
  .text              ro code   0x800'16f2     0x2  startup_stm32l010xb.o [1]
  .text              ro code   0x800'16f4     0x2  startup_stm32l010xb.o [1]
  .text              ro code   0x800'16f6     0x2  startup_stm32l010xb.o [1]
  .text              ro code   0x800'16f8     0x2  startup_stm32l010xb.o [1]
  .text              ro code   0x800'16fa     0x2  startup_stm32l010xb.o [1]
  .rodata            const     0x800'16fc     0x0  zero_init3.o [6]
  .rodata            const     0x800'16fc     0x0  copy_init3.o [6]
                             - 0x800'16fc  0x163c

"P2", part 1 of 3:                           0x10
  P2-1                        0x2000'0000    0x10  <Init block>
    .data            inited   0x2000'0000     0xc  stm32l0xx_hal.o [4]
    .data            inited   0x2000'000c     0x4  system_stm32l0xx.o [3]
                            - 0x2000'0010    0x10

"P2", part 2 of 3:                           0xac
  .bss               zero     0x2000'0010    0x64  main.o [2]
  .bss               zero     0x2000'0074    0x48  main.o [2]
                            - 0x2000'00bc    0xac

"P2", part 3 of 3:                          0x400
  CSTACK                      0x2000'00c0   0x400  <Block>
    CSTACK           uninit   0x2000'00c0   0x400  <Block tail>
                            - 0x2000'04c0   0x400

Unused ranges:

         From           To      Size
         ----           --      ----
   0x800'16fc   0x801'ffff  0x1'e904
  0x2000'00bc  0x2000'00bf       0x4
  0x2000'04c0  0x2000'4fff    0x4b40


*******************************************************************************
*** INIT TABLE
***

          Address      Size
          -------      ----
Zero (__iar_zero_init3)
    1 destination range, total size 0xac:
          0x2000'0010  0xac

Copy (__iar_copy_init3)
    1 source range, total size 0x10:
           0x800'16dc  0x10
    1 destination range, total size 0x10:
          0x2000'0000  0x10



*******************************************************************************
*** MODULE SUMMARY
***

    Module                  ro code  ro data  rw data
    ------                  -------  -------  -------
command line/config:
    -------------------------------------------------
    Total:

C:\Users\sebastian.cioata\Documents\Internship 2021\Projects\Project3_BInaryCounter_8bits\EWARM\Project3_BInaryCounter_8bits\Obj\Application\EWARM: [1]
    startup_stm32l010xb.o       280
    -------------------------------------------------
    Total:                      280

C:\Users\sebastian.cioata\Documents\Internship 2021\Projects\Project3_BInaryCounter_8bits\EWARM\Project3_BInaryCounter_8bits\Obj\Application\User\Core: [2]
    main.o                      492               172
    stm32l0xx_hal_msp.o         200
    stm32l0xx_it.o               84
    -------------------------------------------------
    Total:                      776               172

C:\Users\sebastian.cioata\Documents\Internship 2021\Projects\Project3_BInaryCounter_8bits\EWARM\Project3_BInaryCounter_8bits\Obj\Drivers\CMSIS: [3]
    system_stm32l0xx.o           32        4        4
    -------------------------------------------------
    Total:                       32        4        4

C:\Users\sebastian.cioata\Documents\Internship 2021\Projects\Project3_BInaryCounter_8bits\EWARM\Project3_BInaryCounter_8bits\Obj\Drivers\STM32L0xx_HAL_Driver: [4]
    stm32l0xx_hal.o             136       12       12
    stm32l0xx_hal_adc.o       1'256
    stm32l0xx_hal_cortex.o      140
    stm32l0xx_hal_dma.o         530
    stm32l0xx_hal_gpio.o        466
    stm32l0xx_hal_rcc.o       1'656
    -------------------------------------------------
    Total:                    4'184       12       12

dl6M_tln.a: [5]
    exit.o                        8
    low_level_init.o              4
    -------------------------------------------------
    Total:                       12

rt6M_tl.a: [6]
    ABImemset.o                  78
    I32DivMod.o                  54
    I64DivMod.o                 106
    I64DivZer.o                   2
    I64Mul.o                     50
    IntDivZer.o                   2
    cexit.o                      10
    cmain.o                      30
    copy_init3.o                 48
    cstartup_M.o                 28
    data_init.o                  40
    memset.o                     20
    zero_init3.o                 60
    -------------------------------------------------
    Total:                      528

shb_l.a: [7]
    exit.o                       20
    -------------------------------------------------
    Total:                       20

    Linker created                        36    1'024
-----------------------------------------------------
    Grand Total:              5'832       52    1'212


*******************************************************************************
*** ENTRY LIST
***

Entry                       Address   Size  Type      Object
-----                       -------   ----  ----      ------
.iar.init_table$$Base    0x800'1630          --   Gb  - Linker created -
.iar.init_table$$Limit   0x800'1654          --   Gb  - Linker created -
?main                    0x800'1675         Code  Gb  cmain.o [6]
ADC1_IRQHandler          0x800'153b    0xa  Code  Gb  stm32l0xx_it.o [2]
ADC_DMAConvCplt          0x800'0d25   0x6c  Code  Lc  stm32l0xx_hal_adc.o [4]
ADC_DMAError             0x800'0db7   0x1a  Code  Lc  stm32l0xx_hal_adc.o [4]
ADC_DMAHalfConvCplt      0x800'0dad    0xa  Code  Lc  stm32l0xx_hal_adc.o [4]
ADC_Enable               0x800'0cb5   0x6c  Code  Lc  stm32l0xx_hal_adc.o [4]
AHBPrescTable            0x800'1658   0x10  Data  Gb  system_stm32l0xx.o [3]
CSTACK$$Base            0x2000'00c0          --   Gb  - Linker created -
CSTACK$$Limit           0x2000'04c0          --   Gb  - Linker created -
DMA1_Channel1_IRQHandler
                         0x800'1531    0xa  Code  Gb  stm32l0xx_it.o [2]
DMA_SetConfig            0x800'1083   0x28  Code  Lc  stm32l0xx_hal_dma.o [4]
EXTI4_15_IRQHandler      0x800'150f   0x22  Code  Gb  stm32l0xx_it.o [2]
Error_Handler            0x800'1481    0x4  Code  Gb  main.o [2]
HAL_ADC_ConfigChannel    0x800'0c31   0x78  Code  Gb  stm32l0xx_hal_adc.o [4]
HAL_ADC_ConvCpltCallback
                         0x800'10ab    0x2  Code  Gb  stm32l0xx_hal_adc.o [4]
HAL_ADC_ConvHalfCpltCallback
                         0x800'10b1    0x2  Code  Gb  stm32l0xx_hal_adc.o [4]
HAL_ADC_ErrorCallback    0x800'10af    0x2  Code  Gb  stm32l0xx_hal_adc.o [4]
HAL_ADC_IRQHandler       0x800'0b51   0xe0  Code  Gb  stm32l0xx_hal_adc.o [4]
HAL_ADC_Init             0x800'08f1  0x1ac  Code  Gb  stm32l0xx_hal_adc.o [4]
HAL_ADC_LevelOutOfWindowCallback
                         0x800'10ad    0x2  Code  Gb  stm32l0xx_hal_adc.o [4]
HAL_ADC_MspInit          0x800'0df9   0x8a  Code  Gb  stm32l0xx_hal_msp.o [2]
HAL_ADC_Start_DMA        0x800'0ab9   0x92  Code  Gb  stm32l0xx_hal_adc.o [4]
HAL_DMA_IRQHandler       0x800'0f9f   0xe4  Code  Gb  stm32l0xx_hal_dma.o [4]
HAL_DMA_Init             0x800'0e99   0x88  Code  Gb  stm32l0xx_hal_dma.o [4]
HAL_DMA_Start_IT         0x800'0f31   0x6e  Code  Gb  stm32l0xx_hal_dma.o [4]
HAL_GPIO_EXTI_Callback   0x800'14d3    0x2  Code  Gb  stm32l0xx_hal_gpio.o [4]
HAL_GPIO_EXTI_IRQHandler
                         0x800'125d   0x14  Code  Gb  stm32l0xx_hal_gpio.o [4]
HAL_GPIO_Init            0x800'10c9  0x17c  Code  Gb  stm32l0xx_hal_gpio.o [4]
HAL_GPIO_ReadPin         0x800'1245    0xc  Code  Gb  stm32l0xx_hal_gpio.o [4]
HAL_GPIO_WritePin        0x800'1251    0xc  Code  Gb  stm32l0xx_hal_gpio.o [4]
HAL_GetTick              0x800'077d    0xc  Code  Gb  stm32l0xx_hal.o [4]
HAL_IncTick              0x800'1551   0x10  Code  Gb  stm32l0xx_hal.o [4]
HAL_Init                 0x800'14d5   0x24  Code  Gb  stm32l0xx_hal.o [4]
HAL_InitTick             0x800'0739   0x44  Code  Gb  stm32l0xx_hal.o [4]
HAL_MspInit              0x800'0dd1   0x28  Code  Gb  stm32l0xx_hal_msp.o [2]
HAL_NVIC_EnableIRQ       0x800'089f   0x12  Code  Gb  stm32l0xx_hal_cortex.o [4]
HAL_NVIC_SetPriority     0x800'0897    0x8  Code  Gb  stm32l0xx_hal_cortex.o [4]
HAL_RCC_ClockConfig      0x800'04f5  0x194  Code  Gb  stm32l0xx_hal_rcc.o [4]
HAL_RCC_GetSysClockFreq
                         0x800'0699   0x72  Code  Gb  stm32l0xx_hal_rcc.o [4]
HAL_RCC_OscConfig        0x800'00c1  0x424  Code  Gb  stm32l0xx_hal_rcc.o [4]
HAL_SYSTICK_Config       0x800'08b1   0x28  Code  Gb  stm32l0xx_hal_cortex.o [4]
HardFault_Handler        0x800'14ff    0x2  Code  Gb  stm32l0xx_it.o [2]
NMI_Handler              0x800'14fd    0x2  Code  Gb  stm32l0xx_it.o [2]
PLLMulTable              0x800'1668    0xc  Data  Gb  system_stm32l0xx.o [3]
PendSV_Handler           0x800'1503    0x2  Code  Gb  stm32l0xx_it.o [2]
RCC_IRQHandler           0x800'150d    0x2  Code  Gb  stm32l0xx_it.o [2]
Region$$Table$$Base      0x800'1630          --   Gb  - Linker created -
Region$$Table$$Limit     0x800'1654          --   Gb  - Linker created -
SVC_Handler              0x800'1501    0x2  Code  Gb  stm32l0xx_it.o [2]
SysTick_Handler          0x800'1505    0x8  Code  Gb  stm32l0xx_it.o [2]
SystemClock_Config       0x800'13ef   0x6e  Code  Gb  main.o [2]
SystemCoreClock         0x2000'000c    0x4  Data  Gb  system_stm32l0xx.o [3]
SystemInit               0x800'1655    0x2  Code  Gb  system_stm32l0xx.o [3]
VR                      0x2000'006c    0x8  Data  Gb  main.o [2]
__NVIC_SetPriority       0x800'085d   0x3a  Code  Lc  stm32l0xx_hal_cortex.o [4]
__aeabi_idiv0            0x800'08ed         Code  Gb  IntDivZer.o [6]
__aeabi_ldiv0            0x800'08e9         Code  Gb  I64DivZer.o [6]
__aeabi_lmul             0x800'0789         Code  Gb  I64Mul.o [6]
__aeabi_memset           0x800'1485         Code  Gb  ABImemset.o [6]
__aeabi_uldivmod         0x800'07bb         Code  Gb  I64DivMod.o [6]
__cmain                  0x800'1675         Code  Gb  cmain.o [6]
__exit                   0x800'16ad   0x14  Code  Gb  exit.o [7]
__iar_Memset4_word       0x800'14a5         Code  Gb  ABImemset.o [6]
__iar_Memset_word        0x800'1491         Code  Gb  ABImemset.o [6]
__iar_copy_init3         0x800'15d9   0x30  Code  Gb  copy_init3.o [6]
__iar_data_init3         0x800'1609   0x28  Code  Gb  data_init.o [6]
__iar_program_start      0x800'16c1         Code  Gb  cstartup_M.o [6]
__iar_small_uidiv        0x800'0825         Code  Gb  I32DivMod.o [6]
__iar_small_uidivmod     0x800'0825         Code  Gb  I32DivMod.o [6]
__iar_zero_init3         0x800'159d   0x3c  Code  Gb  zero_init3.o [6]
__low_level_init         0x800'1693    0x4  Code  Gb  low_level_init.o [5]
__vector_table           0x800'0000         Data  Gb  startup_stm32l010xb.o [1]
_call_main               0x800'1681         Code  Gb  cmain.o [6]
_exit                    0x800'16a1         Code  Gb  cexit.o [6]
exit                     0x800'1697    0x8  Code  Gb  exit.o [5]
hadc                    0x2000'0010   0x5c  Data  Gb  main.o [2]
hdma_adc                0x2000'0074   0x48  Data  Gb  main.o [2]
main                     0x800'1299  0x156  Code  Gb  main.o [2]
memset                   0x800'10b3   0x14  Code  Gb  memset.o [6]
uwTick                  0x2000'0004    0x4  Data  Gb  stm32l0xx_hal.o [4]
uwTickFreq              0x2000'0000    0x1  Data  Gb  stm32l0xx_hal.o [4]
uwTickPrio              0x2000'0008    0x4  Data  Gb  stm32l0xx_hal.o [4]


[1] = C:\Users\sebastian.cioata\Documents\Internship 2021\Projects\Project3_BInaryCounter_8bits\EWARM\Project3_BInaryCounter_8bits\Obj\Application\EWARM
[2] = C:\Users\sebastian.cioata\Documents\Internship 2021\Projects\Project3_BInaryCounter_8bits\EWARM\Project3_BInaryCounter_8bits\Obj\Application\User\Core
[3] = C:\Users\sebastian.cioata\Documents\Internship 2021\Projects\Project3_BInaryCounter_8bits\EWARM\Project3_BInaryCounter_8bits\Obj\Drivers\CMSIS
[4] = C:\Users\sebastian.cioata\Documents\Internship 2021\Projects\Project3_BInaryCounter_8bits\EWARM\Project3_BInaryCounter_8bits\Obj\Drivers\STM32L0xx_HAL_Driver
[5] = dl6M_tln.a
[6] = rt6M_tl.a
[7] = shb_l.a

  5'832 bytes of readonly  code memory
     52 bytes of readonly  data memory
  1'212 bytes of readwrite data memory

Errors: none
Warnings: none
