###############################################################################
#
# IAR ELF Linker V9.10.1.308/W64 for ARM                  10/May/2021  13:13:42
# Copyright 2007-2021 IAR Systems AB.
#
#    Output file  =
#        C:\Users\sebastian.cioata\Documents\Internship
#        2021\Projects\Project21_CAN_F767ZI_CU_ANDREI_FUNCTIONAL\Project21_\EWARM\Project21_\Exe\Project21_.out
#    Map file     =
#        C:\Users\sebastian.cioata\Documents\Internship
#        2021\Projects\Project21_CAN_F767ZI_CU_ANDREI_FUNCTIONAL\Project21_\EWARM\Project21_\List\Project21_.map
#    Command line =
#        -f "C:\Users\sebastian.cioata\Documents\Internship
#        2021\Projects\Project21_CAN_F767ZI_CU_ANDREI_FUNCTIONAL\Project21_\EWARM\Project21_\Exe\Project21_.out.rsp"
#        ("C:\Users\sebastian.cioata\Documents\Internship
#        2021\Projects\Project21_CAN_F767ZI_CU_ANDREI_FUNCTIONAL\Project21_\EWARM\Project21_\Obj\Application\User\main.o"
#        "C:\Users\sebastian.cioata\Documents\Internship
#        2021\Projects\Project21_CAN_F767ZI_CU_ANDREI_FUNCTIONAL\Project21_\EWARM\Project21_\Obj\Application\EWARM\startup_stm32f767xx.o"
#        "C:\Users\sebastian.cioata\Documents\Internship
#        2021\Projects\Project21_CAN_F767ZI_CU_ANDREI_FUNCTIONAL\Project21_\EWARM\Project21_\Obj\Drivers\STM32F7xx_HAL_Driver\stm32f7xx_hal.o"
#        "C:\Users\sebastian.cioata\Documents\Internship
#        2021\Projects\Project21_CAN_F767ZI_CU_ANDREI_FUNCTIONAL\Project21_\EWARM\Project21_\Obj\Drivers\STM32F7xx_HAL_Driver\stm32f7xx_hal_can.o"
#        "C:\Users\sebastian.cioata\Documents\Internship
#        2021\Projects\Project21_CAN_F767ZI_CU_ANDREI_FUNCTIONAL\Project21_\EWARM\Project21_\Obj\Drivers\STM32F7xx_HAL_Driver\stm32f7xx_hal_cortex.o"
#        "C:\Users\sebastian.cioata\Documents\Internship
#        2021\Projects\Project21_CAN_F767ZI_CU_ANDREI_FUNCTIONAL\Project21_\EWARM\Project21_\Obj\Drivers\STM32F7xx_HAL_Driver\stm32f7xx_hal_dma.o"
#        "C:\Users\sebastian.cioata\Documents\Internship
#        2021\Projects\Project21_CAN_F767ZI_CU_ANDREI_FUNCTIONAL\Project21_\EWARM\Project21_\Obj\Drivers\STM32F7xx_HAL_Driver\stm32f7xx_hal_dma_ex.o"
#        "C:\Users\sebastian.cioata\Documents\Internship
#        2021\Projects\Project21_CAN_F767ZI_CU_ANDREI_FUNCTIONAL\Project21_\EWARM\Project21_\Obj\Drivers\STM32F7xx_HAL_Driver\stm32f7xx_hal_exti.o"
#        "C:\Users\sebastian.cioata\Documents\Internship
#        2021\Projects\Project21_CAN_F767ZI_CU_ANDREI_FUNCTIONAL\Project21_\EWARM\Project21_\Obj\Drivers\STM32F7xx_HAL_Driver\stm32f7xx_hal_flash.o"
#        "C:\Users\sebastian.cioata\Documents\Internship
#        2021\Projects\Project21_CAN_F767ZI_CU_ANDREI_FUNCTIONAL\Project21_\EWARM\Project21_\Obj\Drivers\STM32F7xx_HAL_Driver\stm32f7xx_hal_flash_ex.o"
#        "C:\Users\sebastian.cioata\Documents\Internship
#        2021\Projects\Project21_CAN_F767ZI_CU_ANDREI_FUNCTIONAL\Project21_\EWARM\Project21_\Obj\Drivers\STM32F7xx_HAL_Driver\stm32f7xx_hal_gpio.o"
#        "C:\Users\sebastian.cioata\Documents\Internship
#        2021\Projects\Project21_CAN_F767ZI_CU_ANDREI_FUNCTIONAL\Project21_\EWARM\Project21_\Obj\Drivers\STM32F7xx_HAL_Driver\stm32f7xx_hal_i2c.o"
#        "C:\Users\sebastian.cioata\Documents\Internship
#        2021\Projects\Project21_CAN_F767ZI_CU_ANDREI_FUNCTIONAL\Project21_\EWARM\Project21_\Obj\Drivers\STM32F7xx_HAL_Driver\stm32f7xx_hal_i2c_ex.o"
#        "C:\Users\sebastian.cioata\Documents\Internship
#        2021\Projects\Project21_CAN_F767ZI_CU_ANDREI_FUNCTIONAL\Project21_\EWARM\Project21_\Obj\Application\User\stm32f7xx_hal_msp.o"
#        "C:\Users\sebastian.cioata\Documents\Internship
#        2021\Projects\Project21_CAN_F767ZI_CU_ANDREI_FUNCTIONAL\Project21_\EWARM\Project21_\Obj\Drivers\STM32F7xx_HAL_Driver\stm32f7xx_hal_pwr.o"
#        "C:\Users\sebastian.cioata\Documents\Internship
#        2021\Projects\Project21_CAN_F767ZI_CU_ANDREI_FUNCTIONAL\Project21_\EWARM\Project21_\Obj\Drivers\STM32F7xx_HAL_Driver\stm32f7xx_hal_pwr_ex.o"
#        "C:\Users\sebastian.cioata\Documents\Internship
#        2021\Projects\Project21_CAN_F767ZI_CU_ANDREI_FUNCTIONAL\Project21_\EWARM\Project21_\Obj\Drivers\STM32F7xx_HAL_Driver\stm32f7xx_hal_rcc.o"
#        "C:\Users\sebastian.cioata\Documents\Internship
#        2021\Projects\Project21_CAN_F767ZI_CU_ANDREI_FUNCTIONAL\Project21_\EWARM\Project21_\Obj\Drivers\STM32F7xx_HAL_Driver\stm32f7xx_hal_rcc_ex.o"
#        "C:\Users\sebastian.cioata\Documents\Internship
#        2021\Projects\Project21_CAN_F767ZI_CU_ANDREI_FUNCTIONAL\Project21_\EWARM\Project21_\Obj\Drivers\STM32F7xx_HAL_Driver\stm32f7xx_hal_tim.o"
#        "C:\Users\sebastian.cioata\Documents\Internship
#        2021\Projects\Project21_CAN_F767ZI_CU_ANDREI_FUNCTIONAL\Project21_\EWARM\Project21_\Obj\Drivers\STM32F7xx_HAL_Driver\stm32f7xx_hal_tim_ex.o"
#        "C:\Users\sebastian.cioata\Documents\Internship
#        2021\Projects\Project21_CAN_F767ZI_CU_ANDREI_FUNCTIONAL\Project21_\EWARM\Project21_\Obj\Application\User\stm32f7xx_it.o"
#        "C:\Users\sebastian.cioata\Documents\Internship
#        2021\Projects\Project21_CAN_F767ZI_CU_ANDREI_FUNCTIONAL\Project21_\EWARM\Project21_\Obj\Drivers\CMSIS\system_stm32f7xx.o"
#        --redirect _Printf=_PrintfFull --redirect _Scanf=_ScanfFull
#        --no_out_extension -o "C:\Users\sebastian.cioata\Documents\Internship
#        2021\Projects\Project21_CAN_F767ZI_CU_ANDREI_FUNCTIONAL\Project21_\EWARM\Project21_\Exe\Project21_.out"
#        --map "C:\Users\sebastian.cioata\Documents\Internship
#        2021\Projects\Project21_CAN_F767ZI_CU_ANDREI_FUNCTIONAL\Project21_\EWARM\Project21_\List\Project21_.map"
#        --config "C:\Users\sebastian.cioata\Documents\Internship
#        2021\Projects\Project21_CAN_F767ZI_CU_ANDREI_FUNCTIONAL\Project21_\EWARM/stm32f767xx_flash.icf"
#        --semihosting --entry __iar_program_start --vfe --text_out locale)
#
###############################################################################

*******************************************************************************
*** RUNTIME MODEL ATTRIBUTES
***

CppFlavor       = *
__SystemLibrary = DLib
__dlib_version  = 6


*******************************************************************************
*** HEAP SELECTION
***

The basic heap was selected because some modules are built with
size limitations (and not runtime checking), and --advanced_heap
was not specified.


*******************************************************************************
*** PLACEMENT SUMMARY
***

"A0":  place at address 0x800'0000 { ro section .intvec };
"P1":  place in [from 0x800'0000 to 0x81f'ffff] { ro };
define block CSTACK with size = 1K, alignment = 8 { };
define block HEAP with size = 512, alignment = 8 { };
"P2":  place in [from 0x2000'0000 to 0x2007'ffff] {
          rw, block CSTACK, block HEAP };
initialize by copy { rw };

  Section            Kind         Address    Size  Object
  -------            ----         -------    ----  ------
"A0":                                       0x1f8
  .intvec            ro code   0x800'0000   0x1f8  startup_stm32f767xx.o [1]
                             - 0x800'01f8   0x1f8

"P1":                                      0x1500
  .text              ro code   0x800'01f8   0x658  stm32f7xx_hal_can.o [4]
  .text              ro code   0x800'0850   0x10c  stm32f7xx_hal_msp.o [2]
  .text              ro code   0x800'095c     0xc  stm32f7xx_hal.o [4]
  .text              ro code   0x800'0968    0x14  memset.o [7]
  .text              ro code   0x800'097c   0x1f8  stm32f7xx_hal_gpio.o [4]
  .text              ro code   0x800'0b74    0x66  ABImemset.o [7]
  .text              ro code   0x800'0bda    0x2a  copy_init3.o [7]
  .text              ro code   0x800'0c04   0x440  stm32f7xx_hal_rcc.o [4]
  .text              ro code   0x800'1044    0x28  stm32f7xx_hal.o [4]
  .text              ro code   0x800'106c    0xac  stm32f7xx_hal_cortex.o [4]
  .text              ro code   0x800'1118   0x274  main.o [2]
  .text              ro code   0x800'138c    0x16  stm32f7xx_hal.o [4]
  .text              ro code   0x800'13a4    0x60  system_stm32f7xx.o [3]
  .text              ro code   0x800'1404    0x38  zero_init3.o [7]
  .text              ro code   0x800'143c    0x28  data_init.o [7]
  .text              ro code   0x800'1464    0x22  fpinit_M.o [6]
  .iar.init_table    const     0x800'1488    0x24  - Linker created -
  .text              ro code   0x800'14ac    0x1e  cmain.o [7]
  .text              ro code   0x800'14ca     0x4  low_level_init.o [5]
  .text              ro code   0x800'14ce     0x4  exit.o [5]
  .text              ro code   0x800'14d4     0xa  cexit.o [7]
  .text              ro code   0x800'14e0    0x14  exit.o [8]
  .text              ro code   0x800'14f4    0x1c  cstartup_M.o [7]
  .text              ro code   0x800'1510    0x14  stm32f7xx_it.o [2]
  .text              ro code   0x800'1524    0x10  stm32f7xx_hal.o [4]
  .text              ro code   0x800'1534    0x10  startup_stm32f767xx.o [1]
  .text              ro code   0x800'1544     0x4  startup_stm32f767xx.o [1]
  .text              ro code   0x800'1548     0x4  startup_stm32f767xx.o [1]
  .text              ro code   0x800'154c     0x4  startup_stm32f767xx.o [1]
  .text              ro code   0x800'1550     0x4  startup_stm32f767xx.o [1]
  .text              ro code   0x800'1554     0x4  startup_stm32f767xx.o [1]
  .text              ro code   0x800'1558     0x4  startup_stm32f767xx.o [1]
  .text              ro code   0x800'155c     0x4  startup_stm32f767xx.o [1]
  .text              ro code   0x800'1560     0x4  startup_stm32f767xx.o [1]
  .text              ro code   0x800'1564     0x4  startup_stm32f767xx.o [1]
  .text              ro code   0x800'1568     0x4  startup_stm32f767xx.o [1]
  .text              ro code   0x800'156c     0x4  startup_stm32f767xx.o [1]
  .text              ro code   0x800'1570     0x4  startup_stm32f767xx.o [1]
  .text              ro code   0x800'1574     0x4  startup_stm32f767xx.o [1]
  .text              ro code   0x800'1578     0x4  startup_stm32f767xx.o [1]
  .text              ro code   0x800'157c     0x4  startup_stm32f767xx.o [1]
  .text              ro code   0x800'1580     0x4  startup_stm32f767xx.o [1]
  .text              ro code   0x800'1584     0x4  startup_stm32f767xx.o [1]
  .text              ro code   0x800'1588     0x4  startup_stm32f767xx.o [1]
  .text              ro code   0x800'158c     0x4  startup_stm32f767xx.o [1]
  .text              ro code   0x800'1590     0x4  startup_stm32f767xx.o [1]
  .text              ro code   0x800'1594     0x4  startup_stm32f767xx.o [1]
  .text              ro code   0x800'1598     0x4  startup_stm32f767xx.o [1]
  .text              ro code   0x800'159c     0x4  startup_stm32f767xx.o [1]
  .text              ro code   0x800'15a0     0x4  startup_stm32f767xx.o [1]
  .text              ro code   0x800'15a4     0x4  startup_stm32f767xx.o [1]
  .text              ro code   0x800'15a8     0x4  startup_stm32f767xx.o [1]
  .text              ro code   0x800'15ac     0x4  startup_stm32f767xx.o [1]
  .text              ro code   0x800'15b0     0x4  startup_stm32f767xx.o [1]
  .text              ro code   0x800'15b4     0x4  startup_stm32f767xx.o [1]
  .text              ro code   0x800'15b8     0x4  startup_stm32f767xx.o [1]
  .text              ro code   0x800'15bc     0x4  startup_stm32f767xx.o [1]
  .text              ro code   0x800'15c0     0x4  startup_stm32f767xx.o [1]
  .text              ro code   0x800'15c4     0x4  startup_stm32f767xx.o [1]
  .text              ro code   0x800'15c8     0x4  startup_stm32f767xx.o [1]
  .text              ro code   0x800'15cc     0x4  startup_stm32f767xx.o [1]
  .text              ro code   0x800'15d0     0x4  startup_stm32f767xx.o [1]
  .text              ro code   0x800'15d4     0x4  startup_stm32f767xx.o [1]
  .text              ro code   0x800'15d8     0x4  startup_stm32f767xx.o [1]
  .text              ro code   0x800'15dc     0x4  startup_stm32f767xx.o [1]
  .text              ro code   0x800'15e0     0x4  startup_stm32f767xx.o [1]
  .text              ro code   0x800'15e4     0x4  startup_stm32f767xx.o [1]
  .text              ro code   0x800'15e8     0x4  startup_stm32f767xx.o [1]
  .text              ro code   0x800'15ec     0x4  startup_stm32f767xx.o [1]
  .text              ro code   0x800'15f0     0x4  startup_stm32f767xx.o [1]
  .text              ro code   0x800'15f4     0x4  startup_stm32f767xx.o [1]
  .text              ro code   0x800'15f8     0x4  startup_stm32f767xx.o [1]
  .text              ro code   0x800'15fc     0x4  startup_stm32f767xx.o [1]
  .text              ro code   0x800'1600     0x4  startup_stm32f767xx.o [1]
  .text              ro code   0x800'1604     0x4  startup_stm32f767xx.o [1]
  .text              ro code   0x800'1608     0x4  startup_stm32f767xx.o [1]
  .text              ro code   0x800'160c     0x4  startup_stm32f767xx.o [1]
  .text              ro code   0x800'1610     0x4  startup_stm32f767xx.o [1]
  .text              ro code   0x800'1614     0x4  startup_stm32f767xx.o [1]
  .text              ro code   0x800'1618     0x4  startup_stm32f767xx.o [1]
  .text              ro code   0x800'161c     0x4  startup_stm32f767xx.o [1]
  .text              ro code   0x800'1620     0x4  startup_stm32f767xx.o [1]
  .text              ro code   0x800'1624     0x4  startup_stm32f767xx.o [1]
  .text              ro code   0x800'1628     0x4  startup_stm32f767xx.o [1]
  .text              ro code   0x800'162c     0x4  startup_stm32f767xx.o [1]
  .text              ro code   0x800'1630     0x4  startup_stm32f767xx.o [1]
  .text              ro code   0x800'1634     0x4  startup_stm32f767xx.o [1]
  .text              ro code   0x800'1638     0x4  startup_stm32f767xx.o [1]
  .text              ro code   0x800'163c     0x4  startup_stm32f767xx.o [1]
  .text              ro code   0x800'1640     0x4  startup_stm32f767xx.o [1]
  .text              ro code   0x800'1644     0x4  startup_stm32f767xx.o [1]
  .text              ro code   0x800'1648     0x4  startup_stm32f767xx.o [1]
  .text              ro code   0x800'164c     0x4  startup_stm32f767xx.o [1]
  .text              ro code   0x800'1650     0x4  startup_stm32f767xx.o [1]
  .text              ro code   0x800'1654     0x4  startup_stm32f767xx.o [1]
  .text              ro code   0x800'1658     0x4  startup_stm32f767xx.o [1]
  .text              ro code   0x800'165c     0x4  startup_stm32f767xx.o [1]
  .text              ro code   0x800'1660     0x4  startup_stm32f767xx.o [1]
  .text              ro code   0x800'1664     0x4  startup_stm32f767xx.o [1]
  .text              ro code   0x800'1668     0x4  startup_stm32f767xx.o [1]
  .text              ro code   0x800'166c     0x4  startup_stm32f767xx.o [1]
  .text              ro code   0x800'1670     0x4  startup_stm32f767xx.o [1]
  .text              ro code   0x800'1674     0x4  startup_stm32f767xx.o [1]
  .text              ro code   0x800'1678     0x4  startup_stm32f767xx.o [1]
  .text              ro code   0x800'167c     0x4  startup_stm32f767xx.o [1]
  .text              ro code   0x800'1680     0x4  startup_stm32f767xx.o [1]
  .text              ro code   0x800'1684     0x4  startup_stm32f767xx.o [1]
  .text              ro code   0x800'1688     0x4  startup_stm32f767xx.o [1]
  .text              ro code   0x800'168c     0x4  startup_stm32f767xx.o [1]
  .text              ro code   0x800'1690     0x4  startup_stm32f767xx.o [1]
  .text              ro code   0x800'1694     0x4  startup_stm32f767xx.o [1]
  .text              ro code   0x800'1698     0x4  startup_stm32f767xx.o [1]
  .text              ro code   0x800'169c     0x4  startup_stm32f767xx.o [1]
  .text              ro code   0x800'16a0     0x4  startup_stm32f767xx.o [1]
  .text              ro code   0x800'16a4     0x4  startup_stm32f767xx.o [1]
  .text              ro code   0x800'16a8     0x4  startup_stm32f767xx.o [1]
  .text              ro code   0x800'16ac     0x4  startup_stm32f767xx.o [1]
  .text              ro code   0x800'16b0     0x4  startup_stm32f767xx.o [1]
  .text              ro code   0x800'16b4     0x4  startup_stm32f767xx.o [1]
  .text              ro code   0x800'16b8     0x4  startup_stm32f767xx.o [1]
  .text              ro code   0x800'16bc     0x4  startup_stm32f767xx.o [1]
  .text              ro code   0x800'16c0     0x4  startup_stm32f767xx.o [1]
  .text              ro code   0x800'16c4     0x4  startup_stm32f767xx.o [1]
  .text              ro code   0x800'16c8     0x4  startup_stm32f767xx.o [1]
  .text              ro code   0x800'16cc     0x4  startup_stm32f767xx.o [1]
  .text              ro code   0x800'16d0     0x4  startup_stm32f767xx.o [1]
  .text              ro code   0x800'16d4     0x4  startup_stm32f767xx.o [1]
  .text              ro code   0x800'16d8     0x4  startup_stm32f767xx.o [1]
  .text              ro code   0x800'16dc     0x4  startup_stm32f767xx.o [1]
  .text              ro code   0x800'16e0     0x4  startup_stm32f767xx.o [1]
  .text              ro code   0x800'16e4     0x4  startup_stm32f767xx.o [1]
  .text              ro code   0x800'16e8     0x4  startup_stm32f767xx.o [1]
  .text              ro code   0x800'16ec     0x4  startup_stm32f767xx.o [1]
  .text              ro code   0x800'16f0     0x4  startup_stm32f767xx.o [1]
  Initializer bytes  const     0x800'16f4     0x4  <for P2-1>
  .rodata            const     0x800'16f8     0x0  zero_init3.o [7]
  .rodata            const     0x800'16f8     0x0  copy_init3.o [7]
                             - 0x800'16f8  0x1500

"P2", part 1 of 3:                            0x4
  P2-1                        0x2000'0000     0x4  <Init block>
    .data            inited   0x2000'0000     0x4  system_stm32f7xx.o [3]
                            - 0x2000'0004     0x4

"P2", part 2 of 3:                          0x164
  .bss               zero     0x2000'0004   0x15c  main.o [2]
  .bss               zero     0x2000'0160     0x4  stm32f7xx_hal.o [4]
  .bss               zero     0x2000'0164     0x4  stm32f7xx_hal_msp.o [2]
                            - 0x2000'0168   0x164

"P2", part 3 of 3:                          0x400
  CSTACK                      0x2000'0168   0x400  <Block>
    CSTACK           uninit   0x2000'0168   0x400  <Block tail>
                            - 0x2000'0568   0x400

Unused ranges:

         From           To       Size
         ----           --       ----
   0x800'16f8   0x81f'ffff  0x1f'e908
  0x2000'0568  0x2007'ffff   0x7'fa98


*******************************************************************************
*** INIT TABLE
***

          Address      Size
          -------      ----
Zero (__iar_zero_init3)
    1 destination range, total size 0x164:
          0x2000'0004  0x164

Copy (__iar_copy_init3)
    1 source range, total size 0x4:
           0x800'16f4    0x4
    1 destination range, total size 0x4:
          0x2000'0000    0x4



*******************************************************************************
*** MODULE SUMMARY
***

    Module                  ro code  ro data  rw data
    ------                  -------  -------  -------
command line/config:
    -------------------------------------------------
    Total:

C:\Users\sebastian.cioata\Documents\Internship 2021\Projects\Project21_CAN_F767ZI_CU_ANDREI_FUNCTIONAL\Project21_\EWARM\Project21_\Obj\Application\EWARM: [1]
    startup_stm32f767xx.o       952
    -------------------------------------------------
    Total:                      952

C:\Users\sebastian.cioata\Documents\Internship 2021\Projects\Project21_CAN_F767ZI_CU_ANDREI_FUNCTIONAL\Project21_\EWARM\Project21_\Obj\Application\User: [2]
    main.o                      628               348
    stm32f7xx_hal_msp.o         268                 4
    stm32f7xx_it.o               20
    -------------------------------------------------
    Total:                      916               352

C:\Users\sebastian.cioata\Documents\Internship 2021\Projects\Project21_CAN_F767ZI_CU_ANDREI_FUNCTIONAL\Project21_\EWARM\Project21_\Obj\Drivers\CMSIS: [3]
    system_stm32f7xx.o           96        4        4
    -------------------------------------------------
    Total:                       96        4        4

C:\Users\sebastian.cioata\Documents\Internship 2021\Projects\Project21_CAN_F767ZI_CU_ANDREI_FUNCTIONAL\Project21_\EWARM\Project21_\Obj\Drivers\STM32F7xx_HAL_Driver: [4]
    stm32f7xx_hal.o              90                 4
    stm32f7xx_hal_can.o       1'624
    stm32f7xx_hal_cortex.o      172
    stm32f7xx_hal_gpio.o        504
    stm32f7xx_hal_rcc.o       1'088
    -------------------------------------------------
    Total:                    3'478                 4

dl7M_tlf.a: [5]
    exit.o                        4
    low_level_init.o              4
    -------------------------------------------------
    Total:                        8

m7M_tlv.a: [6]
    fpinit_M.o                   34
    -------------------------------------------------
    Total:                       34

rt7M_tl.a: [7]
    ABImemset.o                 102
    cexit.o                      10
    cmain.o                      30
    copy_init3.o                 42
    cstartup_M.o                 28
    data_init.o                  40
    memset.o                     20
    zero_init3.o                 56
    -------------------------------------------------
    Total:                      328

shb_l.a: [8]
    exit.o                       20
    -------------------------------------------------
    Total:                       20

    Gaps                          6        2
    Linker created                        36    1'024
-----------------------------------------------------
    Grand Total:              5'838       42    1'384


*******************************************************************************
*** ENTRY LIST
***

Entry                       Address   Size  Type      Object
-----                       -------   ----  ----      ------
.iar.init_table$$Base    0x800'1488          --   Gb  - Linker created -
.iar.init_table$$Limit   0x800'14ac          --   Gb  - Linker created -
?main                    0x800'14ad         Code  Gb  cmain.o [7]
AHBPrescTable            0x800'13f4   0x10  Data  Gb  system_stm32f7xx.o [3]
BusFault_Handler         0x800'1517    0x2  Code  Gb  stm32f7xx_it.o [2]
CSTACK$$Base            0x2000'0168          --   Gb  - Linker created -
CSTACK$$Limit           0x2000'0568          --   Gb  - Linker created -
DebugMon_Handler         0x800'151d    0x2  Code  Gb  stm32f7xx_it.o [2]
HAL_CAN_ConfigFilter     0x800'034b   0xe0  Code  Gb  stm32f7xx_hal_can.o [4]
HAL_CAN_Init             0x800'01f9  0x152  Code  Gb  stm32f7xx_hal_can.o [4]
HAL_CAN_MspInit          0x800'087d   0x98  Code  Gb  stm32f7xx_hal_msp.o [2]
HAL_CAN_Receive          0x800'063b  0x1f0  Code  Gb  stm32f7xx_hal_can.o [4]
HAL_CAN_Transmit         0x800'044b  0x1f0  Code  Gb  stm32f7xx_hal_can.o [4]
HAL_GPIO_Init            0x800'097d  0x1c4  Code  Gb  stm32f7xx_hal_gpio.o [4]
HAL_GetTick              0x800'095d    0xc  Code  Gb  stm32f7xx_hal.o [4]
HAL_IncTick              0x800'1525   0x10  Code  Gb  stm32f7xx_hal.o [4]
HAL_Init                 0x800'138d   0x16  Code  Gb  stm32f7xx_hal.o [4]
HAL_InitTick             0x800'1045   0x28  Code  Gb  stm32f7xx_hal.o [4]
HAL_MspInit              0x800'0851   0x2c  Code  Gb  stm32f7xx_hal_msp.o [2]
HAL_NVIC_SetPriority     0x800'10a1   0x3a  Code  Gb  stm32f7xx_hal_cortex.o [4]
HAL_NVIC_SetPriorityGrouping
                         0x800'1087   0x1a  Code  Gb  stm32f7xx_hal_cortex.o [4]
HAL_RCC_CAN1_CLK_ENABLED
                        0x2000'0164    0x4  Data  Lc  stm32f7xx_hal_msp.o [2]
HAL_RCC_ClockConfig      0x800'0ef5   0xdc  Code  Gb  stm32f7xx_hal_rcc.o [4]
HAL_RCC_GetSysClockFreq
                         0x800'0feb   0x40  Code  Gb  stm32f7xx_hal_rcc.o [4]
HAL_RCC_OscConfig        0x800'0c05  0x2f0  Code  Gb  stm32f7xx_hal_rcc.o [4]
HAL_SYSTICK_Config       0x800'10db   0x28  Code  Gb  stm32f7xx_hal_cortex.o [4]
HardFault_Handler        0x800'1513    0x2  Code  Gb  stm32f7xx_it.o [2]
MemManage_Handler        0x800'1515    0x2  Code  Gb  stm32f7xx_it.o [2]
NMI_Handler              0x800'1511    0x2  Code  Gb  stm32f7xx_it.o [2]
NVIC_SetPriority         0x800'106d   0x1a  Code  Lc  stm32f7xx_hal_cortex.o [4]
PendSV_Handler           0x800'151f    0x2  Code  Gb  stm32f7xx_it.o [2]
Region$$Table$$Base      0x800'1488          --   Gb  - Linker created -
Region$$Table$$Limit     0x800'14ac          --   Gb  - Linker created -
SVC_Handler              0x800'151b    0x2  Code  Gb  stm32f7xx_it.o [2]
SysTick_Handler          0x800'1521    0x4  Code  Gb  stm32f7xx_it.o [2]
SystemClock_Config       0x800'12e1   0x90  Code  Gb  main.o [2]
SystemCoreClock         0x2000'0000    0x4  Data  Gb  system_stm32f7xx.o [3]
SystemInit               0x800'13a5   0x3e  Code  Gb  system_stm32f7xx.o [3]
UsageFault_Handler       0x800'1519    0x2  Code  Gb  stm32f7xx_it.o [2]
__aeabi_memset           0x800'0b75         Code  Gb  ABImemset.o [7]
__cmain                  0x800'14ad         Code  Gb  cmain.o [7]
__exit                   0x800'14e1   0x14  Code  Gb  exit.o [8]
__iar_Memset             0x800'0b75         Code  Gb  ABImemset.o [7]
__iar_Memset_word        0x800'0b7d         Code  Gb  ABImemset.o [7]
__iar_copy_init3         0x800'0bdb   0x2a  Code  Gb  copy_init3.o [7]
__iar_data_init3         0x800'143d   0x28  Code  Gb  data_init.o [7]
__iar_init_vfp           0x800'1465         Code  Gb  fpinit_M.o [6]
__iar_program_start      0x800'14f5         Code  Gb  cstartup_M.o [7]
__iar_zero_init3         0x800'1405   0x38  Code  Gb  zero_init3.o [7]
__low_level_init         0x800'14cb    0x4  Code  Gb  low_level_init.o [5]
__vector_table           0x800'0000         Data  Gb  startup_stm32f767xx.o [1]
_call_main               0x800'14b9         Code  Gb  cmain.o [7]
_exit                    0x800'14d5         Code  Gb  cexit.o [7]
exit                     0x800'14cf    0x4  Code  Gb  exit.o [5]
hcan1                   0x2000'0004   0x44  Data  Gb  main.o [2]
hcan3                   0x2000'0048   0x44  Data  Gb  main.o [2]
main                     0x800'1119  0x1c8  Code  Gb  main.o [2]
memset                   0x800'0969   0x14  Code  Gb  memset.o [7]
old_uwTick              0x2000'0114    0x4  Data  Gb  main.o [2]
rxmsg1                  0x2000'0118   0x24  Data  Gb  main.o [2]
rxmsg3                  0x2000'013c   0x24  Data  Gb  main.o [2]
sFConfig1               0x2000'008c   0x28  Data  Gb  main.o [2]
sFConfig3               0x2000'00b4   0x28  Data  Gb  main.o [2]
txmsg1                  0x2000'00dc   0x1c  Data  Gb  main.o [2]
txmsg3                  0x2000'00f8   0x1c  Data  Gb  main.o [2]
uwTick                  0x2000'0160    0x4  Data  Gb  stm32f7xx_hal.o [4]


[1] = C:\Users\sebastian.cioata\Documents\Internship 2021\Projects\Project21_CAN_F767ZI_CU_ANDREI_FUNCTIONAL\Project21_\EWARM\Project21_\Obj\Application\EWARM
[2] = C:\Users\sebastian.cioata\Documents\Internship 2021\Projects\Project21_CAN_F767ZI_CU_ANDREI_FUNCTIONAL\Project21_\EWARM\Project21_\Obj\Application\User
[3] = C:\Users\sebastian.cioata\Documents\Internship 2021\Projects\Project21_CAN_F767ZI_CU_ANDREI_FUNCTIONAL\Project21_\EWARM\Project21_\Obj\Drivers\CMSIS
[4] = C:\Users\sebastian.cioata\Documents\Internship 2021\Projects\Project21_CAN_F767ZI_CU_ANDREI_FUNCTIONAL\Project21_\EWARM\Project21_\Obj\Drivers\STM32F7xx_HAL_Driver
[5] = dl7M_tlf.a
[6] = m7M_tlv.a
[7] = rt7M_tl.a
[8] = shb_l.a

  5'838 bytes of readonly  code memory
     42 bytes of readonly  data memory
  1'384 bytes of readwrite data memory

Errors: none
Warnings: none
