###############################################################################
#
# IAR ELF Linker V9.10.1.308/W64 for ARM                  20/Apr/2021  14:20:39
# Copyright 2007-2021 IAR Systems AB.
#
#    Output file  =
#        C:\Users\sebastian.cioata\Documents\Internship
#        2021\Projects\Project18_CAN_F767ZI_SEVER_OLD_2xCAN\EWARM\Project18_CAN_F767ZI_SEVER_OLD_2xCAN\Exe\Project18_CAN_F767ZI_SEVER_OLD_2xCAN.out
#    Map file     =
#        C:\Users\sebastian.cioata\Documents\Internship
#        2021\Projects\Project18_CAN_F767ZI_SEVER_OLD_2xCAN\EWARM\Project18_CAN_F767ZI_SEVER_OLD_2xCAN\List\Project18_CAN_F767ZI_SEVER_OLD_2xCAN.map
#    Command line =
#        -f "C:\Users\sebastian.cioata\Documents\Internship
#        2021\Projects\Project18_CAN_F767ZI_SEVER_OLD_2xCAN\EWARM\Project18_CAN_F767ZI_SEVER_OLD_2xCAN\Exe\Project18_CAN_F767ZI_SEVER_OLD_2xCAN.out.rsp"
#        ("C:\Users\sebastian.cioata\Documents\Internship
#        2021\Projects\Project18_CAN_F767ZI_SEVER_OLD_2xCAN\EWARM\Project18_CAN_F767ZI_SEVER_OLD_2xCAN\Obj\Application\User\main.o"
#        "C:\Users\sebastian.cioata\Documents\Internship
#        2021\Projects\Project18_CAN_F767ZI_SEVER_OLD_2xCAN\EWARM\Project18_CAN_F767ZI_SEVER_OLD_2xCAN\Obj\Application\EWARM\startup_stm32f767xx.o"
#        "C:\Users\sebastian.cioata\Documents\Internship
#        2021\Projects\Project18_CAN_F767ZI_SEVER_OLD_2xCAN\EWARM\Project18_CAN_F767ZI_SEVER_OLD_2xCAN\Obj\Drivers\STM32F7xx_HAL_Driver\stm32f7xx_hal.o"
#        "C:\Users\sebastian.cioata\Documents\Internship
#        2021\Projects\Project18_CAN_F767ZI_SEVER_OLD_2xCAN\EWARM\Project18_CAN_F767ZI_SEVER_OLD_2xCAN\Obj\Drivers\STM32F7xx_HAL_Driver\stm32f7xx_hal_can.o"
#        "C:\Users\sebastian.cioata\Documents\Internship
#        2021\Projects\Project18_CAN_F767ZI_SEVER_OLD_2xCAN\EWARM\Project18_CAN_F767ZI_SEVER_OLD_2xCAN\Obj\Drivers\STM32F7xx_HAL_Driver\stm32f7xx_hal_cortex.o"
#        "C:\Users\sebastian.cioata\Documents\Internship
#        2021\Projects\Project18_CAN_F767ZI_SEVER_OLD_2xCAN\EWARM\Project18_CAN_F767ZI_SEVER_OLD_2xCAN\Obj\Drivers\STM32F7xx_HAL_Driver\stm32f7xx_hal_dma.o"
#        "C:\Users\sebastian.cioata\Documents\Internship
#        2021\Projects\Project18_CAN_F767ZI_SEVER_OLD_2xCAN\EWARM\Project18_CAN_F767ZI_SEVER_OLD_2xCAN\Obj\Drivers\STM32F7xx_HAL_Driver\stm32f7xx_hal_dma_ex.o"
#        "C:\Users\sebastian.cioata\Documents\Internship
#        2021\Projects\Project18_CAN_F767ZI_SEVER_OLD_2xCAN\EWARM\Project18_CAN_F767ZI_SEVER_OLD_2xCAN\Obj\Drivers\STM32F7xx_HAL_Driver\stm32f7xx_hal_exti.o"
#        "C:\Users\sebastian.cioata\Documents\Internship
#        2021\Projects\Project18_CAN_F767ZI_SEVER_OLD_2xCAN\EWARM\Project18_CAN_F767ZI_SEVER_OLD_2xCAN\Obj\Drivers\STM32F7xx_HAL_Driver\stm32f7xx_hal_flash.o"
#        "C:\Users\sebastian.cioata\Documents\Internship
#        2021\Projects\Project18_CAN_F767ZI_SEVER_OLD_2xCAN\EWARM\Project18_CAN_F767ZI_SEVER_OLD_2xCAN\Obj\Drivers\STM32F7xx_HAL_Driver\stm32f7xx_hal_flash_ex.o"
#        "C:\Users\sebastian.cioata\Documents\Internship
#        2021\Projects\Project18_CAN_F767ZI_SEVER_OLD_2xCAN\EWARM\Project18_CAN_F767ZI_SEVER_OLD_2xCAN\Obj\Drivers\STM32F7xx_HAL_Driver\stm32f7xx_hal_gpio.o"
#        "C:\Users\sebastian.cioata\Documents\Internship
#        2021\Projects\Project18_CAN_F767ZI_SEVER_OLD_2xCAN\EWARM\Project18_CAN_F767ZI_SEVER_OLD_2xCAN\Obj\Drivers\STM32F7xx_HAL_Driver\stm32f7xx_hal_i2c.o"
#        "C:\Users\sebastian.cioata\Documents\Internship
#        2021\Projects\Project18_CAN_F767ZI_SEVER_OLD_2xCAN\EWARM\Project18_CAN_F767ZI_SEVER_OLD_2xCAN\Obj\Drivers\STM32F7xx_HAL_Driver\stm32f7xx_hal_i2c_ex.o"
#        "C:\Users\sebastian.cioata\Documents\Internship
#        2021\Projects\Project18_CAN_F767ZI_SEVER_OLD_2xCAN\EWARM\Project18_CAN_F767ZI_SEVER_OLD_2xCAN\Obj\Application\User\stm32f7xx_hal_msp.o"
#        "C:\Users\sebastian.cioata\Documents\Internship
#        2021\Projects\Project18_CAN_F767ZI_SEVER_OLD_2xCAN\EWARM\Project18_CAN_F767ZI_SEVER_OLD_2xCAN\Obj\Drivers\STM32F7xx_HAL_Driver\stm32f7xx_hal_pwr.o"
#        "C:\Users\sebastian.cioata\Documents\Internship
#        2021\Projects\Project18_CAN_F767ZI_SEVER_OLD_2xCAN\EWARM\Project18_CAN_F767ZI_SEVER_OLD_2xCAN\Obj\Drivers\STM32F7xx_HAL_Driver\stm32f7xx_hal_pwr_ex.o"
#        "C:\Users\sebastian.cioata\Documents\Internship
#        2021\Projects\Project18_CAN_F767ZI_SEVER_OLD_2xCAN\EWARM\Project18_CAN_F767ZI_SEVER_OLD_2xCAN\Obj\Drivers\STM32F7xx_HAL_Driver\stm32f7xx_hal_rcc.o"
#        "C:\Users\sebastian.cioata\Documents\Internship
#        2021\Projects\Project18_CAN_F767ZI_SEVER_OLD_2xCAN\EWARM\Project18_CAN_F767ZI_SEVER_OLD_2xCAN\Obj\Drivers\STM32F7xx_HAL_Driver\stm32f7xx_hal_rcc_ex.o"
#        "C:\Users\sebastian.cioata\Documents\Internship
#        2021\Projects\Project18_CAN_F767ZI_SEVER_OLD_2xCAN\EWARM\Project18_CAN_F767ZI_SEVER_OLD_2xCAN\Obj\Drivers\STM32F7xx_HAL_Driver\stm32f7xx_hal_tim.o"
#        "C:\Users\sebastian.cioata\Documents\Internship
#        2021\Projects\Project18_CAN_F767ZI_SEVER_OLD_2xCAN\EWARM\Project18_CAN_F767ZI_SEVER_OLD_2xCAN\Obj\Drivers\STM32F7xx_HAL_Driver\stm32f7xx_hal_tim_ex.o"
#        "C:\Users\sebastian.cioata\Documents\Internship
#        2021\Projects\Project18_CAN_F767ZI_SEVER_OLD_2xCAN\EWARM\Project18_CAN_F767ZI_SEVER_OLD_2xCAN\Obj\Application\User\stm32f7xx_it.o"
#        "C:\Users\sebastian.cioata\Documents\Internship
#        2021\Projects\Project18_CAN_F767ZI_SEVER_OLD_2xCAN\EWARM\Project18_CAN_F767ZI_SEVER_OLD_2xCAN\Obj\Drivers\CMSIS\system_stm32f7xx.o"
#        --redirect _Printf=_PrintfFull --redirect _Scanf=_ScanfFull
#        --no_out_extension -o "C:\Users\sebastian.cioata\Documents\Internship
#        2021\Projects\Project18_CAN_F767ZI_SEVER_OLD_2xCAN\EWARM\Project18_CAN_F767ZI_SEVER_OLD_2xCAN\Exe\Project18_CAN_F767ZI_SEVER_OLD_2xCAN.out"
#        --map "C:\Users\sebastian.cioata\Documents\Internship
#        2021\Projects\Project18_CAN_F767ZI_SEVER_OLD_2xCAN\EWARM\Project18_CAN_F767ZI_SEVER_OLD_2xCAN\List\Project18_CAN_F767ZI_SEVER_OLD_2xCAN.map"
#        --config "C:\Users\sebastian.cioata\Documents\Internship
#        2021\Projects\Project18_CAN_F767ZI_SEVER_OLD_2xCAN\EWARM/stm32f767xx_flash.icf"
#        --semihosting --entry __iar_program_start --vfe --text_out locale)
#
###############################################################################

*******************************************************************************
*** RUNTIME MODEL ATTRIBUTES
***

CppFlavor       = *
__SystemLibrary = DLib
__dlib_version  = 6


*******************************************************************************
*** HEAP SELECTION
***

The basic heap was selected because some modules are built with
size limitations (and not runtime checking), and --advanced_heap
was not specified.


*******************************************************************************
*** PLACEMENT SUMMARY
***

"A0":  place at address 0x800'0000 { ro section .intvec };
"P1":  place in [from 0x800'0000 to 0x81f'ffff] { ro };
define block CSTACK with size = 1K, alignment = 8 { };
define block HEAP with size = 512, alignment = 8 { };
"P2":  place in [from 0x2000'0000 to 0x2007'ffff] {
          rw, block CSTACK, block HEAP };
initialize by copy { rw };

  Section            Kind         Address   Size  Object
  -------            ----         -------   ----  ------
"A0":                                      0x1f8
  .intvec            ro code   0x800'0000  0x1f8  startup_stm32f767xx.o [1]
                             - 0x800'01f8  0x1f8

"P1":                                      0xf74
  .text              ro code   0x800'01f8  0x440  stm32f7xx_hal_rcc.o [4]
  .text              ro code   0x800'0638    0xc  stm32f7xx_hal.o [4]
  .text              ro code   0x800'0644   0x28  stm32f7xx_hal.o [4]
  .text              ro code   0x800'066c   0xac  stm32f7xx_hal_cortex.o [4]
  .text              ro code   0x800'0718  0x1f8  stm32f7xx_hal_gpio.o [4]
  .text              ro code   0x800'0910  0x1e4  main.o [2]
  .text              ro code   0x800'0af4   0x16  stm32f7xx_hal.o [4]
  .text              ro code   0x800'0b0a   0x2a  copy_init3.o [7]
  .text              ro code   0x800'0b34  0x162  stm32f7xx_hal_can.o [4]
  .text              ro code   0x800'0c96   0x18  stm32f7xx_hal.o [4]
  .text              ro code   0x800'0cae   0x14  memset.o [7]
  .text              ro code   0x800'0cc4   0xec  stm32f7xx_hal_msp.o [2]
  .text              ro code   0x800'0db0   0x66  ABImemset.o [7]
  .text              ro code   0x800'0e18   0x60  system_stm32f7xx.o [3]
  .text              ro code   0x800'0e78   0x38  zero_init3.o [7]
  .text              ro code   0x800'0eb0   0x28  data_init.o [7]
  .text              ro code   0x800'0ed8   0x22  fpinit_M.o [6]
  .iar.init_table    const     0x800'0efc   0x24  - Linker created -
  .text              ro code   0x800'0f20   0x1e  cmain.o [7]
  .text              ro code   0x800'0f3e    0x4  low_level_init.o [5]
  .text              ro code   0x800'0f42    0x4  exit.o [5]
  .text              ro code   0x800'0f48    0xa  cexit.o [7]
  .text              ro code   0x800'0f54   0x14  exit.o [8]
  .text              ro code   0x800'0f68   0x1c  cstartup_M.o [7]
  .text              ro code   0x800'0f84   0x14  stm32f7xx_it.o [2]
  .text              ro code   0x800'0f98   0x10  stm32f7xx_hal.o [4]
  .text              ro code   0x800'0fa8   0x10  startup_stm32f767xx.o [1]
  .text              ro code   0x800'0fb8    0x4  startup_stm32f767xx.o [1]
  .text              ro code   0x800'0fbc    0x4  startup_stm32f767xx.o [1]
  .text              ro code   0x800'0fc0    0x4  startup_stm32f767xx.o [1]
  .text              ro code   0x800'0fc4    0x4  startup_stm32f767xx.o [1]
  .text              ro code   0x800'0fc8    0x4  startup_stm32f767xx.o [1]
  .text              ro code   0x800'0fcc    0x4  startup_stm32f767xx.o [1]
  .text              ro code   0x800'0fd0    0x4  startup_stm32f767xx.o [1]
  .text              ro code   0x800'0fd4    0x4  startup_stm32f767xx.o [1]
  .text              ro code   0x800'0fd8    0x4  startup_stm32f767xx.o [1]
  .text              ro code   0x800'0fdc    0x4  startup_stm32f767xx.o [1]
  .text              ro code   0x800'0fe0    0x4  startup_stm32f767xx.o [1]
  .text              ro code   0x800'0fe4    0x4  startup_stm32f767xx.o [1]
  .text              ro code   0x800'0fe8    0x4  startup_stm32f767xx.o [1]
  .text              ro code   0x800'0fec    0x4  startup_stm32f767xx.o [1]
  .text              ro code   0x800'0ff0    0x4  startup_stm32f767xx.o [1]
  .text              ro code   0x800'0ff4    0x4  startup_stm32f767xx.o [1]
  .text              ro code   0x800'0ff8    0x4  startup_stm32f767xx.o [1]
  .text              ro code   0x800'0ffc    0x4  startup_stm32f767xx.o [1]
  .text              ro code   0x800'1000    0x4  startup_stm32f767xx.o [1]
  .text              ro code   0x800'1004    0x4  startup_stm32f767xx.o [1]
  .text              ro code   0x800'1008    0x4  startup_stm32f767xx.o [1]
  .text              ro code   0x800'100c    0x4  startup_stm32f767xx.o [1]
  .text              ro code   0x800'1010    0x4  startup_stm32f767xx.o [1]
  .text              ro code   0x800'1014    0x4  startup_stm32f767xx.o [1]
  .text              ro code   0x800'1018    0x4  startup_stm32f767xx.o [1]
  .text              ro code   0x800'101c    0x4  startup_stm32f767xx.o [1]
  .text              ro code   0x800'1020    0x4  startup_stm32f767xx.o [1]
  .text              ro code   0x800'1024    0x4  startup_stm32f767xx.o [1]
  .text              ro code   0x800'1028    0x4  startup_stm32f767xx.o [1]
  .text              ro code   0x800'102c    0x4  startup_stm32f767xx.o [1]
  .text              ro code   0x800'1030    0x4  startup_stm32f767xx.o [1]
  .text              ro code   0x800'1034    0x4  startup_stm32f767xx.o [1]
  .text              ro code   0x800'1038    0x4  startup_stm32f767xx.o [1]
  .text              ro code   0x800'103c    0x4  startup_stm32f767xx.o [1]
  .text              ro code   0x800'1040    0x4  startup_stm32f767xx.o [1]
  .text              ro code   0x800'1044    0x4  startup_stm32f767xx.o [1]
  .text              ro code   0x800'1048    0x4  startup_stm32f767xx.o [1]
  .text              ro code   0x800'104c    0x4  startup_stm32f767xx.o [1]
  .text              ro code   0x800'1050    0x4  startup_stm32f767xx.o [1]
  .text              ro code   0x800'1054    0x4  startup_stm32f767xx.o [1]
  .text              ro code   0x800'1058    0x4  startup_stm32f767xx.o [1]
  .text              ro code   0x800'105c    0x4  startup_stm32f767xx.o [1]
  .text              ro code   0x800'1060    0x4  startup_stm32f767xx.o [1]
  .text              ro code   0x800'1064    0x4  startup_stm32f767xx.o [1]
  .text              ro code   0x800'1068    0x4  startup_stm32f767xx.o [1]
  .text              ro code   0x800'106c    0x4  startup_stm32f767xx.o [1]
  .text              ro code   0x800'1070    0x4  startup_stm32f767xx.o [1]
  .text              ro code   0x800'1074    0x4  startup_stm32f767xx.o [1]
  .text              ro code   0x800'1078    0x4  startup_stm32f767xx.o [1]
  .text              ro code   0x800'107c    0x4  startup_stm32f767xx.o [1]
  .text              ro code   0x800'1080    0x4  startup_stm32f767xx.o [1]
  .text              ro code   0x800'1084    0x4  startup_stm32f767xx.o [1]
  .text              ro code   0x800'1088    0x4  startup_stm32f767xx.o [1]
  .text              ro code   0x800'108c    0x4  startup_stm32f767xx.o [1]
  .text              ro code   0x800'1090    0x4  startup_stm32f767xx.o [1]
  .text              ro code   0x800'1094    0x4  startup_stm32f767xx.o [1]
  .text              ro code   0x800'1098    0x4  startup_stm32f767xx.o [1]
  .text              ro code   0x800'109c    0x4  startup_stm32f767xx.o [1]
  .text              ro code   0x800'10a0    0x4  startup_stm32f767xx.o [1]
  .text              ro code   0x800'10a4    0x4  startup_stm32f767xx.o [1]
  .text              ro code   0x800'10a8    0x4  startup_stm32f767xx.o [1]
  .text              ro code   0x800'10ac    0x4  startup_stm32f767xx.o [1]
  .text              ro code   0x800'10b0    0x4  startup_stm32f767xx.o [1]
  .text              ro code   0x800'10b4    0x4  startup_stm32f767xx.o [1]
  .text              ro code   0x800'10b8    0x4  startup_stm32f767xx.o [1]
  .text              ro code   0x800'10bc    0x4  startup_stm32f767xx.o [1]
  .text              ro code   0x800'10c0    0x4  startup_stm32f767xx.o [1]
  .text              ro code   0x800'10c4    0x4  startup_stm32f767xx.o [1]
  .text              ro code   0x800'10c8    0x4  startup_stm32f767xx.o [1]
  .text              ro code   0x800'10cc    0x4  startup_stm32f767xx.o [1]
  .text              ro code   0x800'10d0    0x4  startup_stm32f767xx.o [1]
  .text              ro code   0x800'10d4    0x4  startup_stm32f767xx.o [1]
  .text              ro code   0x800'10d8    0x4  startup_stm32f767xx.o [1]
  .text              ro code   0x800'10dc    0x4  startup_stm32f767xx.o [1]
  .text              ro code   0x800'10e0    0x4  startup_stm32f767xx.o [1]
  .text              ro code   0x800'10e4    0x4  startup_stm32f767xx.o [1]
  .text              ro code   0x800'10e8    0x4  startup_stm32f767xx.o [1]
  .text              ro code   0x800'10ec    0x4  startup_stm32f767xx.o [1]
  .text              ro code   0x800'10f0    0x4  startup_stm32f767xx.o [1]
  .text              ro code   0x800'10f4    0x4  startup_stm32f767xx.o [1]
  .text              ro code   0x800'10f8    0x4  startup_stm32f767xx.o [1]
  .text              ro code   0x800'10fc    0x4  startup_stm32f767xx.o [1]
  .text              ro code   0x800'1100    0x4  startup_stm32f767xx.o [1]
  .text              ro code   0x800'1104    0x4  startup_stm32f767xx.o [1]
  .text              ro code   0x800'1108    0x4  startup_stm32f767xx.o [1]
  .text              ro code   0x800'110c    0x4  startup_stm32f767xx.o [1]
  .text              ro code   0x800'1110    0x4  startup_stm32f767xx.o [1]
  .text              ro code   0x800'1114    0x4  startup_stm32f767xx.o [1]
  .text              ro code   0x800'1118    0x4  startup_stm32f767xx.o [1]
  .text              ro code   0x800'111c    0x4  startup_stm32f767xx.o [1]
  .text              ro code   0x800'1120    0x4  startup_stm32f767xx.o [1]
  .text              ro code   0x800'1124    0x4  startup_stm32f767xx.o [1]
  .text              ro code   0x800'1128    0x4  startup_stm32f767xx.o [1]
  .text              ro code   0x800'112c    0x4  startup_stm32f767xx.o [1]
  .text              ro code   0x800'1130    0x4  startup_stm32f767xx.o [1]
  .text              ro code   0x800'1134    0x4  startup_stm32f767xx.o [1]
  .text              ro code   0x800'1138    0x4  startup_stm32f767xx.o [1]
  .text              ro code   0x800'113c    0x4  startup_stm32f767xx.o [1]
  .text              ro code   0x800'1140    0x4  startup_stm32f767xx.o [1]
  .text              ro code   0x800'1144    0x4  startup_stm32f767xx.o [1]
  .text              ro code   0x800'1148    0x4  startup_stm32f767xx.o [1]
  .text              ro code   0x800'114c    0x4  startup_stm32f767xx.o [1]
  .text              ro code   0x800'1150    0x4  startup_stm32f767xx.o [1]
  .text              ro code   0x800'1154    0x4  startup_stm32f767xx.o [1]
  .text              ro code   0x800'1158    0x4  startup_stm32f767xx.o [1]
  .text              ro code   0x800'115c    0x4  startup_stm32f767xx.o [1]
  .text              ro code   0x800'1160    0x4  startup_stm32f767xx.o [1]
  .text              ro code   0x800'1164    0x4  startup_stm32f767xx.o [1]
  Initializer bytes  const     0x800'1168    0x4  <for P2-1>
  .rodata            const     0x800'116c    0x0  zero_init3.o [7]
  .rodata            const     0x800'116c    0x0  copy_init3.o [7]
                             - 0x800'116c  0xf74

"P2", part 1 of 3:                           0x4
  P2-1                        0x2000'0000    0x4  <Init block>
    .data            inited   0x2000'0000    0x4  system_stm32f7xx.o [3]
                            - 0x2000'0004    0x4

"P2", part 2 of 3:                          0x94
  .bss               zero     0x2000'0004   0x8a  main.o [2]
  .bss               zero     0x2000'0090    0x4  stm32f7xx_hal.o [4]
  .bss               zero     0x2000'0094    0x4  stm32f7xx_hal_msp.o [2]
                            - 0x2000'0098   0x94

"P2", part 3 of 3:                         0x400
  CSTACK                      0x2000'0098  0x400  <Block>
    CSTACK           uninit   0x2000'0098  0x400  <Block tail>
                            - 0x2000'0498  0x400

Unused ranges:

         From           To       Size
         ----           --       ----
   0x800'116c   0x81f'ffff  0x1f'ee94
  0x2000'0498  0x2007'ffff   0x7'fb68


*******************************************************************************
*** INIT TABLE
***

          Address      Size
          -------      ----
Zero (__iar_zero_init3)
    1 destination range, total size 0x94:
          0x2000'0004  0x94

Copy (__iar_copy_init3)
    1 source range, total size 0x4:
           0x800'1168   0x4
    1 destination range, total size 0x4:
          0x2000'0000   0x4



*******************************************************************************
*** MODULE SUMMARY
***

    Module                  ro code  ro data  rw data
    ------                  -------  -------  -------
command line/config:
    -------------------------------------------------
    Total:

C:\Users\sebastian.cioata\Documents\Internship 2021\Projects\Project18_CAN_F767ZI_SEVER_OLD_2xCAN\EWARM\Project18_CAN_F767ZI_SEVER_OLD_2xCAN\Obj\Application\EWARM: [1]
    startup_stm32f767xx.o       952
    -------------------------------------------------
    Total:                      952

C:\Users\sebastian.cioata\Documents\Internship 2021\Projects\Project18_CAN_F767ZI_SEVER_OLD_2xCAN\EWARM\Project18_CAN_F767ZI_SEVER_OLD_2xCAN\Obj\Application\User: [2]
    main.o                      484               138
    stm32f7xx_hal_msp.o         236                 4
    stm32f7xx_it.o               20
    -------------------------------------------------
    Total:                      740               142

C:\Users\sebastian.cioata\Documents\Internship 2021\Projects\Project18_CAN_F767ZI_SEVER_OLD_2xCAN\EWARM\Project18_CAN_F767ZI_SEVER_OLD_2xCAN\Obj\Drivers\CMSIS: [3]
    system_stm32f7xx.o           96        4        4
    -------------------------------------------------
    Total:                       96        4        4

C:\Users\sebastian.cioata\Documents\Internship 2021\Projects\Project18_CAN_F767ZI_SEVER_OLD_2xCAN\EWARM\Project18_CAN_F767ZI_SEVER_OLD_2xCAN\Obj\Drivers\STM32F7xx_HAL_Driver: [4]
    stm32f7xx_hal.o             114                 4
    stm32f7xx_hal_can.o         354
    stm32f7xx_hal_cortex.o      172
    stm32f7xx_hal_gpio.o        504
    stm32f7xx_hal_rcc.o       1'088
    -------------------------------------------------
    Total:                    2'232                 4

dl7M_tlf.a: [5]
    exit.o                        4
    low_level_init.o              4
    -------------------------------------------------
    Total:                        8

m7M_tlv.a: [6]
    fpinit_M.o                   34
    -------------------------------------------------
    Total:                       34

rt7M_tl.a: [7]
    ABImemset.o                 102
    cexit.o                      10
    cmain.o                      30
    copy_init3.o                 42
    cstartup_M.o                 28
    data_init.o                  40
    memset.o                     20
    zero_init3.o                 56
    -------------------------------------------------
    Total:                      328

shb_l.a: [8]
    exit.o                       20
    -------------------------------------------------
    Total:                       20

    Gaps                          8        2        2
    Linker created                        36    1'024
-----------------------------------------------------
    Grand Total:              4'418       42    1'176


*******************************************************************************
*** ENTRY LIST
***

Entry                       Address   Size  Type      Object
-----                       -------   ----  ----      ------
.iar.init_table$$Base    0x800'0efc          --   Gb  - Linker created -
.iar.init_table$$Limit   0x800'0f20          --   Gb  - Linker created -
?main                    0x800'0f21         Code  Gb  cmain.o [7]
AHBPrescTable            0x800'0e68   0x10  Data  Gb  system_stm32f7xx.o [3]
BusFault_Handler         0x800'0f8b    0x2  Code  Gb  stm32f7xx_it.o [2]
CAN2_Rx                  0x800'0911   0x18  Code  Gb  main.o [2]
CSTACK$$Base            0x2000'0098          --   Gb  - Linker created -
CSTACK$$Limit           0x2000'0498          --   Gb  - Linker created -
DebugMon_Handler         0x800'0f91    0x2  Code  Gb  stm32f7xx_it.o [2]
HAL_CAN_Init             0x800'0b35  0x152  Code  Gb  stm32f7xx_hal_can.o [4]
HAL_CAN_MspInit          0x800'0cf1   0x86  Code  Gb  stm32f7xx_hal_msp.o [2]
HAL_Delay                0x800'0c97   0x18  Code  Gb  stm32f7xx_hal.o [4]
HAL_GPIO_Init            0x800'0719  0x1c4  Code  Gb  stm32f7xx_hal_gpio.o [4]
HAL_GetTick              0x800'0639    0xc  Code  Gb  stm32f7xx_hal.o [4]
HAL_IncTick              0x800'0f99   0x10  Code  Gb  stm32f7xx_hal.o [4]
HAL_Init                 0x800'0af5   0x16  Code  Gb  stm32f7xx_hal.o [4]
HAL_InitTick             0x800'0645   0x28  Code  Gb  stm32f7xx_hal.o [4]
HAL_MspInit              0x800'0cc5   0x2c  Code  Gb  stm32f7xx_hal_msp.o [2]
HAL_NVIC_SetPriority     0x800'06a1   0x3a  Code  Gb  stm32f7xx_hal_cortex.o [4]
HAL_NVIC_SetPriorityGrouping
                         0x800'0687   0x1a  Code  Gb  stm32f7xx_hal_cortex.o [4]
HAL_RCC_CAN1_CLK_ENABLED
                        0x2000'0094    0x4  Data  Lc  stm32f7xx_hal_msp.o [2]
HAL_RCC_ClockConfig      0x800'04e9   0xdc  Code  Gb  stm32f7xx_hal_rcc.o [4]
HAL_RCC_GetSysClockFreq
                         0x800'05df   0x40  Code  Gb  stm32f7xx_hal_rcc.o [4]
HAL_RCC_OscConfig        0x800'01f9  0x2f0  Code  Gb  stm32f7xx_hal_rcc.o [4]
HAL_SYSTICK_Config       0x800'06db   0x28  Code  Gb  stm32f7xx_hal_cortex.o [4]
HardFault_Handler        0x800'0f87    0x2  Code  Gb  stm32f7xx_it.o [2]
MemManage_Handler        0x800'0f89    0x2  Code  Gb  stm32f7xx_it.o [2]
NMI_Handler              0x800'0f85    0x2  Code  Gb  stm32f7xx_it.o [2]
NVIC_SetPriority         0x800'066d   0x1a  Code  Lc  stm32f7xx_hal_cortex.o [4]
PendSV_Handler           0x800'0f93    0x2  Code  Gb  stm32f7xx_it.o [2]
Region$$Table$$Base      0x800'0efc          --   Gb  - Linker created -
Region$$Table$$Limit     0x800'0f20          --   Gb  - Linker created -
RxData                  0x2000'008d    0x1  Data  Gb  main.o [2]
SVC_Handler              0x800'0f8f    0x2  Code  Gb  stm32f7xx_it.o [2]
SysTick_Handler          0x800'0f95    0x4  Code  Gb  stm32f7xx_it.o [2]
SystemClock_Config       0x800'0a49   0x8e  Code  Gb  main.o [2]
SystemCoreClock         0x2000'0000    0x4  Data  Gb  system_stm32f7xx.o [3]
SystemInit               0x800'0e19   0x3e  Code  Gb  system_stm32f7xx.o [3]
UsageFault_Handler       0x800'0f8d    0x2  Code  Gb  stm32f7xx_it.o [2]
__aeabi_memset           0x800'0db1         Code  Gb  ABImemset.o [7]
__cmain                  0x800'0f21         Code  Gb  cmain.o [7]
__exit                   0x800'0f55   0x14  Code  Gb  exit.o [8]
__iar_Memset             0x800'0db1         Code  Gb  ABImemset.o [7]
__iar_Memset_word        0x800'0db9         Code  Gb  ABImemset.o [7]
__iar_copy_init3         0x800'0b0b   0x2a  Code  Gb  copy_init3.o [7]
__iar_data_init3         0x800'0eb1   0x28  Code  Gb  data_init.o [7]
__iar_init_vfp           0x800'0ed9         Code  Gb  fpinit_M.o [6]
__iar_program_start      0x800'0f69         Code  Gb  cstartup_M.o [7]
__iar_zero_init3         0x800'0e79   0x38  Code  Gb  zero_init3.o [7]
__low_level_init         0x800'0f3f    0x4  Code  Gb  low_level_init.o [5]
__vector_table           0x800'0000         Data  Gb  startup_stm32f767xx.o [1]
_call_main               0x800'0f2d         Code  Gb  cmain.o [7]
_exit                    0x800'0f49         Code  Gb  cexit.o [7]
exit                     0x800'0f43    0x4  Code  Gb  exit.o [5]
hcan1                   0x2000'0004   0x44  Data  Gb  main.o [2]
hcan2                   0x2000'0048   0x44  Data  Gb  main.o [2]
i                       0x2000'008c    0x1  Data  Gb  main.o [2]
main                     0x800'0929  0x120  Code  Gb  main.o [2]
memset                   0x800'0caf   0x14  Code  Gb  memset.o [7]
uwTick                  0x2000'0090    0x4  Data  Gb  stm32f7xx_hal.o [4]


[1] = C:\Users\sebastian.cioata\Documents\Internship 2021\Projects\Project18_CAN_F767ZI_SEVER_OLD_2xCAN\EWARM\Project18_CAN_F767ZI_SEVER_OLD_2xCAN\Obj\Application\EWARM
[2] = C:\Users\sebastian.cioata\Documents\Internship 2021\Projects\Project18_CAN_F767ZI_SEVER_OLD_2xCAN\EWARM\Project18_CAN_F767ZI_SEVER_OLD_2xCAN\Obj\Application\User
[3] = C:\Users\sebastian.cioata\Documents\Internship 2021\Projects\Project18_CAN_F767ZI_SEVER_OLD_2xCAN\EWARM\Project18_CAN_F767ZI_SEVER_OLD_2xCAN\Obj\Drivers\CMSIS
[4] = C:\Users\sebastian.cioata\Documents\Internship 2021\Projects\Project18_CAN_F767ZI_SEVER_OLD_2xCAN\EWARM\Project18_CAN_F767ZI_SEVER_OLD_2xCAN\Obj\Drivers\STM32F7xx_HAL_Driver
[5] = dl7M_tlf.a
[6] = m7M_tlv.a
[7] = rt7M_tl.a
[8] = shb_l.a

  4'418 bytes of readonly  code memory
     42 bytes of readonly  data memory
  1'176 bytes of readwrite data memory

Errors: none
Warnings: none
