###############################################################################
#
# IAR ELF Linker V9.10.1.308/W64 for ARM                  11/May/2021  13:52:16
# Copyright 2007-2021 IAR Systems AB.
#
#    Output file  =
#        C:\Users\sebastian.cioata\Documents\Internship
#        2021\Projects\Project34_F767ZI_NEW_CAN_CAN1_CAN3\EWARM\Project34_F767ZI_NEW_CAN_CAN1_CAN3\Exe\Project34_F767ZI_NEW_CAN_CAN1_CAN3.out
#    Map file     =
#        C:\Users\sebastian.cioata\Documents\Internship
#        2021\Projects\Project34_F767ZI_NEW_CAN_CAN1_CAN3\EWARM\Project34_F767ZI_NEW_CAN_CAN1_CAN3\List\Project34_F767ZI_NEW_CAN_CAN1_CAN3.map
#    Command line =
#        -f "C:\Users\sebastian.cioata\Documents\Internship
#        2021\Projects\Project34_F767ZI_NEW_CAN_CAN1_CAN3\EWARM\Project34_F767ZI_NEW_CAN_CAN1_CAN3\Exe\Project34_F767ZI_NEW_CAN_CAN1_CAN3.out.rsp"
#        ("C:\Users\sebastian.cioata\Documents\Internship
#        2021\Projects\Project34_F767ZI_NEW_CAN_CAN1_CAN3\EWARM\Project34_F767ZI_NEW_CAN_CAN1_CAN3\Obj\Application\User\main.o"
#        "C:\Users\sebastian.cioata\Documents\Internship
#        2021\Projects\Project34_F767ZI_NEW_CAN_CAN1_CAN3\EWARM\Project34_F767ZI_NEW_CAN_CAN1_CAN3\Obj\Application\EWARM\startup_stm32f767xx.o"
#        "C:\Users\sebastian.cioata\Documents\Internship
#        2021\Projects\Project34_F767ZI_NEW_CAN_CAN1_CAN3\EWARM\Project34_F767ZI_NEW_CAN_CAN1_CAN3\Obj\Drivers\STM32F7xx_HAL_Driver\stm32f7xx_hal.o"
#        "C:\Users\sebastian.cioata\Documents\Internship
#        2021\Projects\Project34_F767ZI_NEW_CAN_CAN1_CAN3\EWARM\Project34_F767ZI_NEW_CAN_CAN1_CAN3\Obj\Drivers\STM32F7xx_HAL_Driver\stm32f7xx_hal_can.o"
#        "C:\Users\sebastian.cioata\Documents\Internship
#        2021\Projects\Project34_F767ZI_NEW_CAN_CAN1_CAN3\EWARM\Project34_F767ZI_NEW_CAN_CAN1_CAN3\Obj\Drivers\STM32F7xx_HAL_Driver\stm32f7xx_hal_cortex.o"
#        "C:\Users\sebastian.cioata\Documents\Internship
#        2021\Projects\Project34_F767ZI_NEW_CAN_CAN1_CAN3\EWARM\Project34_F767ZI_NEW_CAN_CAN1_CAN3\Obj\Drivers\STM32F7xx_HAL_Driver\stm32f7xx_hal_dma.o"
#        "C:\Users\sebastian.cioata\Documents\Internship
#        2021\Projects\Project34_F767ZI_NEW_CAN_CAN1_CAN3\EWARM\Project34_F767ZI_NEW_CAN_CAN1_CAN3\Obj\Drivers\STM32F7xx_HAL_Driver\stm32f7xx_hal_dma_ex.o"
#        "C:\Users\sebastian.cioata\Documents\Internship
#        2021\Projects\Project34_F767ZI_NEW_CAN_CAN1_CAN3\EWARM\Project34_F767ZI_NEW_CAN_CAN1_CAN3\Obj\Drivers\STM32F7xx_HAL_Driver\stm32f7xx_hal_exti.o"
#        "C:\Users\sebastian.cioata\Documents\Internship
#        2021\Projects\Project34_F767ZI_NEW_CAN_CAN1_CAN3\EWARM\Project34_F767ZI_NEW_CAN_CAN1_CAN3\Obj\Drivers\STM32F7xx_HAL_Driver\stm32f7xx_hal_flash.o"
#        "C:\Users\sebastian.cioata\Documents\Internship
#        2021\Projects\Project34_F767ZI_NEW_CAN_CAN1_CAN3\EWARM\Project34_F767ZI_NEW_CAN_CAN1_CAN3\Obj\Drivers\STM32F7xx_HAL_Driver\stm32f7xx_hal_flash_ex.o"
#        "C:\Users\sebastian.cioata\Documents\Internship
#        2021\Projects\Project34_F767ZI_NEW_CAN_CAN1_CAN3\EWARM\Project34_F767ZI_NEW_CAN_CAN1_CAN3\Obj\Drivers\STM32F7xx_HAL_Driver\stm32f7xx_hal_gpio.o"
#        "C:\Users\sebastian.cioata\Documents\Internship
#        2021\Projects\Project34_F767ZI_NEW_CAN_CAN1_CAN3\EWARM\Project34_F767ZI_NEW_CAN_CAN1_CAN3\Obj\Drivers\STM32F7xx_HAL_Driver\stm32f7xx_hal_i2c.o"
#        "C:\Users\sebastian.cioata\Documents\Internship
#        2021\Projects\Project34_F767ZI_NEW_CAN_CAN1_CAN3\EWARM\Project34_F767ZI_NEW_CAN_CAN1_CAN3\Obj\Drivers\STM32F7xx_HAL_Driver\stm32f7xx_hal_i2c_ex.o"
#        "C:\Users\sebastian.cioata\Documents\Internship
#        2021\Projects\Project34_F767ZI_NEW_CAN_CAN1_CAN3\EWARM\Project34_F767ZI_NEW_CAN_CAN1_CAN3\Obj\Application\User\stm32f7xx_hal_msp.o"
#        "C:\Users\sebastian.cioata\Documents\Internship
#        2021\Projects\Project34_F767ZI_NEW_CAN_CAN1_CAN3\EWARM\Project34_F767ZI_NEW_CAN_CAN1_CAN3\Obj\Drivers\STM32F7xx_HAL_Driver\stm32f7xx_hal_pwr.o"
#        "C:\Users\sebastian.cioata\Documents\Internship
#        2021\Projects\Project34_F767ZI_NEW_CAN_CAN1_CAN3\EWARM\Project34_F767ZI_NEW_CAN_CAN1_CAN3\Obj\Drivers\STM32F7xx_HAL_Driver\stm32f7xx_hal_pwr_ex.o"
#        "C:\Users\sebastian.cioata\Documents\Internship
#        2021\Projects\Project34_F767ZI_NEW_CAN_CAN1_CAN3\EWARM\Project34_F767ZI_NEW_CAN_CAN1_CAN3\Obj\Drivers\STM32F7xx_HAL_Driver\stm32f7xx_hal_rcc.o"
#        "C:\Users\sebastian.cioata\Documents\Internship
#        2021\Projects\Project34_F767ZI_NEW_CAN_CAN1_CAN3\EWARM\Project34_F767ZI_NEW_CAN_CAN1_CAN3\Obj\Drivers\STM32F7xx_HAL_Driver\stm32f7xx_hal_rcc_ex.o"
#        "C:\Users\sebastian.cioata\Documents\Internship
#        2021\Projects\Project34_F767ZI_NEW_CAN_CAN1_CAN3\EWARM\Project34_F767ZI_NEW_CAN_CAN1_CAN3\Obj\Drivers\STM32F7xx_HAL_Driver\stm32f7xx_hal_tim.o"
#        "C:\Users\sebastian.cioata\Documents\Internship
#        2021\Projects\Project34_F767ZI_NEW_CAN_CAN1_CAN3\EWARM\Project34_F767ZI_NEW_CAN_CAN1_CAN3\Obj\Drivers\STM32F7xx_HAL_Driver\stm32f7xx_hal_tim_ex.o"
#        "C:\Users\sebastian.cioata\Documents\Internship
#        2021\Projects\Project34_F767ZI_NEW_CAN_CAN1_CAN3\EWARM\Project34_F767ZI_NEW_CAN_CAN1_CAN3\Obj\Application\User\stm32f7xx_it.o"
#        "C:\Users\sebastian.cioata\Documents\Internship
#        2021\Projects\Project34_F767ZI_NEW_CAN_CAN1_CAN3\EWARM\Project34_F767ZI_NEW_CAN_CAN1_CAN3\Obj\Drivers\CMSIS\system_stm32f7xx.o"
#        --redirect _Printf=_PrintfFull --redirect _Scanf=_ScanfFull
#        --no_out_extension -o "C:\Users\sebastian.cioata\Documents\Internship
#        2021\Projects\Project34_F767ZI_NEW_CAN_CAN1_CAN3\EWARM\Project34_F767ZI_NEW_CAN_CAN1_CAN3\Exe\Project34_F767ZI_NEW_CAN_CAN1_CAN3.out"
#        --map "C:\Users\sebastian.cioata\Documents\Internship
#        2021\Projects\Project34_F767ZI_NEW_CAN_CAN1_CAN3\EWARM\Project34_F767ZI_NEW_CAN_CAN1_CAN3\List\Project34_F767ZI_NEW_CAN_CAN1_CAN3.map"
#        --config "C:\Users\sebastian.cioata\Documents\Internship
#        2021\Projects\Project34_F767ZI_NEW_CAN_CAN1_CAN3\EWARM/stm32f767xx_flash.icf"
#        --semihosting --entry __iar_program_start --vfe --text_out locale)
#
###############################################################################

*******************************************************************************
*** RUNTIME MODEL ATTRIBUTES
***

CppFlavor       = *
__SystemLibrary = DLib
__dlib_version  = 6


*******************************************************************************
*** HEAP SELECTION
***

The basic heap was selected because some modules are built with
size limitations (and not runtime checking), and --advanced_heap
was not specified.


*******************************************************************************
*** PLACEMENT SUMMARY
***

"A0":  place at address 0x800'0000 { ro section .intvec };
"P1":  place in [from 0x800'0000 to 0x81f'ffff] { ro };
define block CSTACK with size = 1K, alignment = 8 { };
define block HEAP with size = 512, alignment = 8 { };
"P2":  place in [from 0x2000'0000 to 0x2007'ffff] {
          rw, block CSTACK, block HEAP };
initialize by copy { rw };

  Section            Kind         Address    Size  Object
  -------            ----         -------    ----  ------
"A0":                                       0x1f8
  .intvec            ro code   0x800'0000   0x1f8  startup_stm32f767xx.o [1]
                             - 0x800'01f8   0x1f8

"P1":                                      0x16e7
  .text              ro code   0x800'01f8   0x69c  stm32f7xx_hal_can.o [4]
  .text              ro code   0x800'0894   0x130  stm32f7xx_hal_msp.o [2]
  .text              ro code   0x800'09c4     0xc  stm32f7xx_hal.o [4]
  .text              ro code   0x800'09d0     0x2  stm32f7xx_hal_can.o [4]
  .text              ro code   0x800'09d2     0x2  stm32f7xx_hal_can.o [4]
  .text              ro code   0x800'09d4     0x2  stm32f7xx_hal_can.o [4]
  .text              ro code   0x800'09d6     0x2  stm32f7xx_hal_can.o [4]
  .text              ro code   0x800'09d8     0x2  stm32f7xx_hal_can.o [4]
  .text              ro code   0x800'09da     0x2  stm32f7xx_hal_can.o [4]
  .text              ro code   0x800'09dc     0x2  stm32f7xx_hal_can.o [4]
  .text              ro code   0x800'09de     0x2  stm32f7xx_hal_can.o [4]
  .text              ro code   0x800'09e0     0x2  stm32f7xx_hal_can.o [4]
  .text              ro code   0x800'09e2     0x2  stm32f7xx_hal_can.o [4]
  .text              ro code   0x800'09e4     0x2  stm32f7xx_hal_can.o [4]
  .text              ro code   0x800'09e6     0x2  stm32f7xx_hal_can.o [4]
  .text              ro code   0x800'09e8     0x2  stm32f7xx_hal_can.o [4]
  .text              ro code   0x800'09ea    0x14  memset.o [7]
  .text              ro code   0x800'09fe    0x3a  packbits_init_single.o [7]
  .text              ro code   0x800'0a38    0xc4  stm32f7xx_hal_cortex.o [4]
  .text              ro code   0x800'0afc   0x1f8  stm32f7xx_hal_gpio.o [4]
  .text              ro code   0x800'0cf4    0x66  ABImemset.o [7]
  .text              ro code   0x800'0d5c   0x464  stm32f7xx_hal_rcc.o [4]
  .text              ro code   0x800'11c0    0x40  stm32f7xx_hal.o [4]
  .text              ro code   0x800'1200   0x106  I64DivMod_small.o [7]
  .text              ro code   0x800'1308     0x2  I64DivZer.o [7]
  .text              ro code   0x800'130c   0x210  main.o [2]
  .text              ro code   0x800'151c    0x16  stm32f7xx_hal.o [4]
  .text              ro code   0x800'1534    0x60  system_stm32f7xx.o [3]
  .text              ro code   0x800'1594    0x58  stm32f7xx_it.o [2]
  .text              ro code   0x800'15ec    0x10  stm32f7xx_hal.o [4]
  .text              ro code   0x800'15fc    0x38  zero_init3.o [7]
  .text              ro code   0x800'1634    0x28  data_init.o [7]
  .text              ro code   0x800'165c    0x22  fpinit_M.o [6]
  .iar.init_table    const     0x800'1680    0x20  - Linker created -
  .text              ro code   0x800'16a0    0x1e  cmain.o [7]
  .text              ro code   0x800'16be     0x4  low_level_init.o [5]
  .text              ro code   0x800'16c2     0x4  exit.o [5]
  .text              ro code   0x800'16c8     0xa  cexit.o [7]
  .text              ro code   0x800'16d4    0x14  exit.o [8]
  .text              ro code   0x800'16e8    0x1c  cstartup_M.o [7]
  .text              ro code   0x800'1704    0x10  startup_stm32f767xx.o [1]
  .text              ro code   0x800'1714     0x4  startup_stm32f767xx.o [1]
  .text              ro code   0x800'1718     0x4  startup_stm32f767xx.o [1]
  .text              ro code   0x800'171c     0x4  startup_stm32f767xx.o [1]
  .text              ro code   0x800'1720     0x4  startup_stm32f767xx.o [1]
  .text              ro code   0x800'1724     0x4  startup_stm32f767xx.o [1]
  .text              ro code   0x800'1728     0x4  startup_stm32f767xx.o [1]
  .text              ro code   0x800'172c     0x4  startup_stm32f767xx.o [1]
  .text              ro code   0x800'1730     0x4  startup_stm32f767xx.o [1]
  .text              ro code   0x800'1734     0x4  startup_stm32f767xx.o [1]
  .text              ro code   0x800'1738     0x4  startup_stm32f767xx.o [1]
  .text              ro code   0x800'173c     0x4  startup_stm32f767xx.o [1]
  .text              ro code   0x800'1740     0x4  startup_stm32f767xx.o [1]
  .text              ro code   0x800'1744     0x4  startup_stm32f767xx.o [1]
  .text              ro code   0x800'1748     0x4  startup_stm32f767xx.o [1]
  .text              ro code   0x800'174c     0x4  startup_stm32f767xx.o [1]
  .text              ro code   0x800'1750     0x4  startup_stm32f767xx.o [1]
  .text              ro code   0x800'1754     0x4  startup_stm32f767xx.o [1]
  .text              ro code   0x800'1758     0x4  startup_stm32f767xx.o [1]
  .text              ro code   0x800'175c     0x4  startup_stm32f767xx.o [1]
  .text              ro code   0x800'1760     0x4  startup_stm32f767xx.o [1]
  .text              ro code   0x800'1764     0x4  startup_stm32f767xx.o [1]
  .text              ro code   0x800'1768     0x4  startup_stm32f767xx.o [1]
  .text              ro code   0x800'176c     0x4  startup_stm32f767xx.o [1]
  .text              ro code   0x800'1770     0x4  startup_stm32f767xx.o [1]
  .text              ro code   0x800'1774     0x4  startup_stm32f767xx.o [1]
  .text              ro code   0x800'1778     0x4  startup_stm32f767xx.o [1]
  .text              ro code   0x800'177c     0x4  startup_stm32f767xx.o [1]
  .text              ro code   0x800'1780     0x4  startup_stm32f767xx.o [1]
  .text              ro code   0x800'1784     0x4  startup_stm32f767xx.o [1]
  .text              ro code   0x800'1788     0x4  startup_stm32f767xx.o [1]
  .text              ro code   0x800'178c     0x4  startup_stm32f767xx.o [1]
  .text              ro code   0x800'1790     0x4  startup_stm32f767xx.o [1]
  .text              ro code   0x800'1794     0x4  startup_stm32f767xx.o [1]
  .text              ro code   0x800'1798     0x4  startup_stm32f767xx.o [1]
  .text              ro code   0x800'179c     0x4  startup_stm32f767xx.o [1]
  .text              ro code   0x800'17a0     0x4  startup_stm32f767xx.o [1]
  .text              ro code   0x800'17a4     0x4  startup_stm32f767xx.o [1]
  .text              ro code   0x800'17a8     0x4  startup_stm32f767xx.o [1]
  .text              ro code   0x800'17ac     0x4  startup_stm32f767xx.o [1]
  .text              ro code   0x800'17b0     0x4  startup_stm32f767xx.o [1]
  .text              ro code   0x800'17b4     0x4  startup_stm32f767xx.o [1]
  .text              ro code   0x800'17b8     0x4  startup_stm32f767xx.o [1]
  .text              ro code   0x800'17bc     0x4  startup_stm32f767xx.o [1]
  .text              ro code   0x800'17c0     0x4  startup_stm32f767xx.o [1]
  .text              ro code   0x800'17c4     0x4  startup_stm32f767xx.o [1]
  .text              ro code   0x800'17c8     0x4  startup_stm32f767xx.o [1]
  .text              ro code   0x800'17cc     0x4  startup_stm32f767xx.o [1]
  .text              ro code   0x800'17d0     0x4  startup_stm32f767xx.o [1]
  .text              ro code   0x800'17d4     0x4  startup_stm32f767xx.o [1]
  .text              ro code   0x800'17d8     0x4  startup_stm32f767xx.o [1]
  .text              ro code   0x800'17dc     0x4  startup_stm32f767xx.o [1]
  .text              ro code   0x800'17e0     0x4  startup_stm32f767xx.o [1]
  .text              ro code   0x800'17e4     0x4  startup_stm32f767xx.o [1]
  .text              ro code   0x800'17e8     0x4  startup_stm32f767xx.o [1]
  .text              ro code   0x800'17ec     0x4  startup_stm32f767xx.o [1]
  .text              ro code   0x800'17f0     0x4  startup_stm32f767xx.o [1]
  .text              ro code   0x800'17f4     0x4  startup_stm32f767xx.o [1]
  .text              ro code   0x800'17f8     0x4  startup_stm32f767xx.o [1]
  .text              ro code   0x800'17fc     0x4  startup_stm32f767xx.o [1]
  .text              ro code   0x800'1800     0x4  startup_stm32f767xx.o [1]
  .text              ro code   0x800'1804     0x4  startup_stm32f767xx.o [1]
  .text              ro code   0x800'1808     0x4  startup_stm32f767xx.o [1]
  .text              ro code   0x800'180c     0x4  startup_stm32f767xx.o [1]
  .text              ro code   0x800'1810     0x4  startup_stm32f767xx.o [1]
  .text              ro code   0x800'1814     0x4  startup_stm32f767xx.o [1]
  .text              ro code   0x800'1818     0x4  startup_stm32f767xx.o [1]
  .text              ro code   0x800'181c     0x4  startup_stm32f767xx.o [1]
  .text              ro code   0x800'1820     0x4  startup_stm32f767xx.o [1]
  .text              ro code   0x800'1824     0x4  startup_stm32f767xx.o [1]
  .text              ro code   0x800'1828     0x4  startup_stm32f767xx.o [1]
  .text              ro code   0x800'182c     0x4  startup_stm32f767xx.o [1]
  .text              ro code   0x800'1830     0x4  startup_stm32f767xx.o [1]
  .text              ro code   0x800'1834     0x4  startup_stm32f767xx.o [1]
  .text              ro code   0x800'1838     0x4  startup_stm32f767xx.o [1]
  .text              ro code   0x800'183c     0x4  startup_stm32f767xx.o [1]
  .text              ro code   0x800'1840     0x4  startup_stm32f767xx.o [1]
  .text              ro code   0x800'1844     0x4  startup_stm32f767xx.o [1]
  .text              ro code   0x800'1848     0x4  startup_stm32f767xx.o [1]
  .text              ro code   0x800'184c     0x4  startup_stm32f767xx.o [1]
  .text              ro code   0x800'1850     0x4  startup_stm32f767xx.o [1]
  .text              ro code   0x800'1854     0x4  startup_stm32f767xx.o [1]
  .text              ro code   0x800'1858     0x4  startup_stm32f767xx.o [1]
  .text              ro code   0x800'185c     0x4  startup_stm32f767xx.o [1]
  .text              ro code   0x800'1860     0x4  startup_stm32f767xx.o [1]
  .text              ro code   0x800'1864     0x4  startup_stm32f767xx.o [1]
  .text              ro code   0x800'1868     0x4  startup_stm32f767xx.o [1]
  .text              ro code   0x800'186c     0x4  startup_stm32f767xx.o [1]
  .text              ro code   0x800'1870     0x4  startup_stm32f767xx.o [1]
  .text              ro code   0x800'1874     0x4  startup_stm32f767xx.o [1]
  .text              ro code   0x800'1878     0x4  startup_stm32f767xx.o [1]
  .text              ro code   0x800'187c     0x4  startup_stm32f767xx.o [1]
  .text              ro code   0x800'1880     0x4  startup_stm32f767xx.o [1]
  .text              ro code   0x800'1884     0x4  startup_stm32f767xx.o [1]
  .text              ro code   0x800'1888     0x4  startup_stm32f767xx.o [1]
  .text              ro code   0x800'188c     0x4  startup_stm32f767xx.o [1]
  .text              ro code   0x800'1890     0x4  startup_stm32f767xx.o [1]
  .text              ro code   0x800'1894     0x4  startup_stm32f767xx.o [1]
  .text              ro code   0x800'1898     0x4  startup_stm32f767xx.o [1]
  .text              ro code   0x800'189c     0x4  startup_stm32f767xx.o [1]
  .text              ro code   0x800'18a0     0x4  startup_stm32f767xx.o [1]
  .text              ro code   0x800'18a4     0x4  startup_stm32f767xx.o [1]
  .text              ro code   0x800'18a8     0x4  startup_stm32f767xx.o [1]
  .text              ro code   0x800'18ac     0x4  startup_stm32f767xx.o [1]
  .text              ro code   0x800'18b0     0x4  startup_stm32f767xx.o [1]
  .text              ro code   0x800'18b4     0x4  startup_stm32f767xx.o [1]
  .text              ro code   0x800'18b8     0x4  startup_stm32f767xx.o [1]
  .rodata            const     0x800'18bc     0x0  zero_init3.o [7]
  .rodata            const     0x800'18bc     0x0  packbits_init_single.o [7]
  Initializer bytes  const     0x800'18bc    0x23  <for P2-1>
                             - 0x800'18df  0x16e7

"P2", part 1 of 3:                           0xf8
  P2-1                        0x2000'0000    0xf8  <Init block>
    .data            inited   0x2000'0000    0xe8  main.o [2]
    .data            inited   0x2000'00e8     0xc  stm32f7xx_hal.o [4]
    .data            inited   0x2000'00f4     0x4  system_stm32f7xx.o [3]
                            - 0x2000'00f8    0xf8

"P2", part 2 of 3:                           0x4c
  .bss               zero     0x2000'00f8    0x1c  main.o [2]
  .bss               zero     0x2000'0114    0x1c  main.o [2]
  .bss               zero     0x2000'0130     0x8  main.o [2]
  .bss               zero     0x2000'0138     0x8  main.o [2]
  .bss               zero     0x2000'0140     0x4  stm32f7xx_hal_msp.o [2]
                            - 0x2000'0144    0x4c

"P2", part 3 of 3:                          0x400
  CSTACK                      0x2000'0148   0x400  <Block>
    CSTACK           uninit   0x2000'0148   0x400  <Block tail>
                            - 0x2000'0548   0x400

Unused ranges:

         From           To       Size
         ----           --       ----
   0x800'18df   0x81f'ffff  0x1f'e721
  0x2000'0144  0x2000'0147        0x4
  0x2000'0548  0x2007'ffff   0x7'fab8


*******************************************************************************
*** INIT TABLE
***

          Address      Size
          -------      ----
Zero (__iar_zero_init3)
    1 destination range, total size 0x4c:
          0x2000'00f8  0x4c

Copy/packbits (__iar_packbits_init_single3)
    1 source range, total size 0x23 (14% of destination):
           0x800'18bc  0x23
    1 destination range, total size 0xf8:
          0x2000'0000  0xf8



*******************************************************************************
*** MODULE SUMMARY
***

    Module                  ro code  ro data  rw data
    ------                  -------  -------  -------
command line/config:
    -------------------------------------------------
    Total:

C:\Users\sebastian.cioata\Documents\Internship 2021\Projects\Project34_F767ZI_NEW_CAN_CAN1_CAN3\EWARM\Project34_F767ZI_NEW_CAN_CAN1_CAN3\Obj\Application\EWARM: [1]
    startup_stm32f767xx.o       944
    -------------------------------------------------
    Total:                      944

C:\Users\sebastian.cioata\Documents\Internship 2021\Projects\Project34_F767ZI_NEW_CAN_CAN1_CAN3\EWARM\Project34_F767ZI_NEW_CAN_CAN1_CAN3\Obj\Application\User: [2]
    main.o                      528       32      304
    stm32f7xx_hal_msp.o         304                 4
    stm32f7xx_it.o               88
    -------------------------------------------------
    Total:                      920       32      308

C:\Users\sebastian.cioata\Documents\Internship 2021\Projects\Project34_F767ZI_NEW_CAN_CAN1_CAN3\EWARM\Project34_F767ZI_NEW_CAN_CAN1_CAN3\Obj\Drivers\CMSIS: [3]
    system_stm32f7xx.o           96        1        4
    -------------------------------------------------
    Total:                       96        1        4

C:\Users\sebastian.cioata\Documents\Internship 2021\Projects\Project34_F767ZI_NEW_CAN_CAN1_CAN3\EWARM\Project34_F767ZI_NEW_CAN_CAN1_CAN3\Obj\Drivers\STM32F7xx_HAL_Driver: [4]
    stm32f7xx_hal.o             114        2       12
    stm32f7xx_hal_can.o       1'718
    stm32f7xx_hal_cortex.o      196
    stm32f7xx_hal_gpio.o        504
    stm32f7xx_hal_rcc.o       1'124
    -------------------------------------------------
    Total:                    3'656        2       12

dl7M_tln.a: [5]
    exit.o                        4
    low_level_init.o              4
    -------------------------------------------------
    Total:                        8

m7M_tlv.a: [6]
    fpinit_M.o                   34
    -------------------------------------------------
    Total:                       34

rt7M_tl.a: [7]
    ABImemset.o                 102
    I64DivMod_small.o           262
    I64DivZer.o                   2
    cexit.o                      10
    cmain.o                      30
    cstartup_M.o                 28
    data_init.o                  40
    memset.o                     20
    packbits_init_single.o       58
    zero_init3.o                 56
    -------------------------------------------------
    Total:                      608

shb_l.a: [8]
    exit.o                       20
    -------------------------------------------------
    Total:                       20

    Gaps                         12        2
    Linker created                        32    1'024
-----------------------------------------------------
    Grand Total:              6'298       69    1'348


*******************************************************************************
*** ENTRY LIST
***

Entry                       Address   Size  Type      Object
-----                       -------   ----  ----      ------
.iar.init_table$$Base    0x800'1680          --   Gb  - Linker created -
.iar.init_table$$Limit   0x800'16a0          --   Gb  - Linker created -
?main                    0x800'16a1         Code  Gb  cmain.o [7]
AHBPrescTable            0x800'1584   0x10  Data  Gb  system_stm32f7xx.o [3]
BusFault_Handler         0x800'159b    0x2  Code  Gb  stm32f7xx_it.o [2]
CAN1_RX0_IRQHandler      0x800'15a9   0x12  Code  Gb  stm32f7xx_it.o [2]
CAN3_RX0_IRQHandler      0x800'15bb   0x10  Code  Gb  stm32f7xx_it.o [2]
CSTACK$$Base            0x2000'0148          --   Gb  - Linker created -
CSTACK$$Limit           0x2000'0548          --   Gb  - Linker created -
DebugMon_Handler         0x800'15a1    0x2  Code  Gb  stm32f7xx_it.o [2]
HAL_CAN_ActivateNotification
                         0x800'0677   0x14  Code  Gb  stm32f7xx_hal_can.o [4]
HAL_CAN_AddTxMessage     0x800'0495   0xd0  Code  Gb  stm32f7xx_hal_can.o [4]
HAL_CAN_ConfigFilter     0x800'0319   0xf6  Code  Gb  stm32f7xx_hal_can.o [4]
HAL_CAN_ErrorCallback    0x800'09e9    0x2  Code  Gb  stm32f7xx_hal_can.o [4]
HAL_CAN_GetRxMessage     0x800'0573  0x104  Code  Gb  stm32f7xx_hal_can.o [4]
HAL_CAN_IRQHandler       0x800'069d  0x1f8  Code  Gb  stm32f7xx_hal_can.o [4]
HAL_CAN_Init             0x800'01f9  0x120  Code  Gb  stm32f7xx_hal_can.o [4]
HAL_CAN_MspInit          0x800'08c1   0xb0  Code  Gb  stm32f7xx_hal_msp.o [2]
HAL_CAN_RxFifo0FullCallback
                         0x800'09dd    0x2  Code  Gb  stm32f7xx_hal_can.o [4]
HAL_CAN_RxFifo0MsgPendingCallback
                         0x800'09df    0x2  Code  Gb  stm32f7xx_hal_can.o [4]
HAL_CAN_RxFifo1FullCallback
                         0x800'09e1    0x2  Code  Gb  stm32f7xx_hal_can.o [4]
HAL_CAN_RxFifo1MsgPendingCallback
                         0x800'09e3    0x2  Code  Gb  stm32f7xx_hal_can.o [4]
HAL_CAN_SleepCallback    0x800'09e5    0x2  Code  Gb  stm32f7xx_hal_can.o [4]
HAL_CAN_Start            0x800'042f   0x4c  Code  Gb  stm32f7xx_hal_can.o [4]
HAL_CAN_TxMailbox0AbortCallback
                         0x800'09d3    0x2  Code  Gb  stm32f7xx_hal_can.o [4]
HAL_CAN_TxMailbox0CompleteCallback
                         0x800'09d1    0x2  Code  Gb  stm32f7xx_hal_can.o [4]
HAL_CAN_TxMailbox1AbortCallback
                         0x800'09d7    0x2  Code  Gb  stm32f7xx_hal_can.o [4]
HAL_CAN_TxMailbox1CompleteCallback
                         0x800'09d5    0x2  Code  Gb  stm32f7xx_hal_can.o [4]
HAL_CAN_TxMailbox2AbortCallback
                         0x800'09db    0x2  Code  Gb  stm32f7xx_hal_can.o [4]
HAL_CAN_TxMailbox2CompleteCallback
                         0x800'09d9    0x2  Code  Gb  stm32f7xx_hal_can.o [4]
HAL_CAN_WakeUpFromRxMsgCallback
                         0x800'09e7    0x2  Code  Gb  stm32f7xx_hal_can.o [4]
HAL_GPIO_Init            0x800'0afd  0x1c4  Code  Gb  stm32f7xx_hal_gpio.o [4]
HAL_GetTick              0x800'09c5    0xc  Code  Gb  stm32f7xx_hal.o [4]
HAL_IncTick              0x800'15ed   0x10  Code  Gb  stm32f7xx_hal.o [4]
HAL_Init                 0x800'151d   0x16  Code  Gb  stm32f7xx_hal.o [4]
HAL_InitTick             0x800'11c1   0x40  Code  Gb  stm32f7xx_hal.o [4]
HAL_MspInit              0x800'0895   0x2c  Code  Gb  stm32f7xx_hal_msp.o [2]
HAL_NVIC_EnableIRQ       0x800'0aa7   0x16  Code  Gb  stm32f7xx_hal_cortex.o [4]
HAL_NVIC_SetPriority     0x800'0a6d   0x3a  Code  Gb  stm32f7xx_hal_cortex.o [4]
HAL_NVIC_SetPriorityGrouping
                         0x800'0a53   0x1a  Code  Gb  stm32f7xx_hal_cortex.o [4]
HAL_RCC_CAN1_CLK_ENABLED
                        0x2000'0140    0x4  Data  Lc  stm32f7xx_hal_msp.o [2]
HAL_RCC_ClockConfig      0x800'104d   0xf6  Code  Gb  stm32f7xx_hal_rcc.o [4]
HAL_RCC_GetSysClockFreq
                         0x800'115d   0x4a  Code  Gb  stm32f7xx_hal_rcc.o [4]
HAL_RCC_OscConfig        0x800'0d5d  0x2f0  Code  Gb  stm32f7xx_hal_rcc.o [4]
HAL_SYSTICK_Config       0x800'0abd   0x28  Code  Gb  stm32f7xx_hal_cortex.o [4]
HardFault_Handler        0x800'1597    0x2  Code  Gb  stm32f7xx_it.o [2]
MemManage_Handler        0x800'1599    0x2  Code  Gb  stm32f7xx_it.o [2]
NMI_Handler              0x800'1595    0x2  Code  Gb  stm32f7xx_it.o [2]
PendSV_Handler           0x800'15a3    0x2  Code  Gb  stm32f7xx_it.o [2]
Region$$Table$$Base      0x800'1680          --   Gb  - Linker created -
Region$$Table$$Limit     0x800'16a0          --   Gb  - Linker created -
SVC_Handler              0x800'159f    0x2  Code  Gb  stm32f7xx_it.o [2]
SysTick_Handler          0x800'15a5    0x4  Code  Gb  stm32f7xx_it.o [2]
SystemClock_Config       0x800'148b   0x78  Code  Gb  main.o [2]
SystemCoreClock         0x2000'00f4    0x4  Data  Gb  system_stm32f7xx.o [3]
SystemInit               0x800'1535   0x3e  Code  Gb  system_stm32f7xx.o [3]
UsageFault_Handler       0x800'159d    0x2  Code  Gb  stm32f7xx_it.o [2]
__NVIC_SetPriority       0x800'0a39   0x1a  Code  Lc  stm32f7xx_hal_cortex.o [4]
__aeabi_ldiv0            0x800'1309         Code  Gb  I64DivZer.o [7]
__aeabi_memset           0x800'0cf5         Code  Gb  ABImemset.o [7]
__cmain                  0x800'16a1         Code  Gb  cmain.o [7]
__exit                   0x800'16d5   0x14  Code  Gb  exit.o [8]
__iar_Memset             0x800'0cf5         Code  Gb  ABImemset.o [7]
__iar_Memset_word        0x800'0cfd         Code  Gb  ABImemset.o [7]
__iar_data_init3         0x800'1635   0x28  Code  Gb  data_init.o [7]
__iar_init_vfp           0x800'165d         Code  Gb  fpinit_M.o [6]
__iar_packbits_init_single3
                         0x800'09ff   0x3a  Code  Gb  packbits_init_single.o [7]
__iar_program_start      0x800'16e9         Code  Gb  cstartup_M.o [7]
__iar_small_uldivmod     0x800'1201         Code  Gb  I64DivMod_small.o [7]
__iar_zero_init3         0x800'15fd   0x38  Code  Gb  zero_init3.o [7]
__low_level_init         0x800'16bf    0x4  Code  Gb  low_level_init.o [5]
__vector_table           0x800'0000         Data  Gb  startup_stm32f767xx.o [1]
_call_main               0x800'16ad         Code  Gb  cmain.o [7]
_exit                    0x800'16c9         Code  Gb  cexit.o [7]
a                       0x2000'00d0    0x8  Data  Gb  main.o [2]
a3                      0x2000'00d8    0x8  Data  Gb  main.o [2]
exit                     0x800'16c3    0x4  Code  Gb  exit.o [5]
hcan1                   0x2000'0050   0x28  Data  Gb  main.o [2]
hcan3                   0x2000'0078   0x28  Data  Gb  main.o [2]
main                     0x800'130d  0x17e  Code  Gb  main.o [2]
memset                   0x800'09eb   0x14  Code  Gb  memset.o [7]
pRx3Header              0x2000'0114   0x1c  Data  Gb  main.o [2]
pRxHeader               0x2000'00f8   0x1c  Data  Gb  main.o [2]
pTx3Header              0x2000'00b8   0x18  Data  Gb  main.o [2]
pTx3Mailbox             0x2000'00e4    0x4  Data  Gb  main.o [2]
pTxHeader               0x2000'00a0   0x18  Data  Gb  main.o [2]
pTxMailbox              0x2000'00e0    0x4  Data  Gb  main.o [2]
r                       0x2000'0130    0x8  Data  Gb  main.o [2]
r3                      0x2000'0138    0x8  Data  Gb  main.o [2]
sFilterConfig           0x2000'0000   0x28  Data  Gb  main.o [2]
sFilterConfig3          0x2000'0028   0x28  Data  Gb  main.o [2]
uwTick                  0x2000'00ec    0x4  Data  Gb  stm32f7xx_hal.o [4]
uwTickFreq              0x2000'00e8    0x1  Data  Gb  stm32f7xx_hal.o [4]
uwTickPrio              0x2000'00f0    0x4  Data  Gb  stm32f7xx_hal.o [4]


[1] = C:\Users\sebastian.cioata\Documents\Internship 2021\Projects\Project34_F767ZI_NEW_CAN_CAN1_CAN3\EWARM\Project34_F767ZI_NEW_CAN_CAN1_CAN3\Obj\Application\EWARM
[2] = C:\Users\sebastian.cioata\Documents\Internship 2021\Projects\Project34_F767ZI_NEW_CAN_CAN1_CAN3\EWARM\Project34_F767ZI_NEW_CAN_CAN1_CAN3\Obj\Application\User
[3] = C:\Users\sebastian.cioata\Documents\Internship 2021\Projects\Project34_F767ZI_NEW_CAN_CAN1_CAN3\EWARM\Project34_F767ZI_NEW_CAN_CAN1_CAN3\Obj\Drivers\CMSIS
[4] = C:\Users\sebastian.cioata\Documents\Internship 2021\Projects\Project34_F767ZI_NEW_CAN_CAN1_CAN3\EWARM\Project34_F767ZI_NEW_CAN_CAN1_CAN3\Obj\Drivers\STM32F7xx_HAL_Driver
[5] = dl7M_tln.a
[6] = m7M_tlv.a
[7] = rt7M_tl.a
[8] = shb_l.a

  6'298 bytes of readonly  code memory
     69 bytes of readonly  data memory
  1'348 bytes of readwrite data memory

Errors: none
Warnings: none
