###############################################################################
#
# IAR ELF Linker V9.10.1.308/W64 for ARM                  06/May/2021  13:11:14
# Copyright 2007-2021 IAR Systems AB.
#
#    Output file  =
#        C:\Users\sebastian.cioata\Documents\Internship
#        2021\Projects\Project28_RF_RX_CU_ANDREI\EWARM\Project28_RF_RX_CU_ANDREI\Exe\Project28_RF_RX_CU_ANDREI.out
#    Map file     =
#        C:\Users\sebastian.cioata\Documents\Internship
#        2021\Projects\Project28_RF_RX_CU_ANDREI\EWARM\Project28_RF_RX_CU_ANDREI\List\Project28_RF_RX_CU_ANDREI.map
#    Command line =
#        -f "C:\Users\sebastian.cioata\Documents\Internship
#        2021\Projects\Project28_RF_RX_CU_ANDREI\EWARM\Project28_RF_RX_CU_ANDREI\Exe\Project28_RF_RX_CU_ANDREI.out.rsp"
#        ("C:\Users\sebastian.cioata\Documents\Internship
#        2021\Projects\Project28_RF_RX_CU_ANDREI\EWARM\Project28_RF_RX_CU_ANDREI\Obj\Application\User\main.o"
#        "C:\Users\sebastian.cioata\Documents\Internship
#        2021\Projects\Project28_RF_RX_CU_ANDREI\EWARM\Project28_RF_RX_CU_ANDREI\Obj\Application\EWARM\startup_stm32f767xx.o"
#        "C:\Users\sebastian.cioata\Documents\Internship
#        2021\Projects\Project28_RF_RX_CU_ANDREI\EWARM\Project28_RF_RX_CU_ANDREI\Obj\Drivers\STM32F7xx_HAL_Driver\stm32f7xx_hal.o"
#        "C:\Users\sebastian.cioata\Documents\Internship
#        2021\Projects\Project28_RF_RX_CU_ANDREI\EWARM\Project28_RF_RX_CU_ANDREI\Obj\Drivers\STM32F7xx_HAL_Driver\stm32f7xx_hal_cortex.o"
#        "C:\Users\sebastian.cioata\Documents\Internship
#        2021\Projects\Project28_RF_RX_CU_ANDREI\EWARM\Project28_RF_RX_CU_ANDREI\Obj\Drivers\STM32F7xx_HAL_Driver\stm32f7xx_hal_dma.o"
#        "C:\Users\sebastian.cioata\Documents\Internship
#        2021\Projects\Project28_RF_RX_CU_ANDREI\EWARM\Project28_RF_RX_CU_ANDREI\Obj\Drivers\STM32F7xx_HAL_Driver\stm32f7xx_hal_dma_ex.o"
#        "C:\Users\sebastian.cioata\Documents\Internship
#        2021\Projects\Project28_RF_RX_CU_ANDREI\EWARM\Project28_RF_RX_CU_ANDREI\Obj\Drivers\STM32F7xx_HAL_Driver\stm32f7xx_hal_exti.o"
#        "C:\Users\sebastian.cioata\Documents\Internship
#        2021\Projects\Project28_RF_RX_CU_ANDREI\EWARM\Project28_RF_RX_CU_ANDREI\Obj\Drivers\STM32F7xx_HAL_Driver\stm32f7xx_hal_flash.o"
#        "C:\Users\sebastian.cioata\Documents\Internship
#        2021\Projects\Project28_RF_RX_CU_ANDREI\EWARM\Project28_RF_RX_CU_ANDREI\Obj\Drivers\STM32F7xx_HAL_Driver\stm32f7xx_hal_flash_ex.o"
#        "C:\Users\sebastian.cioata\Documents\Internship
#        2021\Projects\Project28_RF_RX_CU_ANDREI\EWARM\Project28_RF_RX_CU_ANDREI\Obj\Drivers\STM32F7xx_HAL_Driver\stm32f7xx_hal_gpio.o"
#        "C:\Users\sebastian.cioata\Documents\Internship
#        2021\Projects\Project28_RF_RX_CU_ANDREI\EWARM\Project28_RF_RX_CU_ANDREI\Obj\Drivers\STM32F7xx_HAL_Driver\stm32f7xx_hal_i2c.o"
#        "C:\Users\sebastian.cioata\Documents\Internship
#        2021\Projects\Project28_RF_RX_CU_ANDREI\EWARM\Project28_RF_RX_CU_ANDREI\Obj\Drivers\STM32F7xx_HAL_Driver\stm32f7xx_hal_i2c_ex.o"
#        "C:\Users\sebastian.cioata\Documents\Internship
#        2021\Projects\Project28_RF_RX_CU_ANDREI\EWARM\Project28_RF_RX_CU_ANDREI\Obj\Application\User\stm32f7xx_hal_msp.o"
#        "C:\Users\sebastian.cioata\Documents\Internship
#        2021\Projects\Project28_RF_RX_CU_ANDREI\EWARM\Project28_RF_RX_CU_ANDREI\Obj\Drivers\STM32F7xx_HAL_Driver\stm32f7xx_hal_pwr.o"
#        "C:\Users\sebastian.cioata\Documents\Internship
#        2021\Projects\Project28_RF_RX_CU_ANDREI\EWARM\Project28_RF_RX_CU_ANDREI\Obj\Drivers\STM32F7xx_HAL_Driver\stm32f7xx_hal_pwr_ex.o"
#        "C:\Users\sebastian.cioata\Documents\Internship
#        2021\Projects\Project28_RF_RX_CU_ANDREI\EWARM\Project28_RF_RX_CU_ANDREI\Obj\Drivers\STM32F7xx_HAL_Driver\stm32f7xx_hal_rcc.o"
#        "C:\Users\sebastian.cioata\Documents\Internship
#        2021\Projects\Project28_RF_RX_CU_ANDREI\EWARM\Project28_RF_RX_CU_ANDREI\Obj\Drivers\STM32F7xx_HAL_Driver\stm32f7xx_hal_rcc_ex.o"
#        "C:\Users\sebastian.cioata\Documents\Internship
#        2021\Projects\Project28_RF_RX_CU_ANDREI\EWARM\Project28_RF_RX_CU_ANDREI\Obj\Drivers\STM32F7xx_HAL_Driver\stm32f7xx_hal_tim.o"
#        "C:\Users\sebastian.cioata\Documents\Internship
#        2021\Projects\Project28_RF_RX_CU_ANDREI\EWARM\Project28_RF_RX_CU_ANDREI\Obj\Drivers\STM32F7xx_HAL_Driver\stm32f7xx_hal_tim_ex.o"
#        "C:\Users\sebastian.cioata\Documents\Internship
#        2021\Projects\Project28_RF_RX_CU_ANDREI\EWARM\Project28_RF_RX_CU_ANDREI\Obj\Application\User\stm32f7xx_it.o"
#        "C:\Users\sebastian.cioata\Documents\Internship
#        2021\Projects\Project28_RF_RX_CU_ANDREI\EWARM\Project28_RF_RX_CU_ANDREI\Obj\Drivers\CMSIS\system_stm32f7xx.o"
#        --redirect _Printf=_PrintfFull --redirect _Scanf=_ScanfFull
#        --no_out_extension -o "C:\Users\sebastian.cioata\Documents\Internship
#        2021\Projects\Project28_RF_RX_CU_ANDREI\EWARM\Project28_RF_RX_CU_ANDREI\Exe\Project28_RF_RX_CU_ANDREI.out"
#        --map "C:\Users\sebastian.cioata\Documents\Internship
#        2021\Projects\Project28_RF_RX_CU_ANDREI\EWARM\Project28_RF_RX_CU_ANDREI\List\Project28_RF_RX_CU_ANDREI.map"
#        --config "C:\Users\sebastian.cioata\Documents\Internship
#        2021\Projects\Project28_RF_RX_CU_ANDREI\EWARM/stm32f767xx_flash.icf"
#        --semihosting --entry __iar_program_start --vfe --text_out locale)
#
###############################################################################

*******************************************************************************
*** RUNTIME MODEL ATTRIBUTES
***

CppFlavor       = *
__SystemLibrary = DLib
__dlib_version  = 6


*******************************************************************************
*** HEAP SELECTION
***

The basic heap was selected because some modules are built with
size limitations (and not runtime checking), and --advanced_heap
was not specified.


*******************************************************************************
*** PLACEMENT SUMMARY
***

"A0":  place at address 0x800'0000 { ro section .intvec };
"P1":  place in [from 0x800'0000 to 0x81f'ffff] { ro };
define block CSTACK with size = 1K, alignment = 8 { };
define block HEAP with size = 512, alignment = 8 { };
"P2":  place in [from 0x2000'0000 to 0x2007'ffff] {
          rw, block CSTACK, block HEAP };
initialize by copy { rw };

  Section            Kind         Address    Size  Object
  -------            ----         -------    ----  ------
"A0":                                       0x1f8
  .intvec            ro code   0x800'0000   0x1f8  startup_stm32f767xx.o [1]
                             - 0x800'01f8   0x1f8

"P1":                                      0x1164
  .text              ro code   0x800'01f8   0x464  stm32f7xx_hal_rcc.o [4]
  .text              ro code   0x800'065c     0xc  stm32f7xx_hal.o [4]
  .text              ro code   0x800'0668    0x40  stm32f7xx_hal.o [4]
  .text              ro code   0x800'06a8   0x106  I64DivMod_small.o [7]
  .text              ro code   0x800'07ae    0x2a  copy_init3.o [7]
  .text              ro code   0x800'07d8    0xac  stm32f7xx_hal_cortex.o [4]
  .text              ro code   0x800'0884     0x2  I64DivZer.o [7]
  .text              ro code   0x800'0888   0x26e  stm32f7xx_hal_tim.o [4]
  .text              ro code   0x800'0af8    0x58  stm32f7xx_hal_msp.o [2]
  .text              ro code   0x800'0b50   0x204  stm32f7xx_hal_gpio.o [4]
  .text              ro code   0x800'0d54   0x1a8  main.o [2]
  .text              ro code   0x800'0efc    0x16  stm32f7xx_hal.o [4]
  .text              ro code   0x800'0f12    0x14  memset.o [7]
  .text              ro code   0x800'0f28    0x6a  stm32f7xx_hal_tim_ex.o [4]
  .text              ro code   0x800'0f94    0x66  ABImemset.o [7]
  .text              ro code   0x800'0ffc    0x60  system_stm32f7xx.o [3]
  .text              ro code   0x800'105c    0x38  zero_init3.o [7]
  .text              ro code   0x800'1094    0x28  data_init.o [7]
  .text              ro code   0x800'10bc    0x22  fpinit_M.o [6]
  .iar.init_table    const     0x800'10e0    0x24  - Linker created -
  .text              ro code   0x800'1104    0x1e  cmain.o [7]
  .text              ro code   0x800'1122     0x4  low_level_init.o [5]
  .text              ro code   0x800'1126     0x4  exit.o [5]
  .text              ro code   0x800'112c     0xa  cexit.o [7]
  .text              ro code   0x800'1138    0x14  exit.o [8]
  .text              ro code   0x800'114c    0x1c  cstartup_M.o [7]
  .text              ro code   0x800'1168    0x14  stm32f7xx_it.o [2]
  .text              ro code   0x800'117c    0x10  stm32f7xx_hal.o [4]
  .text              ro code   0x800'118c    0x10  startup_stm32f767xx.o [1]
  Initializer bytes  const     0x800'119c    0x10  <for P2-1>
  .text              ro code   0x800'11ac     0x4  startup_stm32f767xx.o [1]
  .text              ro code   0x800'11b0     0x4  startup_stm32f767xx.o [1]
  .text              ro code   0x800'11b4     0x4  startup_stm32f767xx.o [1]
  .text              ro code   0x800'11b8     0x4  startup_stm32f767xx.o [1]
  .text              ro code   0x800'11bc     0x4  startup_stm32f767xx.o [1]
  .text              ro code   0x800'11c0     0x4  startup_stm32f767xx.o [1]
  .text              ro code   0x800'11c4     0x4  startup_stm32f767xx.o [1]
  .text              ro code   0x800'11c8     0x4  startup_stm32f767xx.o [1]
  .text              ro code   0x800'11cc     0x4  startup_stm32f767xx.o [1]
  .text              ro code   0x800'11d0     0x4  startup_stm32f767xx.o [1]
  .text              ro code   0x800'11d4     0x4  startup_stm32f767xx.o [1]
  .text              ro code   0x800'11d8     0x4  startup_stm32f767xx.o [1]
  .text              ro code   0x800'11dc     0x4  startup_stm32f767xx.o [1]
  .text              ro code   0x800'11e0     0x4  startup_stm32f767xx.o [1]
  .text              ro code   0x800'11e4     0x4  startup_stm32f767xx.o [1]
  .text              ro code   0x800'11e8     0x4  startup_stm32f767xx.o [1]
  .text              ro code   0x800'11ec     0x4  startup_stm32f767xx.o [1]
  .text              ro code   0x800'11f0     0x4  startup_stm32f767xx.o [1]
  .text              ro code   0x800'11f4     0x4  startup_stm32f767xx.o [1]
  .text              ro code   0x800'11f8     0x4  startup_stm32f767xx.o [1]
  .text              ro code   0x800'11fc     0x4  startup_stm32f767xx.o [1]
  .text              ro code   0x800'1200     0x4  startup_stm32f767xx.o [1]
  .text              ro code   0x800'1204     0x4  startup_stm32f767xx.o [1]
  .text              ro code   0x800'1208     0x4  startup_stm32f767xx.o [1]
  .text              ro code   0x800'120c     0x4  startup_stm32f767xx.o [1]
  .text              ro code   0x800'1210     0x4  startup_stm32f767xx.o [1]
  .text              ro code   0x800'1214     0x4  startup_stm32f767xx.o [1]
  .text              ro code   0x800'1218     0x4  startup_stm32f767xx.o [1]
  .text              ro code   0x800'121c     0x4  startup_stm32f767xx.o [1]
  .text              ro code   0x800'1220     0x4  startup_stm32f767xx.o [1]
  .text              ro code   0x800'1224     0x4  startup_stm32f767xx.o [1]
  .text              ro code   0x800'1228     0x4  startup_stm32f767xx.o [1]
  .text              ro code   0x800'122c     0x4  startup_stm32f767xx.o [1]
  .text              ro code   0x800'1230     0x4  startup_stm32f767xx.o [1]
  .text              ro code   0x800'1234     0x4  startup_stm32f767xx.o [1]
  .text              ro code   0x800'1238     0x4  startup_stm32f767xx.o [1]
  .text              ro code   0x800'123c     0x4  startup_stm32f767xx.o [1]
  .text              ro code   0x800'1240     0x4  startup_stm32f767xx.o [1]
  .text              ro code   0x800'1244     0x4  startup_stm32f767xx.o [1]
  .text              ro code   0x800'1248     0x4  startup_stm32f767xx.o [1]
  .text              ro code   0x800'124c     0x4  startup_stm32f767xx.o [1]
  .text              ro code   0x800'1250     0x4  startup_stm32f767xx.o [1]
  .text              ro code   0x800'1254     0x4  startup_stm32f767xx.o [1]
  .text              ro code   0x800'1258     0x4  startup_stm32f767xx.o [1]
  .text              ro code   0x800'125c     0x4  startup_stm32f767xx.o [1]
  .text              ro code   0x800'1260     0x4  startup_stm32f767xx.o [1]
  .text              ro code   0x800'1264     0x4  startup_stm32f767xx.o [1]
  .text              ro code   0x800'1268     0x4  startup_stm32f767xx.o [1]
  .text              ro code   0x800'126c     0x4  startup_stm32f767xx.o [1]
  .text              ro code   0x800'1270     0x4  startup_stm32f767xx.o [1]
  .text              ro code   0x800'1274     0x4  startup_stm32f767xx.o [1]
  .text              ro code   0x800'1278     0x4  startup_stm32f767xx.o [1]
  .text              ro code   0x800'127c     0x4  startup_stm32f767xx.o [1]
  .text              ro code   0x800'1280     0x4  startup_stm32f767xx.o [1]
  .text              ro code   0x800'1284     0x4  startup_stm32f767xx.o [1]
  .text              ro code   0x800'1288     0x4  startup_stm32f767xx.o [1]
  .text              ro code   0x800'128c     0x4  startup_stm32f767xx.o [1]
  .text              ro code   0x800'1290     0x4  startup_stm32f767xx.o [1]
  .text              ro code   0x800'1294     0x4  startup_stm32f767xx.o [1]
  .text              ro code   0x800'1298     0x4  startup_stm32f767xx.o [1]
  .text              ro code   0x800'129c     0x4  startup_stm32f767xx.o [1]
  .text              ro code   0x800'12a0     0x4  startup_stm32f767xx.o [1]
  .text              ro code   0x800'12a4     0x4  startup_stm32f767xx.o [1]
  .text              ro code   0x800'12a8     0x4  startup_stm32f767xx.o [1]
  .text              ro code   0x800'12ac     0x4  startup_stm32f767xx.o [1]
  .text              ro code   0x800'12b0     0x4  startup_stm32f767xx.o [1]
  .text              ro code   0x800'12b4     0x4  startup_stm32f767xx.o [1]
  .text              ro code   0x800'12b8     0x4  startup_stm32f767xx.o [1]
  .text              ro code   0x800'12bc     0x4  startup_stm32f767xx.o [1]
  .text              ro code   0x800'12c0     0x4  startup_stm32f767xx.o [1]
  .text              ro code   0x800'12c4     0x4  startup_stm32f767xx.o [1]
  .text              ro code   0x800'12c8     0x4  startup_stm32f767xx.o [1]
  .text              ro code   0x800'12cc     0x4  startup_stm32f767xx.o [1]
  .text              ro code   0x800'12d0     0x4  startup_stm32f767xx.o [1]
  .text              ro code   0x800'12d4     0x4  startup_stm32f767xx.o [1]
  .text              ro code   0x800'12d8     0x4  startup_stm32f767xx.o [1]
  .text              ro code   0x800'12dc     0x4  startup_stm32f767xx.o [1]
  .text              ro code   0x800'12e0     0x4  startup_stm32f767xx.o [1]
  .text              ro code   0x800'12e4     0x4  startup_stm32f767xx.o [1]
  .text              ro code   0x800'12e8     0x4  startup_stm32f767xx.o [1]
  .text              ro code   0x800'12ec     0x4  startup_stm32f767xx.o [1]
  .text              ro code   0x800'12f0     0x4  startup_stm32f767xx.o [1]
  .text              ro code   0x800'12f4     0x4  startup_stm32f767xx.o [1]
  .text              ro code   0x800'12f8     0x4  startup_stm32f767xx.o [1]
  .text              ro code   0x800'12fc     0x4  startup_stm32f767xx.o [1]
  .text              ro code   0x800'1300     0x4  startup_stm32f767xx.o [1]
  .text              ro code   0x800'1304     0x4  startup_stm32f767xx.o [1]
  .text              ro code   0x800'1308     0x4  startup_stm32f767xx.o [1]
  .text              ro code   0x800'130c     0x4  startup_stm32f767xx.o [1]
  .text              ro code   0x800'1310     0x4  startup_stm32f767xx.o [1]
  .text              ro code   0x800'1314     0x4  startup_stm32f767xx.o [1]
  .text              ro code   0x800'1318     0x4  startup_stm32f767xx.o [1]
  .text              ro code   0x800'131c     0x4  startup_stm32f767xx.o [1]
  .text              ro code   0x800'1320     0x4  startup_stm32f767xx.o [1]
  .text              ro code   0x800'1324     0x4  startup_stm32f767xx.o [1]
  .text              ro code   0x800'1328     0x4  startup_stm32f767xx.o [1]
  .text              ro code   0x800'132c     0x4  startup_stm32f767xx.o [1]
  .text              ro code   0x800'1330     0x4  startup_stm32f767xx.o [1]
  .text              ro code   0x800'1334     0x4  startup_stm32f767xx.o [1]
  .text              ro code   0x800'1338     0x4  startup_stm32f767xx.o [1]
  .text              ro code   0x800'133c     0x4  startup_stm32f767xx.o [1]
  .text              ro code   0x800'1340     0x4  startup_stm32f767xx.o [1]
  .text              ro code   0x800'1344     0x4  startup_stm32f767xx.o [1]
  .text              ro code   0x800'1348     0x4  startup_stm32f767xx.o [1]
  .text              ro code   0x800'134c     0x4  startup_stm32f767xx.o [1]
  .text              ro code   0x800'1350     0x4  startup_stm32f767xx.o [1]
  .text              ro code   0x800'1354     0x4  startup_stm32f767xx.o [1]
  .text              ro code   0x800'1358     0x4  startup_stm32f767xx.o [1]
  .rodata            const     0x800'135c     0x0  zero_init3.o [7]
  .rodata            const     0x800'135c     0x0  copy_init3.o [7]
                             - 0x800'135c  0x1164

"P2", part 1 of 3:                           0x10
  P2-1                        0x2000'0000    0x10  <Init block>
    .data            inited   0x2000'0000     0xc  stm32f7xx_hal.o [4]
    .data            inited   0x2000'000c     0x4  system_stm32f7xx.o [3]
                            - 0x2000'0010    0x10

"P2", part 2 of 3:                           0x5c
  .bss               zero     0x2000'0010    0x5c  main.o [2]
                            - 0x2000'006c    0x5c

"P2", part 3 of 3:                          0x400
  CSTACK                      0x2000'0070   0x400  <Block>
    CSTACK           uninit   0x2000'0070   0x400  <Block tail>
                            - 0x2000'0470   0x400

Unused ranges:

         From           To       Size
         ----           --       ----
   0x800'135c   0x81f'ffff  0x1f'eca4
  0x2000'006c  0x2000'006f        0x4
  0x2000'0470  0x2007'ffff   0x7'fb90


*******************************************************************************
*** INIT TABLE
***

          Address      Size
          -------      ----
Zero (__iar_zero_init3)
    1 destination range, total size 0x5c:
          0x2000'0010  0x5c

Copy (__iar_copy_init3)
    1 source range, total size 0x10:
           0x800'119c  0x10
    1 destination range, total size 0x10:
          0x2000'0000  0x10



*******************************************************************************
*** MODULE SUMMARY
***

    Module                  ro code  ro data  rw data
    ------                  -------  -------  -------
command line/config:
    -------------------------------------------------
    Total:

C:\Users\sebastian.cioata\Documents\Internship 2021\Projects\Project28_RF_RX_CU_ANDREI\EWARM\Project28_RF_RX_CU_ANDREI\Obj\Application\EWARM: [1]
    startup_stm32f767xx.o       952
    -------------------------------------------------
    Total:                      952

C:\Users\sebastian.cioata\Documents\Internship 2021\Projects\Project28_RF_RX_CU_ANDREI\EWARM\Project28_RF_RX_CU_ANDREI\Obj\Application\User: [2]
    main.o                      424                92
    stm32f7xx_hal_msp.o          88
    stm32f7xx_it.o               20
    -------------------------------------------------
    Total:                      532                92

C:\Users\sebastian.cioata\Documents\Internship 2021\Projects\Project28_RF_RX_CU_ANDREI\EWARM\Project28_RF_RX_CU_ANDREI\Obj\Drivers\CMSIS: [3]
    system_stm32f7xx.o           96        4        4
    -------------------------------------------------
    Total:                       96        4        4

C:\Users\sebastian.cioata\Documents\Internship 2021\Projects\Project28_RF_RX_CU_ANDREI\EWARM\Project28_RF_RX_CU_ANDREI\Obj\Drivers\STM32F7xx_HAL_Driver: [4]
    stm32f7xx_hal.o             114       12       12
    stm32f7xx_hal_cortex.o      172
    stm32f7xx_hal_gpio.o        516
    stm32f7xx_hal_rcc.o       1'124
    stm32f7xx_hal_tim.o         622
    stm32f7xx_hal_tim_ex.o      106
    -------------------------------------------------
    Total:                    2'654       12       12

dl7M_tln.a: [5]
    exit.o                        4
    low_level_init.o              4
    -------------------------------------------------
    Total:                        8

m7M_tlv.a: [6]
    fpinit_M.o                   34
    -------------------------------------------------
    Total:                       34

rt7M_tl.a: [7]
    ABImemset.o                 102
    I64DivMod_small.o           262
    I64DivZer.o                   2
    cexit.o                      10
    cmain.o                      30
    copy_init3.o                 42
    cstartup_M.o                 28
    data_init.o                  40
    memset.o                     20
    zero_init3.o                 56
    -------------------------------------------------
    Total:                      592

shb_l.a: [8]
    exit.o                       20
    -------------------------------------------------
    Total:                       20

    Gaps                         14        2
    Linker created                        36    1'024
-----------------------------------------------------
    Grand Total:              4'902       54    1'132


*******************************************************************************
*** ENTRY LIST
***

Entry                       Address   Size  Type      Object
-----                       -------   ----  ----      ------
.iar.init_table$$Base    0x800'10e0          --   Gb  - Linker created -
.iar.init_table$$Limit   0x800'1104          --   Gb  - Linker created -
?main                    0x800'1105         Code  Gb  cmain.o [7]
AHBPrescTable            0x800'104c   0x10  Data  Gb  system_stm32f7xx.o [3]
BusFault_Handler         0x800'116f    0x2  Code  Gb  stm32f7xx_it.o [2]
CSTACK$$Base            0x2000'0070          --   Gb  - Linker created -
CSTACK$$Limit           0x2000'0470          --   Gb  - Linker created -
DebugMon_Handler         0x800'1175    0x2  Code  Gb  stm32f7xx_it.o [2]
HAL_GPIO_Init            0x800'0b51  0x1c4  Code  Gb  stm32f7xx_hal_gpio.o [4]
HAL_GPIO_ReadPin         0x800'0d15    0xc  Code  Gb  stm32f7xx_hal_gpio.o [4]
HAL_GetTick              0x800'065d    0xc  Code  Gb  stm32f7xx_hal.o [4]
HAL_IncTick              0x800'117d   0x10  Code  Gb  stm32f7xx_hal.o [4]
HAL_Init                 0x800'0efd   0x16  Code  Gb  stm32f7xx_hal.o [4]
HAL_InitTick             0x800'0669   0x40  Code  Gb  stm32f7xx_hal.o [4]
HAL_MspInit              0x800'0af9   0x2c  Code  Gb  stm32f7xx_hal_msp.o [2]
HAL_NVIC_SetPriority     0x800'080d   0x3a  Code  Gb  stm32f7xx_hal_cortex.o [4]
HAL_NVIC_SetPriorityGrouping
                         0x800'07f3   0x1a  Code  Gb  stm32f7xx_hal_cortex.o [4]
HAL_RCC_ClockConfig      0x800'04e9   0xf6  Code  Gb  stm32f7xx_hal_rcc.o [4]
HAL_RCC_GetSysClockFreq
                         0x800'05f9   0x4a  Code  Gb  stm32f7xx_hal_rcc.o [4]
HAL_RCC_OscConfig        0x800'01f9  0x2f0  Code  Gb  stm32f7xx_hal_rcc.o [4]
HAL_SYSTICK_Config       0x800'0847   0x28  Code  Gb  stm32f7xx_hal_cortex.o [4]
HAL_TIMEx_MasterConfigSynchronization
                         0x800'0f29   0x52  Code  Gb  stm32f7xx_hal_tim_ex.o [4]
HAL_TIM_Base_Init        0x800'0889   0x1a  Code  Gb  stm32f7xx_hal_tim.o [4]
HAL_TIM_Base_MspInit     0x800'0b25   0x22  Code  Gb  stm32f7xx_hal_msp.o [2]
HAL_TIM_Base_Start       0x800'08a3   0x2e  Code  Gb  stm32f7xx_hal_tim.o [4]
HAL_TIM_ConfigClockSource
                         0x800'08f9   0x92  Code  Gb  stm32f7xx_hal_tim.o [4]
HardFault_Handler        0x800'116b    0x2  Code  Gb  stm32f7xx_it.o [2]
MemManage_Handler        0x800'116d    0x2  Code  Gb  stm32f7xx_it.o [2]
NMI_Handler              0x800'1169    0x2  Code  Gb  stm32f7xx_it.o [2]
PendSV_Handler           0x800'1177    0x2  Code  Gb  stm32f7xx_it.o [2]
Region$$Table$$Base      0x800'10e0          --   Gb  - Linker created -
Region$$Table$$Limit     0x800'1104          --   Gb  - Linker created -
SVC_Handler              0x800'1173    0x2  Code  Gb  stm32f7xx_it.o [2]
SysTick_Handler          0x800'1179    0x4  Code  Gb  stm32f7xx_it.o [2]
SystemClock_Config       0x800'0e6d   0x74  Code  Gb  main.o [2]
SystemCoreClock         0x2000'000c    0x4  Data  Gb  system_stm32f7xx.o [3]
SystemInit               0x800'0ffd   0x3e  Code  Gb  system_stm32f7xx.o [3]
TIM_Base_SetConfig       0x800'09bf   0x9e  Code  Gb  stm32f7xx_hal_tim.o [4]
TIM_ETR_SetConfig        0x800'0ae3   0x14  Code  Gb  stm32f7xx_hal_tim.o [4]
TIM_ITRx_SetConfig       0x800'0ad3   0x10  Code  Lc  stm32f7xx_hal_tim.o [4]
TIM_TI1_ConfigInputStage
                         0x800'0a8d   0x22  Code  Lc  stm32f7xx_hal_tim.o [4]
TIM_TI2_ConfigInputStage
                         0x800'0aaf   0x24  Code  Lc  stm32f7xx_hal_tim.o [4]
UsageFault_Handler       0x800'1171    0x2  Code  Gb  stm32f7xx_it.o [2]
__NVIC_SetPriority       0x800'07d9   0x1a  Code  Lc  stm32f7xx_hal_cortex.o [4]
__aeabi_ldiv0            0x800'0885         Code  Gb  I64DivZer.o [7]
__aeabi_memset           0x800'0f95         Code  Gb  ABImemset.o [7]
__cmain                  0x800'1105         Code  Gb  cmain.o [7]
__exit                   0x800'1139   0x14  Code  Gb  exit.o [8]
__iar_Memset             0x800'0f95         Code  Gb  ABImemset.o [7]
__iar_Memset_word        0x800'0f9d         Code  Gb  ABImemset.o [7]
__iar_copy_init3         0x800'07af   0x2a  Code  Gb  copy_init3.o [7]
__iar_data_init3         0x800'1095   0x28  Code  Gb  data_init.o [7]
__iar_init_vfp           0x800'10bd         Code  Gb  fpinit_M.o [6]
__iar_program_start      0x800'114d         Code  Gb  cstartup_M.o [7]
__iar_small_uldivmod     0x800'06a9         Code  Gb  I64DivMod_small.o [7]
__iar_zero_init3         0x800'105d   0x38  Code  Gb  zero_init3.o [7]
__low_level_init         0x800'1123    0x4  Code  Gb  low_level_init.o [5]
__vector_table           0x800'0000         Data  Gb  startup_stm32f767xx.o [1]
_call_main               0x800'1111         Code  Gb  cmain.o [7]
_exit                    0x800'112d         Code  Gb  cexit.o [7]
bit                     0x2000'0051    0x1  Data  Gb  main.o [2]
exit                     0x800'1127    0x4  Code  Gb  exit.o [5]
htim3                   0x2000'0010   0x40  Data  Gb  main.o [2]
i                       0x2000'0050    0x1  Data  Gb  main.o [2]
j                       0x2000'0052    0x1  Data  Gb  main.o [2]
main                     0x800'0d55  0x118  Code  Gb  main.o [2]
memset                   0x800'0f13   0x14  Code  Gb  memset.o [7]
primit                  0x2000'0064    0x8  Data  Gb  main.o [2]
sync                    0x2000'0058    0xc  Data  Gb  main.o [2]
tick                    0x2000'0054    0x2  Data  Gb  main.o [2]
uwTick                  0x2000'0004    0x4  Data  Gb  stm32f7xx_hal.o [4]
uwTickFreq              0x2000'0000    0x1  Data  Gb  stm32f7xx_hal.o [4]
uwTickPrio              0x2000'0008    0x4  Data  Gb  stm32f7xx_hal.o [4]


[1] = C:\Users\sebastian.cioata\Documents\Internship 2021\Projects\Project28_RF_RX_CU_ANDREI\EWARM\Project28_RF_RX_CU_ANDREI\Obj\Application\EWARM
[2] = C:\Users\sebastian.cioata\Documents\Internship 2021\Projects\Project28_RF_RX_CU_ANDREI\EWARM\Project28_RF_RX_CU_ANDREI\Obj\Application\User
[3] = C:\Users\sebastian.cioata\Documents\Internship 2021\Projects\Project28_RF_RX_CU_ANDREI\EWARM\Project28_RF_RX_CU_ANDREI\Obj\Drivers\CMSIS
[4] = C:\Users\sebastian.cioata\Documents\Internship 2021\Projects\Project28_RF_RX_CU_ANDREI\EWARM\Project28_RF_RX_CU_ANDREI\Obj\Drivers\STM32F7xx_HAL_Driver
[5] = dl7M_tln.a
[6] = m7M_tlv.a
[7] = rt7M_tl.a
[8] = shb_l.a

  4'902 bytes of readonly  code memory
     54 bytes of readonly  data memory
  1'132 bytes of readwrite data memory

Errors: none
Warnings: none
