###############################################################################
#
# IAR ELF Linker V9.10.1.308/W64 for ARM                  27/Apr/2021  14:55:24
# Copyright 2007-2021 IAR Systems AB.
#
#    Output file  =
#        C:\Users\sebastian.cioata\Documents\Internship
#        2021\Projects\Project25_TEST_RF_USART2\EWARM\Project25_TEST_RF_USART2\Exe\Project25_TEST_RF_USART2.out
#    Map file     =
#        C:\Users\sebastian.cioata\Documents\Internship
#        2021\Projects\Project25_TEST_RF_USART2\EWARM\Project25_TEST_RF_USART2\List\Project25_TEST_RF_USART2.map
#    Command line =
#        -f "C:\Users\sebastian.cioata\Documents\Internship
#        2021\Projects\Project25_TEST_RF_USART2\EWARM\Project25_TEST_RF_USART2\Exe\Project25_TEST_RF_USART2.out.rsp"
#        ("C:\Users\sebastian.cioata\Documents\Internship
#        2021\Projects\Project25_TEST_RF_USART2\EWARM\Project25_TEST_RF_USART2\Obj\Application\User\main.o"
#        "C:\Users\sebastian.cioata\Documents\Internship
#        2021\Projects\Project25_TEST_RF_USART2\EWARM\Project25_TEST_RF_USART2\Obj\Application\EWARM\startup_stm32f767xx.o"
#        "C:\Users\sebastian.cioata\Documents\Internship
#        2021\Projects\Project25_TEST_RF_USART2\EWARM\Project25_TEST_RF_USART2\Obj\Drivers\STM32F7xx_HAL_Driver\stm32f7xx_hal.o"
#        "C:\Users\sebastian.cioata\Documents\Internship
#        2021\Projects\Project25_TEST_RF_USART2\EWARM\Project25_TEST_RF_USART2\Obj\Drivers\STM32F7xx_HAL_Driver\stm32f7xx_hal_cortex.o"
#        "C:\Users\sebastian.cioata\Documents\Internship
#        2021\Projects\Project25_TEST_RF_USART2\EWARM\Project25_TEST_RF_USART2\Obj\Drivers\STM32F7xx_HAL_Driver\stm32f7xx_hal_dma.o"
#        "C:\Users\sebastian.cioata\Documents\Internship
#        2021\Projects\Project25_TEST_RF_USART2\EWARM\Project25_TEST_RF_USART2\Obj\Drivers\STM32F7xx_HAL_Driver\stm32f7xx_hal_dma_ex.o"
#        "C:\Users\sebastian.cioata\Documents\Internship
#        2021\Projects\Project25_TEST_RF_USART2\EWARM\Project25_TEST_RF_USART2\Obj\Drivers\STM32F7xx_HAL_Driver\stm32f7xx_hal_exti.o"
#        "C:\Users\sebastian.cioata\Documents\Internship
#        2021\Projects\Project25_TEST_RF_USART2\EWARM\Project25_TEST_RF_USART2\Obj\Drivers\STM32F7xx_HAL_Driver\stm32f7xx_hal_flash.o"
#        "C:\Users\sebastian.cioata\Documents\Internship
#        2021\Projects\Project25_TEST_RF_USART2\EWARM\Project25_TEST_RF_USART2\Obj\Drivers\STM32F7xx_HAL_Driver\stm32f7xx_hal_flash_ex.o"
#        "C:\Users\sebastian.cioata\Documents\Internship
#        2021\Projects\Project25_TEST_RF_USART2\EWARM\Project25_TEST_RF_USART2\Obj\Drivers\STM32F7xx_HAL_Driver\stm32f7xx_hal_gpio.o"
#        "C:\Users\sebastian.cioata\Documents\Internship
#        2021\Projects\Project25_TEST_RF_USART2\EWARM\Project25_TEST_RF_USART2\Obj\Drivers\STM32F7xx_HAL_Driver\stm32f7xx_hal_i2c.o"
#        "C:\Users\sebastian.cioata\Documents\Internship
#        2021\Projects\Project25_TEST_RF_USART2\EWARM\Project25_TEST_RF_USART2\Obj\Drivers\STM32F7xx_HAL_Driver\stm32f7xx_hal_i2c_ex.o"
#        "C:\Users\sebastian.cioata\Documents\Internship
#        2021\Projects\Project25_TEST_RF_USART2\EWARM\Project25_TEST_RF_USART2\Obj\Application\User\stm32f7xx_hal_msp.o"
#        "C:\Users\sebastian.cioata\Documents\Internship
#        2021\Projects\Project25_TEST_RF_USART2\EWARM\Project25_TEST_RF_USART2\Obj\Drivers\STM32F7xx_HAL_Driver\stm32f7xx_hal_pwr.o"
#        "C:\Users\sebastian.cioata\Documents\Internship
#        2021\Projects\Project25_TEST_RF_USART2\EWARM\Project25_TEST_RF_USART2\Obj\Drivers\STM32F7xx_HAL_Driver\stm32f7xx_hal_pwr_ex.o"
#        "C:\Users\sebastian.cioata\Documents\Internship
#        2021\Projects\Project25_TEST_RF_USART2\EWARM\Project25_TEST_RF_USART2\Obj\Drivers\STM32F7xx_HAL_Driver\stm32f7xx_hal_rcc.o"
#        "C:\Users\sebastian.cioata\Documents\Internship
#        2021\Projects\Project25_TEST_RF_USART2\EWARM\Project25_TEST_RF_USART2\Obj\Drivers\STM32F7xx_HAL_Driver\stm32f7xx_hal_rcc_ex.o"
#        "C:\Users\sebastian.cioata\Documents\Internship
#        2021\Projects\Project25_TEST_RF_USART2\EWARM\Project25_TEST_RF_USART2\Obj\Drivers\STM32F7xx_HAL_Driver\stm32f7xx_hal_tim.o"
#        "C:\Users\sebastian.cioata\Documents\Internship
#        2021\Projects\Project25_TEST_RF_USART2\EWARM\Project25_TEST_RF_USART2\Obj\Drivers\STM32F7xx_HAL_Driver\stm32f7xx_hal_tim_ex.o"
#        "C:\Users\sebastian.cioata\Documents\Internship
#        2021\Projects\Project25_TEST_RF_USART2\EWARM\Project25_TEST_RF_USART2\Obj\Drivers\STM32F7xx_HAL_Driver\stm32f7xx_hal_uart.o"
#        "C:\Users\sebastian.cioata\Documents\Internship
#        2021\Projects\Project25_TEST_RF_USART2\EWARM\Project25_TEST_RF_USART2\Obj\Drivers\STM32F7xx_HAL_Driver\stm32f7xx_hal_uart_ex.o"
#        "C:\Users\sebastian.cioata\Documents\Internship
#        2021\Projects\Project25_TEST_RF_USART2\EWARM\Project25_TEST_RF_USART2\Obj\Application\User\stm32f7xx_it.o"
#        "C:\Users\sebastian.cioata\Documents\Internship
#        2021\Projects\Project25_TEST_RF_USART2\EWARM\Project25_TEST_RF_USART2\Obj\Drivers\CMSIS\system_stm32f7xx.o"
#        --redirect _Printf=_PrintfFull --redirect _Scanf=_ScanfFull
#        --no_out_extension -o "C:\Users\sebastian.cioata\Documents\Internship
#        2021\Projects\Project25_TEST_RF_USART2\EWARM\Project25_TEST_RF_USART2\Exe\Project25_TEST_RF_USART2.out"
#        --map "C:\Users\sebastian.cioata\Documents\Internship
#        2021\Projects\Project25_TEST_RF_USART2\EWARM\Project25_TEST_RF_USART2\List\Project25_TEST_RF_USART2.map"
#        --config "C:\Users\sebastian.cioata\Documents\Internship
#        2021\Projects\Project25_TEST_RF_USART2\EWARM/stm32f767xx_flash.icf"
#        --semihosting --entry __iar_program_start --vfe --text_out locale)
#
###############################################################################

*******************************************************************************
*** RUNTIME MODEL ATTRIBUTES
***

CppFlavor       = *
__SystemLibrary = DLib
__dlib_version  = 6


*******************************************************************************
*** HEAP SELECTION
***

The basic heap was selected because some modules are built with
size limitations (and not runtime checking), and --advanced_heap
was not specified.


*******************************************************************************
*** PLACEMENT SUMMARY
***

"A0":  place at address 0x800'0000 { ro section .intvec };
"P1":  place in [from 0x800'0000 to 0x81f'ffff] { ro };
define block CSTACK with size = 1K, alignment = 8 { };
define block HEAP with size = 512, alignment = 8 { };
"P2":  place in [from 0x2000'0000 to 0x2007'ffff] {
          rw, block CSTACK, block HEAP };
initialize by copy { rw };

  Section            Kind         Address    Size  Object
  -------            ----         -------    ----  ------
"A0":                                       0x1f8
  .intvec            ro code   0x800'0000   0x1f8  startup_stm32f767xx.o [1]
                             - 0x800'01f8   0x1f8

"P1":                                      0x1bed
  .text              ro code   0x800'01f8   0x7a8  stm32f7xx_hal_uart.o [4]
  .text              ro code   0x800'09a0   0x108  stm32f7xx_hal_msp.o [2]
  .text              ro code   0x800'0aa8     0xc  stm32f7xx_hal.o [4]
  .text              ro code   0x800'0ab4    0x24  stm32f7xx_hal_dma.o [4]
  .text              ro code   0x800'0ad8     0x2  stm32f7xx_hal_uart.o [4]
  .text              ro code   0x800'0ada     0x2  stm32f7xx_hal_uart.o [4]
  .text              ro code   0x800'0adc   0x490  stm32f7xx_hal_rcc.o [4]
  .text              ro code   0x800'0f6c     0x2  stm32f7xx_hal_uart.o [4]
  .text              ro code   0x800'0f6e    0x14  memset.o [7]
  .text              ro code   0x800'0f82    0x3a  packbits_init_single.o [7]
  .text              ro code   0x800'0fbc   0x1f8  stm32f7xx_hal_gpio.o [4]
  .text              ro code   0x800'11b4    0xc4  stm32f7xx_hal_cortex.o [4]
  .text              ro code   0x800'1278    0x40  stm32f7xx_hal.o [4]
  .text              ro code   0x800'12b8   0x106  I64DivMod_small.o [7]
  .text              ro code   0x800'13c0    0x66  ABImemset.o [7]
  .text              ro code   0x800'1428     0x2  I64DivZer.o [7]
  .text              ro code   0x800'142c   0x504  stm32f7xx_hal_rcc_ex.o [4]
  .text              ro code   0x800'1930   0x168  main.o [2]
  .text              ro code   0x800'1a98    0x16  stm32f7xx_hal.o [4]
  .text              ro code   0x800'1ab0    0x60  system_stm32f7xx.o [3]
  .text              ro code   0x800'1b10    0x28  stm32f7xx_it.o [2]
  .text              ro code   0x800'1b38    0x10  stm32f7xx_hal.o [4]
  .text              ro code   0x800'1b48    0x28  data_init.o [7]
  .text              ro code   0x800'1b70    0x22  fpinit_M.o [6]
  .iar.init_table    const     0x800'1b94    0x10  - Linker created -
  .text              ro code   0x800'1ba4    0x1e  cmain.o [7]
  .text              ro code   0x800'1bc2     0x4  low_level_init.o [5]
  .text              ro code   0x800'1bc6     0x4  exit.o [5]
  .text              ro code   0x800'1bcc     0xa  cexit.o [7]
  .text              ro code   0x800'1bd8    0x14  exit.o [8]
  .text              ro code   0x800'1bec    0x1c  cstartup_M.o [7]
  .text              ro code   0x800'1c08    0x10  startup_stm32f767xx.o [1]
  .rodata            const     0x800'1c18     0x8  system_stm32f7xx.o [3]
  .text              ro code   0x800'1c20     0x4  startup_stm32f767xx.o [1]
  .text              ro code   0x800'1c24     0x4  startup_stm32f767xx.o [1]
  .text              ro code   0x800'1c28     0x4  startup_stm32f767xx.o [1]
  .text              ro code   0x800'1c2c     0x4  startup_stm32f767xx.o [1]
  .text              ro code   0x800'1c30     0x4  startup_stm32f767xx.o [1]
  .text              ro code   0x800'1c34     0x4  startup_stm32f767xx.o [1]
  .text              ro code   0x800'1c38     0x4  startup_stm32f767xx.o [1]
  .text              ro code   0x800'1c3c     0x4  startup_stm32f767xx.o [1]
  .text              ro code   0x800'1c40     0x4  startup_stm32f767xx.o [1]
  .text              ro code   0x800'1c44     0x4  startup_stm32f767xx.o [1]
  .text              ro code   0x800'1c48     0x4  startup_stm32f767xx.o [1]
  .text              ro code   0x800'1c4c     0x4  startup_stm32f767xx.o [1]
  .text              ro code   0x800'1c50     0x4  startup_stm32f767xx.o [1]
  .text              ro code   0x800'1c54     0x4  startup_stm32f767xx.o [1]
  .text              ro code   0x800'1c58     0x4  startup_stm32f767xx.o [1]
  .text              ro code   0x800'1c5c     0x4  startup_stm32f767xx.o [1]
  .text              ro code   0x800'1c60     0x4  startup_stm32f767xx.o [1]
  .text              ro code   0x800'1c64     0x4  startup_stm32f767xx.o [1]
  .text              ro code   0x800'1c68     0x4  startup_stm32f767xx.o [1]
  .text              ro code   0x800'1c6c     0x4  startup_stm32f767xx.o [1]
  .text              ro code   0x800'1c70     0x4  startup_stm32f767xx.o [1]
  .text              ro code   0x800'1c74     0x4  startup_stm32f767xx.o [1]
  .text              ro code   0x800'1c78     0x4  startup_stm32f767xx.o [1]
  .text              ro code   0x800'1c7c     0x4  startup_stm32f767xx.o [1]
  .text              ro code   0x800'1c80     0x4  startup_stm32f767xx.o [1]
  .text              ro code   0x800'1c84     0x4  startup_stm32f767xx.o [1]
  .text              ro code   0x800'1c88     0x4  startup_stm32f767xx.o [1]
  .text              ro code   0x800'1c8c     0x4  startup_stm32f767xx.o [1]
  .text              ro code   0x800'1c90     0x4  startup_stm32f767xx.o [1]
  .text              ro code   0x800'1c94     0x4  startup_stm32f767xx.o [1]
  .text              ro code   0x800'1c98     0x4  startup_stm32f767xx.o [1]
  .text              ro code   0x800'1c9c     0x4  startup_stm32f767xx.o [1]
  .text              ro code   0x800'1ca0     0x4  startup_stm32f767xx.o [1]
  .text              ro code   0x800'1ca4     0x4  startup_stm32f767xx.o [1]
  .text              ro code   0x800'1ca8     0x4  startup_stm32f767xx.o [1]
  .text              ro code   0x800'1cac     0x4  startup_stm32f767xx.o [1]
  .text              ro code   0x800'1cb0     0x4  startup_stm32f767xx.o [1]
  .text              ro code   0x800'1cb4     0x4  startup_stm32f767xx.o [1]
  .text              ro code   0x800'1cb8     0x4  startup_stm32f767xx.o [1]
  .text              ro code   0x800'1cbc     0x4  startup_stm32f767xx.o [1]
  .text              ro code   0x800'1cc0     0x4  startup_stm32f767xx.o [1]
  .text              ro code   0x800'1cc4     0x4  startup_stm32f767xx.o [1]
  .text              ro code   0x800'1cc8     0x4  startup_stm32f767xx.o [1]
  .text              ro code   0x800'1ccc     0x4  startup_stm32f767xx.o [1]
  .text              ro code   0x800'1cd0     0x4  startup_stm32f767xx.o [1]
  .text              ro code   0x800'1cd4     0x4  startup_stm32f767xx.o [1]
  .text              ro code   0x800'1cd8     0x4  startup_stm32f767xx.o [1]
  .text              ro code   0x800'1cdc     0x4  startup_stm32f767xx.o [1]
  .text              ro code   0x800'1ce0     0x4  startup_stm32f767xx.o [1]
  .text              ro code   0x800'1ce4     0x4  startup_stm32f767xx.o [1]
  .text              ro code   0x800'1ce8     0x4  startup_stm32f767xx.o [1]
  .text              ro code   0x800'1cec     0x4  startup_stm32f767xx.o [1]
  .text              ro code   0x800'1cf0     0x4  startup_stm32f767xx.o [1]
  .text              ro code   0x800'1cf4     0x4  startup_stm32f767xx.o [1]
  .text              ro code   0x800'1cf8     0x4  startup_stm32f767xx.o [1]
  .text              ro code   0x800'1cfc     0x4  startup_stm32f767xx.o [1]
  .text              ro code   0x800'1d00     0x4  startup_stm32f767xx.o [1]
  .text              ro code   0x800'1d04     0x4  startup_stm32f767xx.o [1]
  .text              ro code   0x800'1d08     0x4  startup_stm32f767xx.o [1]
  .text              ro code   0x800'1d0c     0x4  startup_stm32f767xx.o [1]
  .text              ro code   0x800'1d10     0x4  startup_stm32f767xx.o [1]
  .text              ro code   0x800'1d14     0x4  startup_stm32f767xx.o [1]
  .text              ro code   0x800'1d18     0x4  startup_stm32f767xx.o [1]
  .text              ro code   0x800'1d1c     0x4  startup_stm32f767xx.o [1]
  .text              ro code   0x800'1d20     0x4  startup_stm32f767xx.o [1]
  .text              ro code   0x800'1d24     0x4  startup_stm32f767xx.o [1]
  .text              ro code   0x800'1d28     0x4  startup_stm32f767xx.o [1]
  .text              ro code   0x800'1d2c     0x4  startup_stm32f767xx.o [1]
  .text              ro code   0x800'1d30     0x4  startup_stm32f767xx.o [1]
  .text              ro code   0x800'1d34     0x4  startup_stm32f767xx.o [1]
  .text              ro code   0x800'1d38     0x4  startup_stm32f767xx.o [1]
  .text              ro code   0x800'1d3c     0x4  startup_stm32f767xx.o [1]
  .text              ro code   0x800'1d40     0x4  startup_stm32f767xx.o [1]
  .text              ro code   0x800'1d44     0x4  startup_stm32f767xx.o [1]
  .text              ro code   0x800'1d48     0x4  startup_stm32f767xx.o [1]
  .text              ro code   0x800'1d4c     0x4  startup_stm32f767xx.o [1]
  .text              ro code   0x800'1d50     0x4  startup_stm32f767xx.o [1]
  .text              ro code   0x800'1d54     0x4  startup_stm32f767xx.o [1]
  .text              ro code   0x800'1d58     0x4  startup_stm32f767xx.o [1]
  .text              ro code   0x800'1d5c     0x4  startup_stm32f767xx.o [1]
  .text              ro code   0x800'1d60     0x4  startup_stm32f767xx.o [1]
  .text              ro code   0x800'1d64     0x4  startup_stm32f767xx.o [1]
  .text              ro code   0x800'1d68     0x4  startup_stm32f767xx.o [1]
  .text              ro code   0x800'1d6c     0x4  startup_stm32f767xx.o [1]
  .text              ro code   0x800'1d70     0x4  startup_stm32f767xx.o [1]
  .text              ro code   0x800'1d74     0x4  startup_stm32f767xx.o [1]
  .text              ro code   0x800'1d78     0x4  startup_stm32f767xx.o [1]
  .text              ro code   0x800'1d7c     0x4  startup_stm32f767xx.o [1]
  .text              ro code   0x800'1d80     0x4  startup_stm32f767xx.o [1]
  .text              ro code   0x800'1d84     0x4  startup_stm32f767xx.o [1]
  .text              ro code   0x800'1d88     0x4  startup_stm32f767xx.o [1]
  .text              ro code   0x800'1d8c     0x4  startup_stm32f767xx.o [1]
  .text              ro code   0x800'1d90     0x4  startup_stm32f767xx.o [1]
  .text              ro code   0x800'1d94     0x4  startup_stm32f767xx.o [1]
  .text              ro code   0x800'1d98     0x4  startup_stm32f767xx.o [1]
  .text              ro code   0x800'1d9c     0x4  startup_stm32f767xx.o [1]
  .text              ro code   0x800'1da0     0x4  startup_stm32f767xx.o [1]
  .text              ro code   0x800'1da4     0x4  startup_stm32f767xx.o [1]
  .text              ro code   0x800'1da8     0x4  startup_stm32f767xx.o [1]
  .text              ro code   0x800'1dac     0x4  startup_stm32f767xx.o [1]
  .text              ro code   0x800'1db0     0x4  startup_stm32f767xx.o [1]
  .text              ro code   0x800'1db4     0x4  startup_stm32f767xx.o [1]
  .text              ro code   0x800'1db8     0x4  startup_stm32f767xx.o [1]
  .text              ro code   0x800'1dbc     0x4  startup_stm32f767xx.o [1]
  .text              ro code   0x800'1dc0     0x4  startup_stm32f767xx.o [1]
  .text              ro code   0x800'1dc4     0x4  startup_stm32f767xx.o [1]
  .rodata            const     0x800'1dc8     0x0  packbits_init_single.o [7]
  Initializer bytes  const     0x800'1dc8    0x1d  <for P2-1>
                             - 0x800'1de5  0x1bed

"P2", part 1 of 2:                          0x128
  P2-1                        0x2000'0000   0x128  <Init block>
    .data            inited   0x2000'0000   0x118  main.o [2]
    .data            inited   0x2000'0118     0xc  stm32f7xx_hal.o [4]
    .data            inited   0x2000'0124     0x4  system_stm32f7xx.o [3]
                            - 0x2000'0128   0x128

"P2", part 2 of 2:                          0x400
  CSTACK                      0x2000'0128   0x400  <Block>
    CSTACK           uninit   0x2000'0128   0x400  <Block tail>
                            - 0x2000'0528   0x400

Unused ranges:

         From           To       Size
         ----           --       ----
   0x800'1de5   0x81f'ffff  0x1f'e21b
  0x2000'0528  0x2007'ffff   0x7'fad8


*******************************************************************************
*** INIT TABLE
***

          Address      Size
          -------      ----
Copy/packbits (__iar_packbits_init_single3)
    1 source range, total size 0x1d (9% of destination):
           0x800'1dc8   0x1d
    1 destination range, total size 0x128:
          0x2000'0000  0x128



*******************************************************************************
*** MODULE SUMMARY
***

    Module                  ro code  ro data  rw data
    ------                  -------  -------  -------
command line/config:
    -------------------------------------------------
    Total:

C:\Users\sebastian.cioata\Documents\Internship 2021\Projects\Project25_TEST_RF_USART2\EWARM\Project25_TEST_RF_USART2\Obj\Application\EWARM: [1]
    startup_stm32f767xx.o       944
    -------------------------------------------------
    Total:                      944

C:\Users\sebastian.cioata\Documents\Internship 2021\Projects\Project25_TEST_RF_USART2\EWARM\Project25_TEST_RF_USART2\Obj\Application\User: [2]
    main.o                      360       27      280
    stm32f7xx_hal_msp.o         264
    stm32f7xx_it.o               40
    -------------------------------------------------
    Total:                      664       27      280

C:\Users\sebastian.cioata\Documents\Internship 2021\Projects\Project25_TEST_RF_USART2\EWARM\Project25_TEST_RF_USART2\Obj\Drivers\CMSIS: [3]
    system_stm32f7xx.o           96        9        4
    -------------------------------------------------
    Total:                       96        9        4

C:\Users\sebastian.cioata\Documents\Internship 2021\Projects\Project25_TEST_RF_USART2\EWARM\Project25_TEST_RF_USART2\Obj\Drivers\STM32F7xx_HAL_Driver: [4]
    stm32f7xx_hal.o             114        1       12
    stm32f7xx_hal_cortex.o      196
    stm32f7xx_hal_dma.o          36
    stm32f7xx_hal_gpio.o        504
    stm32f7xx_hal_rcc.o       1'168
    stm32f7xx_hal_rcc_ex.o    1'284
    stm32f7xx_hal_uart.o      1'966
    -------------------------------------------------
    Total:                    5'268        1       12

dl7M_tln.a: [5]
    exit.o                        4
    low_level_init.o              4
    -------------------------------------------------
    Total:                        8

m7M_tlv.a: [6]
    fpinit_M.o                   34
    -------------------------------------------------
    Total:                       34

rt7M_tl.a: [7]
    ABImemset.o                 102
    I64DivMod_small.o           262
    I64DivZer.o                   2
    cexit.o                      10
    cmain.o                      30
    cstartup_M.o                 28
    data_init.o                  40
    memset.o                     20
    packbits_init_single.o       58
    -------------------------------------------------
    Total:                      552

shb_l.a: [8]
    exit.o                       20
    -------------------------------------------------
    Total:                       20

    Gaps                         12        2
    Linker created                        16    1'024
-----------------------------------------------------
    Grand Total:              7'598       55    1'320


*******************************************************************************
*** ENTRY LIST
***

Entry                       Address   Size  Type      Object
-----                       -------   ----  ----      ------
.iar.init_table$$Base    0x800'1b94          --   Gb  - Linker created -
.iar.init_table$$Limit   0x800'1ba4          --   Gb  - Linker created -
?main                    0x800'1ba5         Code  Gb  cmain.o [7]
AHBPrescTable            0x800'1b00   0x10  Data  Gb  system_stm32f7xx.o [3]
APBPrescTable            0x800'1c18    0x8  Data  Gb  system_stm32f7xx.o [3]
BusFault_Handler         0x800'1b17    0x2  Code  Gb  stm32f7xx_it.o [2]
CSTACK$$Base            0x2000'0128          --   Gb  - Linker created -
CSTACK$$Limit           0x2000'0528          --   Gb  - Linker created -
DebugMon_Handler         0x800'1b1d    0x2  Code  Gb  stm32f7xx_it.o [2]
HAL_DMA_Abort_IT         0x800'0ab5   0x24  Code  Gb  stm32f7xx_hal_dma.o [4]
HAL_GPIO_Init            0x800'0fbd  0x1c4  Code  Gb  stm32f7xx_hal_gpio.o [4]
HAL_GetTick              0x800'0aa9    0xc  Code  Gb  stm32f7xx_hal.o [4]
HAL_IncTick              0x800'1b39   0x10  Code  Gb  stm32f7xx_hal.o [4]
HAL_Init                 0x800'1a99   0x16  Code  Gb  stm32f7xx_hal.o [4]
HAL_InitTick             0x800'1279   0x40  Code  Gb  stm32f7xx_hal.o [4]
HAL_MspInit              0x800'09a1   0x2c  Code  Gb  stm32f7xx_hal_msp.o [2]
HAL_NVIC_EnableIRQ       0x800'1223   0x16  Code  Gb  stm32f7xx_hal_cortex.o [4]
HAL_NVIC_SetPriority     0x800'11e9   0x3a  Code  Gb  stm32f7xx_hal_cortex.o [4]
HAL_NVIC_SetPriorityGrouping
                         0x800'11cf   0x1a  Code  Gb  stm32f7xx_hal_cortex.o [4]
HAL_RCCEx_PeriphCLKConfig
                         0x800'142d  0x4b0  Code  Gb  stm32f7xx_hal_rcc_ex.o [4]
HAL_RCC_ClockConfig      0x800'0dcd   0xf6  Code  Gb  stm32f7xx_hal_rcc.o [4]
HAL_RCC_GetPCLK1Freq     0x800'0f27   0x10  Code  Gb  stm32f7xx_hal_rcc.o [4]
HAL_RCC_GetPCLK2Freq     0x800'0f37    0xe  Code  Gb  stm32f7xx_hal_rcc.o [4]
HAL_RCC_GetSysClockFreq
                         0x800'0edd   0x4a  Code  Gb  stm32f7xx_hal_rcc.o [4]
HAL_RCC_OscConfig        0x800'0add  0x2f0  Code  Gb  stm32f7xx_hal_rcc.o [4]
HAL_SYSTICK_Config       0x800'1239   0x28  Code  Gb  stm32f7xx_hal_cortex.o [4]
HAL_UART_ErrorCallback   0x800'0ad9    0x2  Code  Gb  stm32f7xx_hal_uart.o [4]
HAL_UART_IRQHandler      0x800'03fb  0x130  Code  Gb  stm32f7xx_hal_uart.o [4]
HAL_UART_Init            0x800'01f9   0x32  Code  Gb  stm32f7xx_hal_uart.o [4]
HAL_UART_MspInit         0x800'09cd   0xc2  Code  Gb  stm32f7xx_hal_msp.o [2]
HAL_UART_Receive_IT      0x800'0329   0x9a  Code  Gb  stm32f7xx_hal_uart.o [4]
HAL_UART_RxCpltCallback
                         0x800'0f6d    0x2  Code  Gb  stm32f7xx_hal_uart.o [4]
HAL_UART_Transmit        0x800'0275   0xb4  Code  Gb  stm32f7xx_hal_uart.o [4]
HAL_UART_TxCpltCallback
                         0x800'0adb    0x2  Code  Gb  stm32f7xx_hal_uart.o [4]
HardFault_Handler        0x800'1b13    0x2  Code  Gb  stm32f7xx_it.o [2]
MemManage_Handler        0x800'1b15    0x2  Code  Gb  stm32f7xx_it.o [2]
NMI_Handler              0x800'1b11    0x2  Code  Gb  stm32f7xx_it.o [2]
PendSV_Handler           0x800'1b1f    0x2  Code  Gb  stm32f7xx_it.o [2]
Region$$Table$$Base      0x800'1b94          --   Gb  - Linker created -
Region$$Table$$Limit     0x800'1ba4          --   Gb  - Linker created -
SVC_Handler              0x800'1b1b    0x2  Code  Gb  stm32f7xx_it.o [2]
SysTick_Handler          0x800'1b21    0x4  Code  Gb  stm32f7xx_it.o [2]
SystemClock_Config       0x800'19f3   0x90  Code  Gb  main.o [2]
SystemCoreClock         0x2000'0124    0x4  Data  Gb  system_stm32f7xx.o [3]
SystemInit               0x800'1ab1   0x3e  Code  Gb  system_stm32f7xx.o [3]
UART4_IRQHandler         0x800'1b25    0x6  Code  Gb  stm32f7xx_it.o [2]
UART5_IRQHandler         0x800'1b2b    0x6  Code  Gb  stm32f7xx_it.o [2]
UART_AdvFeatureConfig    0x800'0785   0xc8  Code  Gb  stm32f7xx_hal_uart.o [4]
UART_CheckIdleState      0x800'084d   0x3e  Code  Gb  stm32f7xx_hal_uart.o [4]
UART_DMAAbortOnError     0x800'0901   0x10  Code  Lc  stm32f7xx_hal_uart.o [4]
UART_EndRxTransfer       0x800'08e1   0x1e  Code  Lc  stm32f7xx_hal_uart.o [4]
UART_RxISR_16BIT         0x800'093d   0x22  Code  Lc  stm32f7xx_hal_uart.o [4]
UART_RxISR_8BIT          0x800'0911   0x22  Code  Lc  stm32f7xx_hal_uart.o [4]
UART_SetConfig           0x800'052d  0x21e  Code  Gb  stm32f7xx_hal_uart.o [4]
UART_WaitOnFlagUntilTimeout
                         0x800'088b   0x56  Code  Gb  stm32f7xx_hal_uart.o [4]
UsageFault_Handler       0x800'1b19    0x2  Code  Gb  stm32f7xx_it.o [2]
__NVIC_SetPriority       0x800'11b5   0x1a  Code  Lc  stm32f7xx_hal_cortex.o [4]
__aeabi_ldiv0            0x800'1429         Code  Gb  I64DivZer.o [7]
__aeabi_memset           0x800'13c1         Code  Gb  ABImemset.o [7]
__cmain                  0x800'1ba5         Code  Gb  cmain.o [7]
__exit                   0x800'1bd9   0x14  Code  Gb  exit.o [8]
__iar_Memset             0x800'13c1         Code  Gb  ABImemset.o [7]
__iar_Memset_word        0x800'13c9         Code  Gb  ABImemset.o [7]
__iar_data_init3         0x800'1b49   0x28  Code  Gb  data_init.o [7]
__iar_init_vfp           0x800'1b71         Code  Gb  fpinit_M.o [6]
__iar_packbits_init_single3
                         0x800'0f83   0x3a  Code  Gb  packbits_init_single.o [7]
__iar_program_start      0x800'1bed         Code  Gb  cstartup_M.o [7]
__iar_small_uldivmod     0x800'12b9         Code  Gb  I64DivMod_small.o [7]
__low_level_init         0x800'1bc3    0x4  Code  Gb  low_level_init.o [5]
__vector_table           0x800'0000         Data  Gb  startup_stm32f767xx.o [1]
_call_main               0x800'1bb1         Code  Gb  cmain.o [7]
_exit                    0x800'1bcd         Code  Gb  cexit.o [7]
exit                     0x800'1bc7    0x4  Code  Gb  exit.o [5]
huart4                  0x2000'0000   0x80  Data  Gb  main.o [2]
huart5                  0x2000'0080   0x80  Data  Gb  main.o [2]
main                     0x800'1931   0xc2  Code  Gb  main.o [2]
memset                   0x800'0f6f   0x14  Code  Gb  memset.o [7]
primit                  0x2000'0108    0x8  Data  Gb  main.o [2]
primit2                 0x2000'0110    0x8  Data  Gb  main.o [2]
tx                      0x2000'0100    0x8  Data  Gb  main.o [2]
uwTick                  0x2000'011c    0x4  Data  Gb  stm32f7xx_hal.o [4]
uwTickFreq              0x2000'0118    0x1  Data  Gb  stm32f7xx_hal.o [4]
uwTickPrio              0x2000'0120    0x4  Data  Gb  stm32f7xx_hal.o [4]


[1] = C:\Users\sebastian.cioata\Documents\Internship 2021\Projects\Project25_TEST_RF_USART2\EWARM\Project25_TEST_RF_USART2\Obj\Application\EWARM
[2] = C:\Users\sebastian.cioata\Documents\Internship 2021\Projects\Project25_TEST_RF_USART2\EWARM\Project25_TEST_RF_USART2\Obj\Application\User
[3] = C:\Users\sebastian.cioata\Documents\Internship 2021\Projects\Project25_TEST_RF_USART2\EWARM\Project25_TEST_RF_USART2\Obj\Drivers\CMSIS
[4] = C:\Users\sebastian.cioata\Documents\Internship 2021\Projects\Project25_TEST_RF_USART2\EWARM\Project25_TEST_RF_USART2\Obj\Drivers\STM32F7xx_HAL_Driver
[5] = dl7M_tln.a
[6] = m7M_tlv.a
[7] = rt7M_tl.a
[8] = shb_l.a

  7'598 bytes of readonly  code memory
     55 bytes of readonly  data memory
  1'320 bytes of readwrite data memory

Errors: none
Warnings: none
