###############################################################################
#
# IAR ELF Linker V9.10.1.308/W64 for ARM                  10/May/2021  13:08:14
# Copyright 2007-2021 IAR Systems AB.
#
#    Output file  =
#        C:\Users\sebastian.cioata\Documents\Internship
#        2021\Projects\Project23_GATEWAY_CAN_FUNCTIONABIL DOAR
#        CAN1\EWARM\Project23_GATEWAY_CAN\Exe\Project23_GATEWAY_CAN.out
#    Map file     =
#        C:\Users\sebastian.cioata\Documents\Internship
#        2021\Projects\Project23_GATEWAY_CAN_FUNCTIONABIL DOAR
#        CAN1\EWARM\Project23_GATEWAY_CAN\List\Project23_GATEWAY_CAN.map
#    Command line =
#        -f "C:\Users\sebastian.cioata\Documents\Internship
#        2021\Projects\Project23_GATEWAY_CAN_FUNCTIONABIL DOAR
#        CAN1\EWARM\Project23_GATEWAY_CAN\Exe\Project23_GATEWAY_CAN.out.rsp"
#        ("C:\Users\sebastian.cioata\Documents\Internship
#        2021\Projects\Project23_GATEWAY_CAN_FUNCTIONABIL DOAR
#        CAN1\EWARM\Project23_GATEWAY_CAN\Obj\Application\User\main.o"
#        "C:\Users\sebastian.cioata\Documents\Internship
#        2021\Projects\Project23_GATEWAY_CAN_FUNCTIONABIL DOAR
#        CAN1\EWARM\Project23_GATEWAY_CAN\Obj\Application\EWARM\startup_stm32f767xx.o"
#        "C:\Users\sebastian.cioata\Documents\Internship
#        2021\Projects\Project23_GATEWAY_CAN_FUNCTIONABIL DOAR
#        CAN1\EWARM\Project23_GATEWAY_CAN\Obj\Drivers\STM32F7xx_HAL_Driver\stm32f7xx_hal.o"
#        "C:\Users\sebastian.cioata\Documents\Internship
#        2021\Projects\Project23_GATEWAY_CAN_FUNCTIONABIL DOAR
#        CAN1\EWARM\Project23_GATEWAY_CAN\Obj\Drivers\STM32F7xx_HAL_Driver\stm32f7xx_hal_can.o"
#        "C:\Users\sebastian.cioata\Documents\Internship
#        2021\Projects\Project23_GATEWAY_CAN_FUNCTIONABIL DOAR
#        CAN1\EWARM\Project23_GATEWAY_CAN\Obj\Drivers\STM32F7xx_HAL_Driver\stm32f7xx_hal_cortex.o"
#        "C:\Users\sebastian.cioata\Documents\Internship
#        2021\Projects\Project23_GATEWAY_CAN_FUNCTIONABIL DOAR
#        CAN1\EWARM\Project23_GATEWAY_CAN\Obj\Drivers\STM32F7xx_HAL_Driver\stm32f7xx_hal_dma.o"
#        "C:\Users\sebastian.cioata\Documents\Internship
#        2021\Projects\Project23_GATEWAY_CAN_FUNCTIONABIL DOAR
#        CAN1\EWARM\Project23_GATEWAY_CAN\Obj\Drivers\STM32F7xx_HAL_Driver\stm32f7xx_hal_dma_ex.o"
#        "C:\Users\sebastian.cioata\Documents\Internship
#        2021\Projects\Project23_GATEWAY_CAN_FUNCTIONABIL DOAR
#        CAN1\EWARM\Project23_GATEWAY_CAN\Obj\Drivers\STM32F7xx_HAL_Driver\stm32f7xx_hal_exti.o"
#        "C:\Users\sebastian.cioata\Documents\Internship
#        2021\Projects\Project23_GATEWAY_CAN_FUNCTIONABIL DOAR
#        CAN1\EWARM\Project23_GATEWAY_CAN\Obj\Drivers\STM32F7xx_HAL_Driver\stm32f7xx_hal_flash.o"
#        "C:\Users\sebastian.cioata\Documents\Internship
#        2021\Projects\Project23_GATEWAY_CAN_FUNCTIONABIL DOAR
#        CAN1\EWARM\Project23_GATEWAY_CAN\Obj\Drivers\STM32F7xx_HAL_Driver\stm32f7xx_hal_flash_ex.o"
#        "C:\Users\sebastian.cioata\Documents\Internship
#        2021\Projects\Project23_GATEWAY_CAN_FUNCTIONABIL DOAR
#        CAN1\EWARM\Project23_GATEWAY_CAN\Obj\Drivers\STM32F7xx_HAL_Driver\stm32f7xx_hal_gpio.o"
#        "C:\Users\sebastian.cioata\Documents\Internship
#        2021\Projects\Project23_GATEWAY_CAN_FUNCTIONABIL DOAR
#        CAN1\EWARM\Project23_GATEWAY_CAN\Obj\Drivers\STM32F7xx_HAL_Driver\stm32f7xx_hal_i2c.o"
#        "C:\Users\sebastian.cioata\Documents\Internship
#        2021\Projects\Project23_GATEWAY_CAN_FUNCTIONABIL DOAR
#        CAN1\EWARM\Project23_GATEWAY_CAN\Obj\Drivers\STM32F7xx_HAL_Driver\stm32f7xx_hal_i2c_ex.o"
#        "C:\Users\sebastian.cioata\Documents\Internship
#        2021\Projects\Project23_GATEWAY_CAN_FUNCTIONABIL DOAR
#        CAN1\EWARM\Project23_GATEWAY_CAN\Obj\Application\User\stm32f7xx_hal_msp.o"
#        "C:\Users\sebastian.cioata\Documents\Internship
#        2021\Projects\Project23_GATEWAY_CAN_FUNCTIONABIL DOAR
#        CAN1\EWARM\Project23_GATEWAY_CAN\Obj\Drivers\STM32F7xx_HAL_Driver\stm32f7xx_hal_pwr.o"
#        "C:\Users\sebastian.cioata\Documents\Internship
#        2021\Projects\Project23_GATEWAY_CAN_FUNCTIONABIL DOAR
#        CAN1\EWARM\Project23_GATEWAY_CAN\Obj\Drivers\STM32F7xx_HAL_Driver\stm32f7xx_hal_pwr_ex.o"
#        "C:\Users\sebastian.cioata\Documents\Internship
#        2021\Projects\Project23_GATEWAY_CAN_FUNCTIONABIL DOAR
#        CAN1\EWARM\Project23_GATEWAY_CAN\Obj\Drivers\STM32F7xx_HAL_Driver\stm32f7xx_hal_rcc.o"
#        "C:\Users\sebastian.cioata\Documents\Internship
#        2021\Projects\Project23_GATEWAY_CAN_FUNCTIONABIL DOAR
#        CAN1\EWARM\Project23_GATEWAY_CAN\Obj\Drivers\STM32F7xx_HAL_Driver\stm32f7xx_hal_rcc_ex.o"
#        "C:\Users\sebastian.cioata\Documents\Internship
#        2021\Projects\Project23_GATEWAY_CAN_FUNCTIONABIL DOAR
#        CAN1\EWARM\Project23_GATEWAY_CAN\Obj\Drivers\STM32F7xx_HAL_Driver\stm32f7xx_hal_tim.o"
#        "C:\Users\sebastian.cioata\Documents\Internship
#        2021\Projects\Project23_GATEWAY_CAN_FUNCTIONABIL DOAR
#        CAN1\EWARM\Project23_GATEWAY_CAN\Obj\Drivers\STM32F7xx_HAL_Driver\stm32f7xx_hal_tim_ex.o"
#        "C:\Users\sebastian.cioata\Documents\Internship
#        2021\Projects\Project23_GATEWAY_CAN_FUNCTIONABIL DOAR
#        CAN1\EWARM\Project23_GATEWAY_CAN\Obj\Application\User\stm32f7xx_it.o"
#        "C:\Users\sebastian.cioata\Documents\Internship
#        2021\Projects\Project23_GATEWAY_CAN_FUNCTIONABIL DOAR
#        CAN1\EWARM\Project23_GATEWAY_CAN\Obj\Drivers\CMSIS\system_stm32f7xx.o"
#        --redirect _Printf=_PrintfFull --redirect _Scanf=_ScanfFull
#        --no_out_extension -o "C:\Users\sebastian.cioata\Documents\Internship
#        2021\Projects\Project23_GATEWAY_CAN_FUNCTIONABIL DOAR
#        CAN1\EWARM\Project23_GATEWAY_CAN\Exe\Project23_GATEWAY_CAN.out" --map
#        "C:\Users\sebastian.cioata\Documents\Internship
#        2021\Projects\Project23_GATEWAY_CAN_FUNCTIONABIL DOAR
#        CAN1\EWARM\Project23_GATEWAY_CAN\List\Project23_GATEWAY_CAN.map"
#        --config "C:\Users\sebastian.cioata\Documents\Internship
#        2021\Projects\Project23_GATEWAY_CAN_FUNCTIONABIL DOAR
#        CAN1\EWARM/stm32f767xx_flash.icf" --semihosting --entry
#        __iar_program_start --vfe --text_out locale)
#
###############################################################################

*******************************************************************************
*** RUNTIME MODEL ATTRIBUTES
***

CppFlavor       = *
__SystemLibrary = DLib
__dlib_version  = 6


*******************************************************************************
*** HEAP SELECTION
***

The basic heap was selected because some modules are built with
size limitations (and not runtime checking), and --advanced_heap
was not specified.


*******************************************************************************
*** PLACEMENT SUMMARY
***

"A0":  place at address 0x800'0000 { ro section .intvec };
"P1":  place in [from 0x800'0000 to 0x81f'ffff] { ro };
define block CSTACK with size = 1K, alignment = 8 { };
define block HEAP with size = 512, alignment = 8 { };
"P2":  place in [from 0x2000'0000 to 0x2007'ffff] {
          rw, block CSTACK, block HEAP };
initialize by copy { rw };

  Section            Kind         Address    Size  Object
  -------            ----         -------    ----  ------
"A0":                                       0x1f8
  .intvec            ro code   0x800'0000   0x1f8  startup_stm32f767xx.o [1]
                             - 0x800'01f8   0x1f8

"P1":                                      0x1b14
  .text              ro code   0x800'01f8   0x658  stm32f7xx_hal_can.o [4]
  .text              ro code   0x800'0850   0x1b4  stm32f7xx_hal_msp.o [2]
  .text              ro code   0x800'0a04     0xc  stm32f7xx_hal.o [4]
  .text              ro code   0x800'0a10    0x14  memset.o [7]
  .text              ro code   0x800'0a24   0x1f8  stm32f7xx_hal_gpio.o [4]
  .text              ro code   0x800'0c1c    0x66  ABImemset.o [7]
  .text              ro code   0x800'0c82    0x2a  copy_init3.o [7]
  .text              ro code   0x800'0cac   0x504  stm32f7xx_hal_rcc_ex.o [4]
  .text              ro code   0x800'11b0   0x440  stm32f7xx_hal_rcc.o [4]
  .text              ro code   0x800'15f0    0x28  stm32f7xx_hal.o [4]
  .text              ro code   0x800'1618    0xac  stm32f7xx_hal_cortex.o [4]
  .text              ro code   0x800'16c4   0x268  main.o [2]
  .text              ro code   0x800'192c    0x16  stm32f7xx_hal.o [4]
  .text              ro code   0x800'1944    0x74  stm32f7xx_hal_pwr_ex.o [4]
  .text              ro code   0x800'19b8    0x60  system_stm32f7xx.o [3]
  .text              ro code   0x800'1a18    0x38  zero_init3.o [7]
  .text              ro code   0x800'1a50    0x28  data_init.o [7]
  .text              ro code   0x800'1a78    0x22  fpinit_M.o [6]
  .iar.init_table    const     0x800'1a9c    0x24  - Linker created -
  .text              ro code   0x800'1ac0    0x1e  cmain.o [7]
  .text              ro code   0x800'1ade     0x4  low_level_init.o [5]
  .text              ro code   0x800'1ae2     0x4  exit.o [5]
  .text              ro code   0x800'1ae8     0xa  cexit.o [7]
  .text              ro code   0x800'1af4    0x14  exit.o [8]
  .text              ro code   0x800'1b08    0x1c  cstartup_M.o [7]
  .text              ro code   0x800'1b24    0x14  stm32f7xx_it.o [2]
  .text              ro code   0x800'1b38    0x10  stm32f7xx_hal.o [4]
  .text              ro code   0x800'1b48    0x10  startup_stm32f767xx.o [1]
  .text              ro code   0x800'1b58     0x4  startup_stm32f767xx.o [1]
  .text              ro code   0x800'1b5c     0x4  startup_stm32f767xx.o [1]
  .text              ro code   0x800'1b60     0x4  startup_stm32f767xx.o [1]
  .text              ro code   0x800'1b64     0x4  startup_stm32f767xx.o [1]
  .text              ro code   0x800'1b68     0x4  startup_stm32f767xx.o [1]
  .text              ro code   0x800'1b6c     0x4  startup_stm32f767xx.o [1]
  .text              ro code   0x800'1b70     0x4  startup_stm32f767xx.o [1]
  .text              ro code   0x800'1b74     0x4  startup_stm32f767xx.o [1]
  .text              ro code   0x800'1b78     0x4  startup_stm32f767xx.o [1]
  .text              ro code   0x800'1b7c     0x4  startup_stm32f767xx.o [1]
  .text              ro code   0x800'1b80     0x4  startup_stm32f767xx.o [1]
  .text              ro code   0x800'1b84     0x4  startup_stm32f767xx.o [1]
  .text              ro code   0x800'1b88     0x4  startup_stm32f767xx.o [1]
  .text              ro code   0x800'1b8c     0x4  startup_stm32f767xx.o [1]
  .text              ro code   0x800'1b90     0x4  startup_stm32f767xx.o [1]
  .text              ro code   0x800'1b94     0x4  startup_stm32f767xx.o [1]
  .text              ro code   0x800'1b98     0x4  startup_stm32f767xx.o [1]
  .text              ro code   0x800'1b9c     0x4  startup_stm32f767xx.o [1]
  .text              ro code   0x800'1ba0     0x4  startup_stm32f767xx.o [1]
  .text              ro code   0x800'1ba4     0x4  startup_stm32f767xx.o [1]
  .text              ro code   0x800'1ba8     0x4  startup_stm32f767xx.o [1]
  .text              ro code   0x800'1bac     0x4  startup_stm32f767xx.o [1]
  .text              ro code   0x800'1bb0     0x4  startup_stm32f767xx.o [1]
  .text              ro code   0x800'1bb4     0x4  startup_stm32f767xx.o [1]
  .text              ro code   0x800'1bb8     0x4  startup_stm32f767xx.o [1]
  .text              ro code   0x800'1bbc     0x4  startup_stm32f767xx.o [1]
  .text              ro code   0x800'1bc0     0x4  startup_stm32f767xx.o [1]
  .text              ro code   0x800'1bc4     0x4  startup_stm32f767xx.o [1]
  .text              ro code   0x800'1bc8     0x4  startup_stm32f767xx.o [1]
  .text              ro code   0x800'1bcc     0x4  startup_stm32f767xx.o [1]
  .text              ro code   0x800'1bd0     0x4  startup_stm32f767xx.o [1]
  .text              ro code   0x800'1bd4     0x4  startup_stm32f767xx.o [1]
  .text              ro code   0x800'1bd8     0x4  startup_stm32f767xx.o [1]
  .text              ro code   0x800'1bdc     0x4  startup_stm32f767xx.o [1]
  .text              ro code   0x800'1be0     0x4  startup_stm32f767xx.o [1]
  .text              ro code   0x800'1be4     0x4  startup_stm32f767xx.o [1]
  .text              ro code   0x800'1be8     0x4  startup_stm32f767xx.o [1]
  .text              ro code   0x800'1bec     0x4  startup_stm32f767xx.o [1]
  .text              ro code   0x800'1bf0     0x4  startup_stm32f767xx.o [1]
  .text              ro code   0x800'1bf4     0x4  startup_stm32f767xx.o [1]
  .text              ro code   0x800'1bf8     0x4  startup_stm32f767xx.o [1]
  .text              ro code   0x800'1bfc     0x4  startup_stm32f767xx.o [1]
  .text              ro code   0x800'1c00     0x4  startup_stm32f767xx.o [1]
  .text              ro code   0x800'1c04     0x4  startup_stm32f767xx.o [1]
  .text              ro code   0x800'1c08     0x4  startup_stm32f767xx.o [1]
  .text              ro code   0x800'1c0c     0x4  startup_stm32f767xx.o [1]
  .text              ro code   0x800'1c10     0x4  startup_stm32f767xx.o [1]
  .text              ro code   0x800'1c14     0x4  startup_stm32f767xx.o [1]
  .text              ro code   0x800'1c18     0x4  startup_stm32f767xx.o [1]
  .text              ro code   0x800'1c1c     0x4  startup_stm32f767xx.o [1]
  .text              ro code   0x800'1c20     0x4  startup_stm32f767xx.o [1]
  .text              ro code   0x800'1c24     0x4  startup_stm32f767xx.o [1]
  .text              ro code   0x800'1c28     0x4  startup_stm32f767xx.o [1]
  .text              ro code   0x800'1c2c     0x4  startup_stm32f767xx.o [1]
  .text              ro code   0x800'1c30     0x4  startup_stm32f767xx.o [1]
  .text              ro code   0x800'1c34     0x4  startup_stm32f767xx.o [1]
  .text              ro code   0x800'1c38     0x4  startup_stm32f767xx.o [1]
  .text              ro code   0x800'1c3c     0x4  startup_stm32f767xx.o [1]
  .text              ro code   0x800'1c40     0x4  startup_stm32f767xx.o [1]
  .text              ro code   0x800'1c44     0x4  startup_stm32f767xx.o [1]
  .text              ro code   0x800'1c48     0x4  startup_stm32f767xx.o [1]
  .text              ro code   0x800'1c4c     0x4  startup_stm32f767xx.o [1]
  .text              ro code   0x800'1c50     0x4  startup_stm32f767xx.o [1]
  .text              ro code   0x800'1c54     0x4  startup_stm32f767xx.o [1]
  .text              ro code   0x800'1c58     0x4  startup_stm32f767xx.o [1]
  .text              ro code   0x800'1c5c     0x4  startup_stm32f767xx.o [1]
  .text              ro code   0x800'1c60     0x4  startup_stm32f767xx.o [1]
  .text              ro code   0x800'1c64     0x4  startup_stm32f767xx.o [1]
  .text              ro code   0x800'1c68     0x4  startup_stm32f767xx.o [1]
  .text              ro code   0x800'1c6c     0x4  startup_stm32f767xx.o [1]
  .text              ro code   0x800'1c70     0x4  startup_stm32f767xx.o [1]
  .text              ro code   0x800'1c74     0x4  startup_stm32f767xx.o [1]
  .text              ro code   0x800'1c78     0x4  startup_stm32f767xx.o [1]
  .text              ro code   0x800'1c7c     0x4  startup_stm32f767xx.o [1]
  .text              ro code   0x800'1c80     0x4  startup_stm32f767xx.o [1]
  .text              ro code   0x800'1c84     0x4  startup_stm32f767xx.o [1]
  .text              ro code   0x800'1c88     0x4  startup_stm32f767xx.o [1]
  .text              ro code   0x800'1c8c     0x4  startup_stm32f767xx.o [1]
  .text              ro code   0x800'1c90     0x4  startup_stm32f767xx.o [1]
  .text              ro code   0x800'1c94     0x4  startup_stm32f767xx.o [1]
  .text              ro code   0x800'1c98     0x4  startup_stm32f767xx.o [1]
  .text              ro code   0x800'1c9c     0x4  startup_stm32f767xx.o [1]
  .text              ro code   0x800'1ca0     0x4  startup_stm32f767xx.o [1]
  .text              ro code   0x800'1ca4     0x4  startup_stm32f767xx.o [1]
  .text              ro code   0x800'1ca8     0x4  startup_stm32f767xx.o [1]
  .text              ro code   0x800'1cac     0x4  startup_stm32f767xx.o [1]
  .text              ro code   0x800'1cb0     0x4  startup_stm32f767xx.o [1]
  .text              ro code   0x800'1cb4     0x4  startup_stm32f767xx.o [1]
  .text              ro code   0x800'1cb8     0x4  startup_stm32f767xx.o [1]
  .text              ro code   0x800'1cbc     0x4  startup_stm32f767xx.o [1]
  .text              ro code   0x800'1cc0     0x4  startup_stm32f767xx.o [1]
  .text              ro code   0x800'1cc4     0x4  startup_stm32f767xx.o [1]
  .text              ro code   0x800'1cc8     0x4  startup_stm32f767xx.o [1]
  .text              ro code   0x800'1ccc     0x4  startup_stm32f767xx.o [1]
  .text              ro code   0x800'1cd0     0x4  startup_stm32f767xx.o [1]
  .text              ro code   0x800'1cd4     0x4  startup_stm32f767xx.o [1]
  .text              ro code   0x800'1cd8     0x4  startup_stm32f767xx.o [1]
  .text              ro code   0x800'1cdc     0x4  startup_stm32f767xx.o [1]
  .text              ro code   0x800'1ce0     0x4  startup_stm32f767xx.o [1]
  .text              ro code   0x800'1ce4     0x4  startup_stm32f767xx.o [1]
  .text              ro code   0x800'1ce8     0x4  startup_stm32f767xx.o [1]
  .text              ro code   0x800'1cec     0x4  startup_stm32f767xx.o [1]
  .text              ro code   0x800'1cf0     0x4  startup_stm32f767xx.o [1]
  .text              ro code   0x800'1cf4     0x4  startup_stm32f767xx.o [1]
  .text              ro code   0x800'1cf8     0x4  startup_stm32f767xx.o [1]
  .text              ro code   0x800'1cfc     0x4  startup_stm32f767xx.o [1]
  .text              ro code   0x800'1d00     0x4  startup_stm32f767xx.o [1]
  .text              ro code   0x800'1d04     0x4  startup_stm32f767xx.o [1]
  Initializer bytes  const     0x800'1d08     0x4  <for P2-1>
  .rodata            const     0x800'1d0c     0x0  zero_init3.o [7]
  .rodata            const     0x800'1d0c     0x0  copy_init3.o [7]
                             - 0x800'1d0c  0x1b14

"P2", part 1 of 3:                            0x4
  P2-1                        0x2000'0000     0x4  <Init block>
    .data            inited   0x2000'0000     0x4  system_stm32f7xx.o [3]
                            - 0x2000'0004     0x4

"P2", part 2 of 3:                          0x16c
  .bss               zero     0x2000'0004   0x15c  main.o [2]
  .bss               zero     0x2000'0160     0xc  stm32f7xx_hal_msp.o [2]
  .bss               zero     0x2000'016c     0x4  stm32f7xx_hal.o [4]
                            - 0x2000'0170   0x16c

"P2", part 3 of 3:                          0x400
  CSTACK                      0x2000'0170   0x400  <Block>
    CSTACK           uninit   0x2000'0170   0x400  <Block tail>
                            - 0x2000'0570   0x400

Unused ranges:

         From           To       Size
         ----           --       ----
   0x800'1d0c   0x81f'ffff  0x1f'e2f4
  0x2000'0570  0x2007'ffff   0x7'fa90


*******************************************************************************
*** INIT TABLE
***

          Address      Size
          -------      ----
Zero (__iar_zero_init3)
    1 destination range, total size 0x16c:
          0x2000'0004  0x16c

Copy (__iar_copy_init3)
    1 source range, total size 0x4:
           0x800'1d08    0x4
    1 destination range, total size 0x4:
          0x2000'0000    0x4



*******************************************************************************
*** MODULE SUMMARY
***

    Module                  ro code  ro data  rw data
    ------                  -------  -------  -------
command line/config:
    -------------------------------------------------
    Total:

C:\Users\sebastian.cioata\Documents\Internship 2021\Projects\Project23_GATEWAY_CAN_FUNCTIONABIL DOAR CAN1\EWARM\Project23_GATEWAY_CAN\Obj\Application\EWARM: [1]
    startup_stm32f767xx.o       952
    -------------------------------------------------
    Total:                      952

C:\Users\sebastian.cioata\Documents\Internship 2021\Projects\Project23_GATEWAY_CAN_FUNCTIONABIL DOAR CAN1\EWARM\Project23_GATEWAY_CAN\Obj\Application\User: [2]
    main.o                      616               348
    stm32f7xx_hal_msp.o         436                12
    stm32f7xx_it.o               20
    -------------------------------------------------
    Total:                    1'072               360

C:\Users\sebastian.cioata\Documents\Internship 2021\Projects\Project23_GATEWAY_CAN_FUNCTIONABIL DOAR CAN1\EWARM\Project23_GATEWAY_CAN\Obj\Drivers\CMSIS: [3]
    system_stm32f7xx.o           96        4        4
    -------------------------------------------------
    Total:                       96        4        4

C:\Users\sebastian.cioata\Documents\Internship 2021\Projects\Project23_GATEWAY_CAN_FUNCTIONABIL DOAR CAN1\EWARM\Project23_GATEWAY_CAN\Obj\Drivers\STM32F7xx_HAL_Driver: [4]
    stm32f7xx_hal.o              90                 4
    stm32f7xx_hal_can.o       1'624
    stm32f7xx_hal_cortex.o      172
    stm32f7xx_hal_gpio.o        504
    stm32f7xx_hal_pwr_ex.o      116
    stm32f7xx_hal_rcc.o       1'088
    stm32f7xx_hal_rcc_ex.o    1'284
    -------------------------------------------------
    Total:                    4'878                 4

dl7M_tlf.a: [5]
    exit.o                        4
    low_level_init.o              4
    -------------------------------------------------
    Total:                        8

m7M_tlv.a: [6]
    fpinit_M.o                   34
    -------------------------------------------------
    Total:                       34

rt7M_tl.a: [7]
    ABImemset.o                 102
    cexit.o                      10
    cmain.o                      30
    copy_init3.o                 42
    cstartup_M.o                 28
    data_init.o                  40
    memset.o                     20
    zero_init3.o                 56
    -------------------------------------------------
    Total:                      328

shb_l.a: [8]
    exit.o                       20
    -------------------------------------------------
    Total:                       20

    Gaps                          6        2
    Linker created                        36    1'024
-----------------------------------------------------
    Grand Total:              7'394       42    1'392


*******************************************************************************
*** ENTRY LIST
***

Entry                       Address   Size  Type      Object
-----                       -------   ----  ----      ------
.iar.init_table$$Base    0x800'1a9c          --   Gb  - Linker created -
.iar.init_table$$Limit   0x800'1ac0          --   Gb  - Linker created -
?main                    0x800'1ac1         Code  Gb  cmain.o [7]
AHBPrescTable            0x800'1a08   0x10  Data  Gb  system_stm32f7xx.o [3]
BusFault_Handler         0x800'1b2b    0x2  Code  Gb  stm32f7xx_it.o [2]
CSTACK$$Base            0x2000'0170          --   Gb  - Linker created -
CSTACK$$Limit           0x2000'0570          --   Gb  - Linker created -
DebugMon_Handler         0x800'1b31    0x2  Code  Gb  stm32f7xx_it.o [2]
HAL_CAN_ConfigFilter     0x800'034b   0xe0  Code  Gb  stm32f7xx_hal_can.o [4]
HAL_CAN_Init             0x800'01f9  0x152  Code  Gb  stm32f7xx_hal_can.o [4]
HAL_CAN_MspInit          0x800'087d  0x168  Code  Gb  stm32f7xx_hal_msp.o [2]
HAL_CAN_Receive          0x800'063b  0x1f0  Code  Gb  stm32f7xx_hal_can.o [4]
HAL_CAN_Transmit         0x800'044b  0x1f0  Code  Gb  stm32f7xx_hal_can.o [4]
HAL_GPIO_Init            0x800'0a25  0x1c4  Code  Gb  stm32f7xx_hal_gpio.o [4]
HAL_GetTick              0x800'0a05    0xc  Code  Gb  stm32f7xx_hal.o [4]
HAL_IncTick              0x800'1b39   0x10  Code  Gb  stm32f7xx_hal.o [4]
HAL_Init                 0x800'192d   0x16  Code  Gb  stm32f7xx_hal.o [4]
HAL_InitTick             0x800'15f1   0x28  Code  Gb  stm32f7xx_hal.o [4]
HAL_MspInit              0x800'0851   0x2c  Code  Gb  stm32f7xx_hal_msp.o [2]
HAL_NVIC_SetPriority     0x800'164d   0x3a  Code  Gb  stm32f7xx_hal_cortex.o [4]
HAL_NVIC_SetPriorityGrouping
                         0x800'1633   0x1a  Code  Gb  stm32f7xx_hal_cortex.o [4]
HAL_PWREx_EnableOverDrive
                         0x800'1945   0x46  Code  Gb  stm32f7xx_hal_pwr_ex.o [4]
HAL_RCCEx_PeriphCLKConfig
                         0x800'0cad  0x4b0  Code  Gb  stm32f7xx_hal_rcc_ex.o [4]
HAL_RCC_CAN1_CLK_ENABLED
                        0x2000'0160    0x4  Data  Lc  stm32f7xx_hal_msp.o [2]
HAL_RCC_CAN2_CLK_ENABLED
                        0x2000'0168    0x4  Data  Lc  stm32f7xx_hal_msp.o [2]
HAL_RCC_CAN3_CLK_ENABLED
                        0x2000'0164    0x4  Data  Lc  stm32f7xx_hal_msp.o [2]
HAL_RCC_ClockConfig      0x800'14a1   0xdc  Code  Gb  stm32f7xx_hal_rcc.o [4]
HAL_RCC_GetSysClockFreq
                         0x800'1597   0x40  Code  Gb  stm32f7xx_hal_rcc.o [4]
HAL_RCC_OscConfig        0x800'11b1  0x2f0  Code  Gb  stm32f7xx_hal_rcc.o [4]
HAL_SYSTICK_Config       0x800'1687   0x28  Code  Gb  stm32f7xx_hal_cortex.o [4]
HardFault_Handler        0x800'1b27    0x2  Code  Gb  stm32f7xx_it.o [2]
MemManage_Handler        0x800'1b29    0x2  Code  Gb  stm32f7xx_it.o [2]
NMI_Handler              0x800'1b25    0x2  Code  Gb  stm32f7xx_it.o [2]
NVIC_SetPriority         0x800'1619   0x1a  Code  Lc  stm32f7xx_hal_cortex.o [4]
PendSV_Handler           0x800'1b33    0x2  Code  Gb  stm32f7xx_it.o [2]
Region$$Table$$Base      0x800'1a9c          --   Gb  - Linker created -
Region$$Table$$Limit     0x800'1ac0          --   Gb  - Linker created -
SVC_Handler              0x800'1b2f    0x2  Code  Gb  stm32f7xx_it.o [2]
SysTick_Handler          0x800'1b35    0x4  Code  Gb  stm32f7xx_it.o [2]
SystemClock_Config       0x800'1869   0xa6  Code  Gb  main.o [2]
SystemCoreClock         0x2000'0000    0x4  Data  Gb  system_stm32f7xx.o [3]
SystemInit               0x800'19b9   0x3e  Code  Gb  system_stm32f7xx.o [3]
UsageFault_Handler       0x800'1b2d    0x2  Code  Gb  stm32f7xx_it.o [2]
__aeabi_memset           0x800'0c1d         Code  Gb  ABImemset.o [7]
__cmain                  0x800'1ac1         Code  Gb  cmain.o [7]
__exit                   0x800'1af5   0x14  Code  Gb  exit.o [8]
__iar_Memset             0x800'0c1d         Code  Gb  ABImemset.o [7]
__iar_Memset_word        0x800'0c25         Code  Gb  ABImemset.o [7]
__iar_copy_init3         0x800'0c83   0x2a  Code  Gb  copy_init3.o [7]
__iar_data_init3         0x800'1a51   0x28  Code  Gb  data_init.o [7]
__iar_init_vfp           0x800'1a79         Code  Gb  fpinit_M.o [6]
__iar_program_start      0x800'1b09         Code  Gb  cstartup_M.o [7]
__iar_zero_init3         0x800'1a19   0x38  Code  Gb  zero_init3.o [7]
__low_level_init         0x800'1adf    0x4  Code  Gb  low_level_init.o [5]
__vector_table           0x800'0000         Data  Gb  startup_stm32f767xx.o [1]
_call_main               0x800'1acd         Code  Gb  cmain.o [7]
_exit                    0x800'1ae9         Code  Gb  cexit.o [7]
exit                     0x800'1ae3    0x4  Code  Gb  exit.o [5]
hcan1                   0x2000'0004   0x44  Data  Gb  main.o [2]
hcan3                   0x2000'0048   0x44  Data  Gb  main.o [2]
main                     0x800'16c5  0x1a4  Code  Gb  main.o [2]
memset                   0x800'0a11   0x14  Code  Gb  memset.o [7]
old_uwTick              0x2000'0114    0x4  Data  Gb  main.o [2]
rxmsg1                  0x2000'0118   0x24  Data  Gb  main.o [2]
rxmsg3                  0x2000'013c   0x24  Data  Gb  main.o [2]
sFConfig1               0x2000'008c   0x28  Data  Gb  main.o [2]
sFConfig3               0x2000'00b4   0x28  Data  Gb  main.o [2]
txmsg1                  0x2000'00dc   0x1c  Data  Gb  main.o [2]
txmsg3                  0x2000'00f8   0x1c  Data  Gb  main.o [2]
uwTick                  0x2000'016c    0x4  Data  Gb  stm32f7xx_hal.o [4]


[1] = C:\Users\sebastian.cioata\Documents\Internship 2021\Projects\Project23_GATEWAY_CAN_FUNCTIONABIL DOAR CAN1\EWARM\Project23_GATEWAY_CAN\Obj\Application\EWARM
[2] = C:\Users\sebastian.cioata\Documents\Internship 2021\Projects\Project23_GATEWAY_CAN_FUNCTIONABIL DOAR CAN1\EWARM\Project23_GATEWAY_CAN\Obj\Application\User
[3] = C:\Users\sebastian.cioata\Documents\Internship 2021\Projects\Project23_GATEWAY_CAN_FUNCTIONABIL DOAR CAN1\EWARM\Project23_GATEWAY_CAN\Obj\Drivers\CMSIS
[4] = C:\Users\sebastian.cioata\Documents\Internship 2021\Projects\Project23_GATEWAY_CAN_FUNCTIONABIL DOAR CAN1\EWARM\Project23_GATEWAY_CAN\Obj\Drivers\STM32F7xx_HAL_Driver
[5] = dl7M_tlf.a
[6] = m7M_tlv.a
[7] = rt7M_tl.a
[8] = shb_l.a

  7'394 bytes of readonly  code memory
     42 bytes of readonly  data memory
  1'392 bytes of readwrite data memory

Errors: none
Warnings: none
