###############################################################################
#
# IAR ELF Linker V9.10.1.308/W64 for ARM                  04/May/2021  11:32:53
# Copyright 2007-2021 IAR Systems AB.
#
#    Output file  =
#        C:\Users\sebastian.cioata\Documents\Internship
#        2021\Projects\Project26_RF_COD_BOLAJ\EWARM\Project26_RF_COD_BOLAJ\Exe\Project26_RF_COD_BOLAJ.out
#    Map file     =
#        C:\Users\sebastian.cioata\Documents\Internship
#        2021\Projects\Project26_RF_COD_BOLAJ\EWARM\Project26_RF_COD_BOLAJ\List\Project26_RF_COD_BOLAJ.map
#    Command line =
#        -f "C:\Users\sebastian.cioata\Documents\Internship
#        2021\Projects\Project26_RF_COD_BOLAJ\EWARM\Project26_RF_COD_BOLAJ\Exe\Project26_RF_COD_BOLAJ.out.rsp"
#        ("C:\Users\sebastian.cioata\Documents\Internship
#        2021\Projects\Project26_RF_COD_BOLAJ\EWARM\Project26_RF_COD_BOLAJ\Obj\Application\User\main.o"
#        "C:\Users\sebastian.cioata\Documents\Internship
#        2021\Projects\Project26_RF_COD_BOLAJ\EWARM\Project26_RF_COD_BOLAJ\Obj\Application\EWARM\startup_stm32f767xx.o"
#        "C:\Users\sebastian.cioata\Documents\Internship
#        2021\Projects\Project26_RF_COD_BOLAJ\EWARM\Project26_RF_COD_BOLAJ\Obj\Drivers\STM32F7xx_HAL_Driver\stm32f7xx_hal.o"
#        "C:\Users\sebastian.cioata\Documents\Internship
#        2021\Projects\Project26_RF_COD_BOLAJ\EWARM\Project26_RF_COD_BOLAJ\Obj\Drivers\STM32F7xx_HAL_Driver\stm32f7xx_hal_cortex.o"
#        "C:\Users\sebastian.cioata\Documents\Internship
#        2021\Projects\Project26_RF_COD_BOLAJ\EWARM\Project26_RF_COD_BOLAJ\Obj\Drivers\STM32F7xx_HAL_Driver\stm32f7xx_hal_dma.o"
#        "C:\Users\sebastian.cioata\Documents\Internship
#        2021\Projects\Project26_RF_COD_BOLAJ\EWARM\Project26_RF_COD_BOLAJ\Obj\Drivers\STM32F7xx_HAL_Driver\stm32f7xx_hal_dma_ex.o"
#        "C:\Users\sebastian.cioata\Documents\Internship
#        2021\Projects\Project26_RF_COD_BOLAJ\EWARM\Project26_RF_COD_BOLAJ\Obj\Drivers\STM32F7xx_HAL_Driver\stm32f7xx_hal_exti.o"
#        "C:\Users\sebastian.cioata\Documents\Internship
#        2021\Projects\Project26_RF_COD_BOLAJ\EWARM\Project26_RF_COD_BOLAJ\Obj\Drivers\STM32F7xx_HAL_Driver\stm32f7xx_hal_flash.o"
#        "C:\Users\sebastian.cioata\Documents\Internship
#        2021\Projects\Project26_RF_COD_BOLAJ\EWARM\Project26_RF_COD_BOLAJ\Obj\Drivers\STM32F7xx_HAL_Driver\stm32f7xx_hal_flash_ex.o"
#        "C:\Users\sebastian.cioata\Documents\Internship
#        2021\Projects\Project26_RF_COD_BOLAJ\EWARM\Project26_RF_COD_BOLAJ\Obj\Drivers\STM32F7xx_HAL_Driver\stm32f7xx_hal_gpio.o"
#        "C:\Users\sebastian.cioata\Documents\Internship
#        2021\Projects\Project26_RF_COD_BOLAJ\EWARM\Project26_RF_COD_BOLAJ\Obj\Drivers\STM32F7xx_HAL_Driver\stm32f7xx_hal_i2c.o"
#        "C:\Users\sebastian.cioata\Documents\Internship
#        2021\Projects\Project26_RF_COD_BOLAJ\EWARM\Project26_RF_COD_BOLAJ\Obj\Drivers\STM32F7xx_HAL_Driver\stm32f7xx_hal_i2c_ex.o"
#        "C:\Users\sebastian.cioata\Documents\Internship
#        2021\Projects\Project26_RF_COD_BOLAJ\EWARM\Project26_RF_COD_BOLAJ\Obj\Application\User\stm32f7xx_hal_msp.o"
#        "C:\Users\sebastian.cioata\Documents\Internship
#        2021\Projects\Project26_RF_COD_BOLAJ\EWARM\Project26_RF_COD_BOLAJ\Obj\Drivers\STM32F7xx_HAL_Driver\stm32f7xx_hal_pwr.o"
#        "C:\Users\sebastian.cioata\Documents\Internship
#        2021\Projects\Project26_RF_COD_BOLAJ\EWARM\Project26_RF_COD_BOLAJ\Obj\Drivers\STM32F7xx_HAL_Driver\stm32f7xx_hal_pwr_ex.o"
#        "C:\Users\sebastian.cioata\Documents\Internship
#        2021\Projects\Project26_RF_COD_BOLAJ\EWARM\Project26_RF_COD_BOLAJ\Obj\Drivers\STM32F7xx_HAL_Driver\stm32f7xx_hal_rcc.o"
#        "C:\Users\sebastian.cioata\Documents\Internship
#        2021\Projects\Project26_RF_COD_BOLAJ\EWARM\Project26_RF_COD_BOLAJ\Obj\Drivers\STM32F7xx_HAL_Driver\stm32f7xx_hal_rcc_ex.o"
#        "C:\Users\sebastian.cioata\Documents\Internship
#        2021\Projects\Project26_RF_COD_BOLAJ\EWARM\Project26_RF_COD_BOLAJ\Obj\Drivers\STM32F7xx_HAL_Driver\stm32f7xx_hal_tim.o"
#        "C:\Users\sebastian.cioata\Documents\Internship
#        2021\Projects\Project26_RF_COD_BOLAJ\EWARM\Project26_RF_COD_BOLAJ\Obj\Drivers\STM32F7xx_HAL_Driver\stm32f7xx_hal_tim_ex.o"
#        "C:\Users\sebastian.cioata\Documents\Internship
#        2021\Projects\Project26_RF_COD_BOLAJ\EWARM\Project26_RF_COD_BOLAJ\Obj\Application\User\stm32f7xx_it.o"
#        "C:\Users\sebastian.cioata\Documents\Internship
#        2021\Projects\Project26_RF_COD_BOLAJ\EWARM\Project26_RF_COD_BOLAJ\Obj\Drivers\STM32F7xx_HAL_Driver\stm32xxxx_rf.o"
#        "C:\Users\sebastian.cioata\Documents\Internship
#        2021\Projects\Project26_RF_COD_BOLAJ\EWARM\Project26_RF_COD_BOLAJ\Obj\Drivers\CMSIS\system_stm32f7xx.o"
#        --redirect _Printf=_PrintfFull --redirect _Scanf=_ScanfFull
#        --no_out_extension -o "C:\Users\sebastian.cioata\Documents\Internship
#        2021\Projects\Project26_RF_COD_BOLAJ\EWARM\Project26_RF_COD_BOLAJ\Exe\Project26_RF_COD_BOLAJ.out"
#        --map "C:\Users\sebastian.cioata\Documents\Internship
#        2021\Projects\Project26_RF_COD_BOLAJ\EWARM\Project26_RF_COD_BOLAJ\List\Project26_RF_COD_BOLAJ.map"
#        --config "C:\Users\sebastian.cioata\Documents\Internship
#        2021\Projects\Project26_RF_COD_BOLAJ\EWARM/stm32f767xx_flash.icf"
#        --semihosting --entry __iar_program_start --vfe --text_out locale)
#
###############################################################################

*******************************************************************************
*** RUNTIME MODEL ATTRIBUTES
***

CppFlavor       = *
__SystemLibrary = DLib
__dlib_version  = 6


*******************************************************************************
*** HEAP SELECTION
***

The basic heap was selected because some modules are built with
size limitations (and not runtime checking), and --advanced_heap
was not specified.


*******************************************************************************
*** PLACEMENT SUMMARY
***

"A0":  place at address 0x800'0000 { ro section .intvec };
"P1":  place in [from 0x800'0000 to 0x81f'ffff] { ro };
define block CSTACK with size = 1K, alignment = 8 { };
define block HEAP with size = 512, alignment = 8 { };
"P2":  place in [from 0x2000'0000 to 0x2007'ffff] {
          rw, block CSTACK, block HEAP };
initialize by copy { rw };

  Section            Kind         Address   Size  Object
  -------            ----         -------   ----  ------
"A0":                                      0x1f8
  .intvec            ro code   0x800'0000  0x1f8  startup_stm32f767xx.o [1]
                             - 0x800'01f8  0x1f8

"P1":                                      0xe83
  .text              ro code   0x800'01f8  0x464  stm32f7xx_hal_rcc.o [4]
  .text              ro code   0x800'065c    0xc  stm32f7xx_hal.o [4]
  .text              ro code   0x800'0668   0x40  stm32f7xx_hal.o [4]
  .text              ro code   0x800'06a8  0x106  I64DivMod_small.o [7]
  .text              ro code   0x800'07ae   0x3a  packbits_init_single.o [7]
  .text              ro code   0x800'07e8   0xac  stm32f7xx_hal_cortex.o [4]
  .text              ro code   0x800'0894    0x2  I64DivZer.o [7]
  .text              ro code   0x800'0898  0x20c  stm32f7xx_hal_gpio.o [4]
  .text              ro code   0x800'0aa4  0x13a  main.o [2]
  .text              ro code   0x800'0be0   0x16  stm32f7xx_hal.o [4]
  .text              ro code   0x800'0bf8   0xb0  stm32xxxx_rf.o [4]
  .text              ro code   0x800'0ca8   0x14  memset.o [7]
  .text              ro code   0x800'0cbc   0x30  stm32f7xx_hal_msp.o [2]
  .text              ro code   0x800'0cec   0x66  ABImemset.o [7]
  .text              ro code   0x800'0d54   0x60  system_stm32f7xx.o [3]
  .text              ro code   0x800'0db4   0x28  data_init.o [7]
  .text              ro code   0x800'0ddc   0x22  fpinit_M.o [6]
  .iar.init_table    const     0x800'0e00   0x10  - Linker created -
  .text              ro code   0x800'0e10   0x1e  cmain.o [7]
  .text              ro code   0x800'0e2e    0x4  low_level_init.o [5]
  .text              ro code   0x800'0e32    0x4  exit.o [5]
  .text              ro code   0x800'0e38    0xa  cexit.o [7]
  .text              ro code   0x800'0e44   0x14  exit.o [8]
  .text              ro code   0x800'0e58   0x1c  cstartup_M.o [7]
  .text              ro code   0x800'0e74   0x14  stm32f7xx_it.o [2]
  .text              ro code   0x800'0e88   0x10  stm32f7xx_hal.o [4]
  .text              ro code   0x800'0e98   0x10  startup_stm32f767xx.o [1]
  .text              ro code   0x800'0ea8    0x4  startup_stm32f767xx.o [1]
  .text              ro code   0x800'0eac    0x4  startup_stm32f767xx.o [1]
  .text              ro code   0x800'0eb0    0x4  startup_stm32f767xx.o [1]
  .text              ro code   0x800'0eb4    0x4  startup_stm32f767xx.o [1]
  .text              ro code   0x800'0eb8    0x4  startup_stm32f767xx.o [1]
  .text              ro code   0x800'0ebc    0x4  startup_stm32f767xx.o [1]
  .text              ro code   0x800'0ec0    0x4  startup_stm32f767xx.o [1]
  .text              ro code   0x800'0ec4    0x4  startup_stm32f767xx.o [1]
  .text              ro code   0x800'0ec8    0x4  startup_stm32f767xx.o [1]
  .text              ro code   0x800'0ecc    0x4  startup_stm32f767xx.o [1]
  .text              ro code   0x800'0ed0    0x4  startup_stm32f767xx.o [1]
  .text              ro code   0x800'0ed4    0x4  startup_stm32f767xx.o [1]
  .text              ro code   0x800'0ed8    0x4  startup_stm32f767xx.o [1]
  .text              ro code   0x800'0edc    0x4  startup_stm32f767xx.o [1]
  .text              ro code   0x800'0ee0    0x4  startup_stm32f767xx.o [1]
  .text              ro code   0x800'0ee4    0x4  startup_stm32f767xx.o [1]
  .text              ro code   0x800'0ee8    0x4  startup_stm32f767xx.o [1]
  .text              ro code   0x800'0eec    0x4  startup_stm32f767xx.o [1]
  .text              ro code   0x800'0ef0    0x4  startup_stm32f767xx.o [1]
  .text              ro code   0x800'0ef4    0x4  startup_stm32f767xx.o [1]
  .text              ro code   0x800'0ef8    0x4  startup_stm32f767xx.o [1]
  .text              ro code   0x800'0efc    0x4  startup_stm32f767xx.o [1]
  .text              ro code   0x800'0f00    0x4  startup_stm32f767xx.o [1]
  .text              ro code   0x800'0f04    0x4  startup_stm32f767xx.o [1]
  .text              ro code   0x800'0f08    0x4  startup_stm32f767xx.o [1]
  .text              ro code   0x800'0f0c    0x4  startup_stm32f767xx.o [1]
  .text              ro code   0x800'0f10    0x4  startup_stm32f767xx.o [1]
  .text              ro code   0x800'0f14    0x4  startup_stm32f767xx.o [1]
  .text              ro code   0x800'0f18    0x4  startup_stm32f767xx.o [1]
  .text              ro code   0x800'0f1c    0x4  startup_stm32f767xx.o [1]
  .text              ro code   0x800'0f20    0x4  startup_stm32f767xx.o [1]
  .text              ro code   0x800'0f24    0x4  startup_stm32f767xx.o [1]
  .text              ro code   0x800'0f28    0x4  startup_stm32f767xx.o [1]
  .text              ro code   0x800'0f2c    0x4  startup_stm32f767xx.o [1]
  .text              ro code   0x800'0f30    0x4  startup_stm32f767xx.o [1]
  .text              ro code   0x800'0f34    0x4  startup_stm32f767xx.o [1]
  .text              ro code   0x800'0f38    0x4  startup_stm32f767xx.o [1]
  .text              ro code   0x800'0f3c    0x4  startup_stm32f767xx.o [1]
  .text              ro code   0x800'0f40    0x4  startup_stm32f767xx.o [1]
  .text              ro code   0x800'0f44    0x4  startup_stm32f767xx.o [1]
  .text              ro code   0x800'0f48    0x4  startup_stm32f767xx.o [1]
  .text              ro code   0x800'0f4c    0x4  startup_stm32f767xx.o [1]
  .text              ro code   0x800'0f50    0x4  startup_stm32f767xx.o [1]
  .text              ro code   0x800'0f54    0x4  startup_stm32f767xx.o [1]
  .text              ro code   0x800'0f58    0x4  startup_stm32f767xx.o [1]
  .text              ro code   0x800'0f5c    0x4  startup_stm32f767xx.o [1]
  .text              ro code   0x800'0f60    0x4  startup_stm32f767xx.o [1]
  .text              ro code   0x800'0f64    0x4  startup_stm32f767xx.o [1]
  .text              ro code   0x800'0f68    0x4  startup_stm32f767xx.o [1]
  .text              ro code   0x800'0f6c    0x4  startup_stm32f767xx.o [1]
  .text              ro code   0x800'0f70    0x4  startup_stm32f767xx.o [1]
  .text              ro code   0x800'0f74    0x4  startup_stm32f767xx.o [1]
  .text              ro code   0x800'0f78    0x4  startup_stm32f767xx.o [1]
  .text              ro code   0x800'0f7c    0x4  startup_stm32f767xx.o [1]
  .text              ro code   0x800'0f80    0x4  startup_stm32f767xx.o [1]
  .text              ro code   0x800'0f84    0x4  startup_stm32f767xx.o [1]
  .text              ro code   0x800'0f88    0x4  startup_stm32f767xx.o [1]
  .text              ro code   0x800'0f8c    0x4  startup_stm32f767xx.o [1]
  .text              ro code   0x800'0f90    0x4  startup_stm32f767xx.o [1]
  .text              ro code   0x800'0f94    0x4  startup_stm32f767xx.o [1]
  .text              ro code   0x800'0f98    0x4  startup_stm32f767xx.o [1]
  .text              ro code   0x800'0f9c    0x4  startup_stm32f767xx.o [1]
  .text              ro code   0x800'0fa0    0x4  startup_stm32f767xx.o [1]
  .text              ro code   0x800'0fa4    0x4  startup_stm32f767xx.o [1]
  .text              ro code   0x800'0fa8    0x4  startup_stm32f767xx.o [1]
  .text              ro code   0x800'0fac    0x4  startup_stm32f767xx.o [1]
  .text              ro code   0x800'0fb0    0x4  startup_stm32f767xx.o [1]
  .text              ro code   0x800'0fb4    0x4  startup_stm32f767xx.o [1]
  .text              ro code   0x800'0fb8    0x4  startup_stm32f767xx.o [1]
  .text              ro code   0x800'0fbc    0x4  startup_stm32f767xx.o [1]
  .text              ro code   0x800'0fc0    0x4  startup_stm32f767xx.o [1]
  .text              ro code   0x800'0fc4    0x4  startup_stm32f767xx.o [1]
  .text              ro code   0x800'0fc8    0x4  startup_stm32f767xx.o [1]
  .text              ro code   0x800'0fcc    0x4  startup_stm32f767xx.o [1]
  .text              ro code   0x800'0fd0    0x4  startup_stm32f767xx.o [1]
  .text              ro code   0x800'0fd4    0x4  startup_stm32f767xx.o [1]
  .text              ro code   0x800'0fd8    0x4  startup_stm32f767xx.o [1]
  .text              ro code   0x800'0fdc    0x4  startup_stm32f767xx.o [1]
  .text              ro code   0x800'0fe0    0x4  startup_stm32f767xx.o [1]
  .text              ro code   0x800'0fe4    0x4  startup_stm32f767xx.o [1]
  .text              ro code   0x800'0fe8    0x4  startup_stm32f767xx.o [1]
  .text              ro code   0x800'0fec    0x4  startup_stm32f767xx.o [1]
  .text              ro code   0x800'0ff0    0x4  startup_stm32f767xx.o [1]
  .text              ro code   0x800'0ff4    0x4  startup_stm32f767xx.o [1]
  .text              ro code   0x800'0ff8    0x4  startup_stm32f767xx.o [1]
  .text              ro code   0x800'0ffc    0x4  startup_stm32f767xx.o [1]
  .text              ro code   0x800'1000    0x4  startup_stm32f767xx.o [1]
  .text              ro code   0x800'1004    0x4  startup_stm32f767xx.o [1]
  .text              ro code   0x800'1008    0x4  startup_stm32f767xx.o [1]
  .text              ro code   0x800'100c    0x4  startup_stm32f767xx.o [1]
  .text              ro code   0x800'1010    0x4  startup_stm32f767xx.o [1]
  .text              ro code   0x800'1014    0x4  startup_stm32f767xx.o [1]
  .text              ro code   0x800'1018    0x4  startup_stm32f767xx.o [1]
  .text              ro code   0x800'101c    0x4  startup_stm32f767xx.o [1]
  .text              ro code   0x800'1020    0x4  startup_stm32f767xx.o [1]
  .text              ro code   0x800'1024    0x4  startup_stm32f767xx.o [1]
  .text              ro code   0x800'1028    0x4  startup_stm32f767xx.o [1]
  .text              ro code   0x800'102c    0x4  startup_stm32f767xx.o [1]
  .text              ro code   0x800'1030    0x4  startup_stm32f767xx.o [1]
  .text              ro code   0x800'1034    0x4  startup_stm32f767xx.o [1]
  .text              ro code   0x800'1038    0x4  startup_stm32f767xx.o [1]
  .text              ro code   0x800'103c    0x4  startup_stm32f767xx.o [1]
  .text              ro code   0x800'1040    0x4  startup_stm32f767xx.o [1]
  .text              ro code   0x800'1044    0x4  startup_stm32f767xx.o [1]
  .text              ro code   0x800'1048    0x4  startup_stm32f767xx.o [1]
  .text              ro code   0x800'104c    0x4  startup_stm32f767xx.o [1]
  .text              ro code   0x800'1050    0x4  startup_stm32f767xx.o [1]
  .text              ro code   0x800'1054    0x4  startup_stm32f767xx.o [1]
  .rodata            const     0x800'1058    0x0  packbits_init_single.o [7]
  Initializer bytes  const     0x800'1058   0x23  <for P2-1>
                             - 0x800'107b  0xe83

"P2", part 1 of 2:                          0x64
  P2-1                        0x2000'0000   0x64  <Init block>
    .data            inited   0x2000'0000   0x50  main.o [2]
    .data            inited   0x2000'0050    0xc  stm32f7xx_hal.o [4]
    .data            inited   0x2000'005c    0x4  system_stm32f7xx.o [3]
    .bss             inited   0x2000'0060    0x4  stm32xxxx_rf.o [4]
                            - 0x2000'0064   0x64

"P2", part 2 of 2:                         0x400
  CSTACK                      0x2000'0068  0x400  <Block>
    CSTACK           uninit   0x2000'0068  0x400  <Block tail>
                            - 0x2000'0468  0x400

Unused ranges:

         From           To       Size
         ----           --       ----
   0x800'107b   0x81f'ffff  0x1f'ef85
  0x2000'0064  0x2000'0067        0x4
  0x2000'0468  0x2007'ffff   0x7'fb98


*******************************************************************************
*** INIT TABLE
***

          Address      Size
          -------      ----
Copy/packbits (__iar_packbits_init_single3)
    1 source range, total size 0x23 (35% of destination):
           0x800'1058  0x23
    1 destination range, total size 0x64:
          0x2000'0000  0x64



*******************************************************************************
*** MODULE SUMMARY
***

    Module                  ro code  ro data  rw data
    ------                  -------  -------  -------
command line/config:
    -------------------------------------------------
    Total:

C:\Users\sebastian.cioata\Documents\Internship 2021\Projects\Project26_RF_COD_BOLAJ\EWARM\Project26_RF_COD_BOLAJ\Obj\Application\EWARM: [1]
    startup_stm32f767xx.o       952
    -------------------------------------------------
    Total:                      952

C:\Users\sebastian.cioata\Documents\Internship 2021\Projects\Project26_RF_COD_BOLAJ\EWARM\Project26_RF_COD_BOLAJ\Obj\Application\User: [2]
    main.o                      314       28       80
    stm32f7xx_hal_msp.o          48
    stm32f7xx_it.o               20
    -------------------------------------------------
    Total:                      382       28       80

C:\Users\sebastian.cioata\Documents\Internship 2021\Projects\Project26_RF_COD_BOLAJ\EWARM\Project26_RF_COD_BOLAJ\Obj\Drivers\CMSIS: [3]
    system_stm32f7xx.o           96        1        4
    -------------------------------------------------
    Total:                       96        1        4

C:\Users\sebastian.cioata\Documents\Internship 2021\Projects\Project26_RF_COD_BOLAJ\EWARM\Project26_RF_COD_BOLAJ\Obj\Drivers\STM32F7xx_HAL_Driver: [4]
    stm32f7xx_hal.o             114        4       12
    stm32f7xx_hal_cortex.o      172
    stm32f7xx_hal_gpio.o        524
    stm32f7xx_hal_rcc.o       1'124
    stm32xxxx_rf.o              176        2        4
    -------------------------------------------------
    Total:                    2'110        6       16

dl7M_tlf.a: [5]
    exit.o                        4
    low_level_init.o              4
    -------------------------------------------------
    Total:                        8

m7M_tlv.a: [6]
    fpinit_M.o                   34
    -------------------------------------------------
    Total:                       34

rt7M_tl.a: [7]
    ABImemset.o                 102
    I64DivMod_small.o           262
    I64DivZer.o                   2
    cexit.o                      10
    cmain.o                      30
    cstartup_M.o                 28
    data_init.o                  40
    memset.o                     20
    packbits_init_single.o       58
    -------------------------------------------------
    Total:                      552

shb_l.a: [8]
    exit.o                       20
    -------------------------------------------------
    Total:                       20

    Gaps                         12        2
    Linker created                        16    1'024
-----------------------------------------------------
    Grand Total:              4'166       53    1'124


*******************************************************************************
*** ENTRY LIST
***

Entry                       Address   Size  Type      Object
-----                       -------   ----  ----      ------
.iar.init_table$$Base    0x800'0e00          --   Gb  - Linker created -
.iar.init_table$$Limit   0x800'0e10          --   Gb  - Linker created -
?main                    0x800'0e11         Code  Gb  cmain.o [7]
AHBPrescTable            0x800'0da4   0x10  Data  Gb  system_stm32f7xx.o [3]
BusFault_Handler         0x800'0e7b    0x2  Code  Gb  stm32f7xx_it.o [2]
CSTACK$$Base            0x2000'0068          --   Gb  - Linker created -
CSTACK$$Limit           0x2000'0468          --   Gb  - Linker created -
DebugMon_Handler         0x800'0e81    0x2  Code  Gb  stm32f7xx_it.o [2]
HAL_GPIO_Init            0x800'0899  0x1c4  Code  Gb  stm32f7xx_hal_gpio.o [4]
HAL_GPIO_ReadPin         0x800'0a5d    0xc  Code  Gb  stm32f7xx_hal_gpio.o [4]
HAL_GPIO_WritePin        0x800'0a69    0x8  Code  Gb  stm32f7xx_hal_gpio.o [4]
HAL_GetTick              0x800'065d    0xc  Code  Gb  stm32f7xx_hal.o [4]
HAL_IncTick              0x800'0e89   0x10  Code  Gb  stm32f7xx_hal.o [4]
HAL_Init                 0x800'0be1   0x16  Code  Gb  stm32f7xx_hal.o [4]
HAL_InitTick             0x800'0669   0x40  Code  Gb  stm32f7xx_hal.o [4]
HAL_MspInit              0x800'0cbd   0x30  Code  Gb  stm32f7xx_hal_msp.o [2]
HAL_NVIC_SetPriority     0x800'081d   0x3a  Code  Gb  stm32f7xx_hal_cortex.o [4]
HAL_NVIC_SetPriorityGrouping
                         0x800'0803   0x1a  Code  Gb  stm32f7xx_hal_cortex.o [4]
HAL_RCC_ClockConfig      0x800'04e9   0xf6  Code  Gb  stm32f7xx_hal_rcc.o [4]
HAL_RCC_GetSysClockFreq
                         0x800'05f9   0x4a  Code  Gb  stm32f7xx_hal_rcc.o [4]
HAL_RCC_OscConfig        0x800'01f9  0x2f0  Code  Gb  stm32f7xx_hal_rcc.o [4]
HAL_SYSTICK_Config       0x800'0857   0x28  Code  Gb  stm32f7xx_hal_cortex.o [4]
HardFault_Handler        0x800'0e77    0x2  Code  Gb  stm32f7xx_it.o [2]
MemManage_Handler        0x800'0e79    0x2  Code  Gb  stm32f7xx_it.o [2]
NMI_Handler              0x800'0e75    0x2  Code  Gb  stm32f7xx_it.o [2]
PendSV_Handler           0x800'0e83    0x2  Code  Gb  stm32f7xx_it.o [2]
RF_Receive               0x800'0c77   0x2a  Code  Gb  stm32xxxx_rf.o [4]
RF_SetBit                0x800'0bf9   0x34  Code  Gb  stm32xxxx_rf.o [4]
RF_Transmit              0x800'0c2d   0x4a  Code  Gb  stm32xxxx_rf.o [4]
Region$$Table$$Base      0x800'0e00          --   Gb  - Linker created -
Region$$Table$$Limit     0x800'0e10          --   Gb  - Linker created -
RxM                     0x2000'003c   0x14  Data  Gb  main.o [2]
SVC_Handler              0x800'0e7f    0x2  Code  Gb  stm32f7xx_it.o [2]
SysTick_Handler          0x800'0e85    0x4  Code  Gb  stm32f7xx_it.o [2]
SystemClock_Config       0x800'0b53   0x6e  Code  Gb  main.o [2]
SystemCoreClock         0x2000'005c    0x4  Data  Gb  system_stm32f7xx.o [3]
SystemInit               0x800'0d55   0x3e  Code  Gb  system_stm32f7xx.o [3]
TxM                     0x2000'0008   0x14  Data  Gb  main.o [2]
UsageFault_Handler       0x800'0e7d    0x2  Code  Gb  stm32f7xx_it.o [2]
__NVIC_SetPriority       0x800'07e9   0x1a  Code  Lc  stm32f7xx_hal_cortex.o [4]
__aeabi_ldiv0            0x800'0895         Code  Gb  I64DivZer.o [7]
__aeabi_memset           0x800'0ced         Code  Gb  ABImemset.o [7]
__cmain                  0x800'0e11         Code  Gb  cmain.o [7]
__exit                   0x800'0e45   0x14  Code  Gb  exit.o [8]
__iar_Memset             0x800'0ced         Code  Gb  ABImemset.o [7]
__iar_Memset_word        0x800'0cf5         Code  Gb  ABImemset.o [7]
__iar_data_init3         0x800'0db5   0x28  Code  Gb  data_init.o [7]
__iar_init_vfp           0x800'0ddd         Code  Gb  fpinit_M.o [6]
__iar_packbits_init_single3
                         0x800'07af   0x3a  Code  Gb  packbits_init_single.o [7]
__iar_program_start      0x800'0e59         Code  Gb  cstartup_M.o [7]
__iar_small_uldivmod     0x800'06a9         Code  Gb  I64DivMod_small.o [7]
__low_level_init         0x800'0e2f    0x4  Code  Gb  low_level_init.o [5]
__vector_table           0x800'0000         Data  Gb  startup_stm32f767xx.o [1]
_call_main               0x800'0e1d         Code  Gb  cmain.o [7]
_exit                    0x800'0e39         Code  Gb  cexit.o [7]
exit                     0x800'0e33    0x4  Code  Gb  exit.o [5]
main                     0x800'0aa5   0xae  Code  Gb  main.o [2]
memset                   0x800'0ca9   0x14  Code  Gb  memset.o [7]
msg                     0x2000'001c   0x20  Data  Gb  main.o [2]
rf                      0x2000'0000    0x8  Data  Gb  main.o [2]
tick_start              0x2000'0060    0x4  Data  Gb  stm32xxxx_rf.o [4]
uwTick                  0x2000'0054    0x4  Data  Gb  stm32f7xx_hal.o [4]
uwTickFreq              0x2000'0050    0x1  Data  Gb  stm32f7xx_hal.o [4]
uwTickPrio              0x2000'0058    0x4  Data  Gb  stm32f7xx_hal.o [4]


[1] = C:\Users\sebastian.cioata\Documents\Internship 2021\Projects\Project26_RF_COD_BOLAJ\EWARM\Project26_RF_COD_BOLAJ\Obj\Application\EWARM
[2] = C:\Users\sebastian.cioata\Documents\Internship 2021\Projects\Project26_RF_COD_BOLAJ\EWARM\Project26_RF_COD_BOLAJ\Obj\Application\User
[3] = C:\Users\sebastian.cioata\Documents\Internship 2021\Projects\Project26_RF_COD_BOLAJ\EWARM\Project26_RF_COD_BOLAJ\Obj\Drivers\CMSIS
[4] = C:\Users\sebastian.cioata\Documents\Internship 2021\Projects\Project26_RF_COD_BOLAJ\EWARM\Project26_RF_COD_BOLAJ\Obj\Drivers\STM32F7xx_HAL_Driver
[5] = dl7M_tlf.a
[6] = m7M_tlv.a
[7] = rt7M_tl.a
[8] = shb_l.a

  4'166 bytes of readonly  code memory
     53 bytes of readonly  data memory
  1'124 bytes of readwrite data memory

Errors: none
Warnings: none
